<html>
<body>
<pre>
<h1>礦ision Build Log</h1>
<h2>Tool Versions:</h2>
IDE-Version: μVision V5.35.0.0
Copyright (C) 2021 ARM Ltd and ARM Germany GmbH. All rights reserved.
License Information: 11111 Administrator, 111, LIC=03C6R-KMJ63-SBLEJ-U1JF5-3VTYH-KB18G
 
Tool Versions:
Toolchain:       MDK-ARM Plus  Version: 5.35.0.2
Toolchain Path:  C:\Keil_v5\ARM\ARMCC\Bin
C Compiler:      Armcc.exe V5.06 update 7 (build 960)
Assembler:       Armasm.exe V5.06 update 7 (build 960)
Linker/Locator:  ArmLink.exe V5.06 update 7 (build 960)
Library Manager: ArmAr.exe V5.06 update 7 (build 960)
Hex Converter:   FromElf.exe V5.06 update 7 (build 960)
CPU DLL:         SARMCM3.DLL V5.35.0.2
Dialog DLL:      DCM.DLL V1.17.3.0
Target DLL:      STLink\ST-LINKIII-KEIL_SWO.dll V3.0.9.0
Dialog DLL:      TCM.DLL V1.53.0.0
 
<h2>Project:</h2>
\\yahboomrdc\产品资料\中文资料\官方资料\底盘套件资料\Mini智能底盘套件\5.底盘传感器驱动教程\STM32F103C8T6驱动\电机驱动\电机驱动代码\USER\AT8236.uvprojx
Project File Date:  04/18/2023

<h2>Output:</h2>
*** Using Compiler 'V5.06 update 7 (build 960)', folder: 'C:\Keil_v5\ARM\ARMCC\Bin'
Build target 'Tb6612demo'
assembling startup_stm32f10x_md.s...
compiling core_cm3.c...
compiling stm32f10x_it.c...
compiling system_stm32f10x.c...
compiling main.c...
compiling misc.c...
compiling stm32f10x_adc.c...
compiling stm32f10x_cec.c...
compiling stm32f10x_can.c...
compiling stm32f10x_bkp.c...
compiling stm32f10x_dac.c...
compiling stm32f10x_exti.c...
compiling stm32f10x_crc.c...
compiling stm32f10x_dma.c...
compiling stm32f10x_dbgmcu.c...
compiling stm32f10x_iwdg.c...
compiling stm32f10x_fsmc.c...
compiling stm32f10x_i2c.c...
compiling stm32f10x_flash.c...
compiling stm32f10x_gpio.c...
compiling stm32f10x_pwr.c...
compiling stm32f10x_rcc.c...
compiling stm32f10x_rtc.c...
compiling stm32f10x_spi.c...
compiling stm32f10x_sdio.c...
compiling stm32f10x_usart.c...
compiling delay.c...
compiling stm32f10x_wwdg.c...
compiling stm32f10x_tim.c...
compiling pwm.c...
compiling moto.c...
compiling sys.c...
compiling bsp.c...
compiling usart.c...
compiling encoder.c...
compiling adc.c...
compiling ultrasonic.c...
compiling servo.c...
..\HAREWER\SERVO\servo.c(19): warning:  #550-D: variable "GPIO_InitStructure"  was set but never used
  	GPIO_InitTypeDef GPIO_InitStructure;
..\HAREWER\SERVO\servo.c: 1 warning, 0 errors
compiling linewalking.c...
compiling three_linewalking.c...
compiling ps2_control.c...
..\HAREWER\PS2_Control\ps2_control.c(170): warning:  #223-D: function "printf" declared implicitly
  		case PSB_SELECT: 	printf("PSB_SELECT \n");  break;
..\HAREWER\PS2_Control\ps2_control.c(162): warning:  #550-D: variable "X2"  was set but never used
  	u8 PS2_KEY = 0, X1=0,Y1=0,X2=0,Y2=0;
..\HAREWER\PS2_Control\ps2_control.c(162): warning:  #550-D: variable "Y2"  was set but never used
  	u8 PS2_KEY = 0, X1=0,Y1=0,X2=0,Y2=0;
..\HAREWER\PS2_Control\ps2_control.c: 3 warnings, 0 errors
compiling iravoid.c...
linking...
Program Size: Code=5756 RO-data=268 RW-data=64 ZI-data=1832  
FromELF: creating hex file...
"..\OBJ\Minibalance.axf" - 0 Error(s), 4 Warning(s).

<h2>Software Packages used:</h2>

Package Vendor: Keil
                http://www.keil.com/pack/Keil.STM32F1xx_DFP.2.4.0.pack
                Keil.STM32F1xx_DFP.2.4.0
                STMicroelectronics STM32F1 Series Device Support, Drivers and Examples

<h2>Collection of Component include folders:</h2>
  C:\Users\Administrator\AppData\Local\Arm\Packs\Keil\STM32F1xx_DFP\2.4.0\Device\Include

<h2>Collection of Component Files used:</h2>
Build Time Elapsed:  00:00:14
</pre>
</body>
</html>
