Component: ARM Compiler 6.16 Tool: armlink [5dfeaa00]

==============================================================================

Section Cross References

    startup_stm32f103xb.o(RESET) refers to startup_stm32f103xb.o(STACK) for __initial_sp
    startup_stm32f103xb.o(RESET) refers to startup_stm32f103xb.o(.text) for Reset_Handler
    startup_stm32f103xb.o(RESET) refers to stm32f1xx_it.o(.text.NMI_Handler) for NMI_Handler
    startup_stm32f103xb.o(RESET) refers to stm32f1xx_it.o(.text.HardFault_Handler) for HardFault_Handler
    startup_stm32f103xb.o(RESET) refers to stm32f1xx_it.o(.text.MemManage_Handler) for MemManage_Handler
    startup_stm32f103xb.o(RESET) refers to stm32f1xx_it.o(.text.BusFault_Handler) for BusFault_Handler
    startup_stm32f103xb.o(RESET) refers to stm32f1xx_it.o(.text.UsageFault_Handler) for UsageFault_Handler
    startup_stm32f103xb.o(RESET) refers to stm32f1xx_it.o(.text.SVC_Handler) for SVC_Handler
    startup_stm32f103xb.o(RESET) refers to stm32f1xx_it.o(.text.DebugMon_Handler) for DebugMon_Handler
    startup_stm32f103xb.o(RESET) refers to stm32f1xx_it.o(.text.PendSV_Handler) for PendSV_Handler
    startup_stm32f103xb.o(RESET) refers to stm32f1xx_it.o(.text.SysTick_Handler) for SysTick_Handler
    startup_stm32f103xb.o(RESET) refers to stm32f1xx_it.o(.text.DMA1_Channel1_IRQHandler) for DMA1_Channel1_IRQHandler
    startup_stm32f103xb.o(RESET) refers to stm32f1xx_it.o(.text.DMA1_Channel3_IRQHandler) for DMA1_Channel3_IRQHandler
    startup_stm32f103xb.o(RESET) refers to stm32f1xx_it.o(.text.DMA1_Channel5_IRQHandler) for DMA1_Channel5_IRQHandler
    startup_stm32f103xb.o(RESET) refers to stm32f1xx_it.o(.text.DMA1_Channel7_IRQHandler) for DMA1_Channel7_IRQHandler
    startup_stm32f103xb.o(RESET) refers to stm32f1xx_it.o(.text.TIM3_IRQHandler) for TIM3_IRQHandler
    startup_stm32f103xb.o(RESET) refers to stm32f1xx_it.o(.text.I2C1_EV_IRQHandler) for I2C1_EV_IRQHandler
    startup_stm32f103xb.o(RESET) refers to stm32f1xx_it.o(.text.USART1_IRQHandler) for USART1_IRQHandler
    startup_stm32f103xb.o(RESET) refers to stm32f1xx_it.o(.text.USART2_IRQHandler) for USART2_IRQHandler
    startup_stm32f103xb.o(RESET) refers to stm32f1xx_it.o(.text.USART3_IRQHandler) for USART3_IRQHandler
    startup_stm32f103xb.o(.text) refers to system_stm32f1xx.o(.text.SystemInit) for SystemInit
    startup_stm32f103xb.o(.text) refers to entry.o(.ARM.Collect$$$$00000000) for __main
    main.o(.text.fputc) refers to usart.o(.bss.huart1) for huart1
    main.o(.text.fputc) refers to stm32f1xx_hal_uart.o(.text.HAL_UART_Transmit) for HAL_UART_Transmit
    main.o(.ARM.exidx.text.fputc) refers to main.o(.text.fputc) for [Anonymous Symbol]
    main.o(.text.main) refers to stm32f1xx_hal.o(.text.HAL_Init) for HAL_Init
    main.o(.text.main) refers to main.o(.text.SystemClock_Config) for SystemClock_Config
    main.o(.text.main) refers to gpio.o(.text.MX_GPIO_Init) for MX_GPIO_Init
    main.o(.text.main) refers to dma.o(.text.MX_DMA_Init) for MX_DMA_Init
    main.o(.text.main) refers to tim.o(.text.MX_TIM3_Init) for MX_TIM3_Init
    main.o(.text.main) refers to usart.o(.text.MX_USART3_UART_Init) for MX_USART3_UART_Init
    main.o(.text.main) refers to spi.o(.text.MX_SPI1_Init) for MX_SPI1_Init
    main.o(.text.main) refers to usart.o(.text.MX_USART1_UART_Init) for MX_USART1_UART_Init
    main.o(.text.main) refers to adc.o(.text.MX_ADC1_Init) for MX_ADC1_Init
    main.o(.text.main) refers to i2c.o(.text.MX_I2C1_Init) for MX_I2C1_Init
    main.o(.text.main) refers to tim.o(.text.MX_TIM4_Init) for MX_TIM4_Init
    main.o(.text.main) refers to usart.o(.text.MX_USART2_UART_Init) for MX_USART2_UART_Init
    main.o(.text.main) refers to main.o(.text.MX_NVIC_Init) for MX_NVIC_Init
    main.o(.text.main) refers to led_porting.o(.text.led_init) for led_init
    main.o(.text.main) refers to linefollow.o(.text.LineFollowIIC_init) for LineFollowIIC_init
    main.o(.text.main) refers to main.o(.bss.LineFollowLearn) for LineFollowLearn
    main.o(.text.main) refers to main.o(.rodata.str1.1) for .L.str
    main.o(.text.main) refers to linefollow.o(.text.LineFollowIIC_State) for LineFollowIIC_State
    main.o(.text.main) refers to printf1.o(i.__0printf$1) for __2printf
    main.o(.text.main) refers to linefollow.o(.text.LineFollowIIC_Analog) for LineFollowIIC_Analog
    main.o(.text.main) refers to linefollow.o(.text.LineFollowIIC_Threshold) for LineFollowIIC_Threshold
    main.o(.text.main) refers to stm32f1xx_hal.o(.text.HAL_Delay) for HAL_Delay
    main.o(.ARM.exidx.text.main) refers to main.o(.text.main) for [Anonymous Symbol]
    main.o(.text.SystemClock_Config) refers to memseta.o(.text) for __aeabi_memclr4
    main.o(.text.SystemClock_Config) refers to stm32f1xx_hal_rcc.o(.text.HAL_RCC_OscConfig) for HAL_RCC_OscConfig
    main.o(.text.SystemClock_Config) refers to stm32f1xx_hal_rcc.o(.text.HAL_RCC_ClockConfig) for HAL_RCC_ClockConfig
[...]
    [Anonymous Symbol]                       0x08001b44   Section        0  stm32f1xx_hal_rcc.o(.text.HAL_RCC_GetSysClockFreq)
    HAL_RCC_GetSysClockFreq.aPLLMULFactorTable 0x08001b9c   Number         0  stm32f1xx_hal_rcc.o(.text.HAL_RCC_GetSysClockFreq)
    HAL_RCC_GetSysClockFreq.aPredivFactorTable 0x08001bac   Number         0  stm32f1xx_hal_rcc.o(.text.HAL_RCC_GetSysClockFreq)
    [Anonymous Symbol]                       0x08001bb0   Section        0  stm32f1xx_hal_rcc.o(.text.HAL_RCC_OscConfig)
    [Anonymous Symbol]                       0x08001ebc   Section        0  stm32f1xx_hal_spi.o(.text.HAL_SPI_Init)
    [Anonymous Symbol]                       0x08001f68   Section        0  spi.o(.text.HAL_SPI_MspInit)
    [Anonymous Symbol]                       0x08001fe4   Section        0  stm32f1xx_hal_cortex.o(.text.HAL_SYSTICK_Config)
    [Anonymous Symbol]                       0x08001fec   Section        0  stm32f1xx_hal_tim_ex.o(.text.HAL_TIMEx_MasterConfigSynchronization)
    [Anonymous Symbol]                       0x08002064   Section        0  stm32f1xx_hal_tim.o(.text.HAL_TIM_Base_Init)
    [Anonymous Symbol]                       0x080020c0   Section        0  tim.o(.text.HAL_TIM_Base_MspInit)
    [Anonymous Symbol]                       0x08002104   Section        0  stm32f1xx_hal_tim.o(.text.HAL_TIM_ConfigClockSource)
    [Anonymous Symbol]                       0x080021e4   Section        0  tim.o(.text.HAL_TIM_MspPostInit)
    [Anonymous Symbol]                       0x0800223c   Section        0  stm32f1xx_hal_tim.o(.text.HAL_TIM_OC_ConfigChannel)
    [Anonymous Symbol]                       0x0800228c   Section        0  stm32f1xx_hal_tim.o(.text.HAL_TIM_OC_Init)
    [Anonymous Symbol]                       0x080022e8   Section        0  stm32f1xx_hal_tim.o(.text.HAL_TIM_OC_MspInit)
    [Anonymous Symbol]                       0x080022ec   Section        0  stm32f1xx_hal_tim.o(.text.HAL_TIM_PWM_ConfigChannel)
    [Anonymous Symbol]                       0x08002384   Section        0  stm32f1xx_hal_tim.o(.text.HAL_TIM_PWM_Init)
    [Anonymous Symbol]                       0x080023e0   Section        0  tim.o(.text.HAL_TIM_PWM_MspInit)
    [Anonymous Symbol]                       0x08002414   Section        0  stm32f1xx_hal_uart.o(.text.HAL_UARTEx_RxEventCallback)
    [Anonymous Symbol]                       0x08002418   Section        0  stm32f1xx_hal_uart.o(.text.HAL_UART_AbortCpltCallback)
    [Anonymous Symbol]                       0x0800241c   Section        0  stm32f1xx_hal_uart.o(.text.HAL_UART_AbortReceiveCpltCallback)
    [Anonymous Symbol]                       0x08002420   Section        0  stm32f1xx_hal_uart.o(.text.HAL_UART_AbortTransmitCpltCallback)
    [Anonymous Symbol]                       0x08002424   Section        0  stm32f1xx_hal_uart.o(.text.HAL_UART_ErrorCallback)
    [Anonymous Symbol]                       0x08002428   Section        0  stm32f1xx_hal_uart.o(.text.HAL_UART_IRQHandler)
    [Anonymous Symbol]                       0x08002668   Section        0  stm32f1xx_hal_uart.o(.text.HAL_UART_Init)
    [Anonymous Symbol]                       0x080026dc   Section        0  usart.o(.text.HAL_UART_MspInit)
    [Anonymous Symbol]                       0x080028a8   Section        0  stm32f1xx_hal_uart.o(.text.HAL_UART_RxCpltCallback)
    [Anonymous Symbol]                       0x080028ac   Section        0  stm32f1xx_hal_uart.o(.text.HAL_UART_RxHalfCpltCallback)
    [Anonymous Symbol]                       0x080028b0   Section        0  stm32f1xx_hal_uart.o(.text.HAL_UART_Transmit)
    [Anonymous Symbol]                       0x08002964   Section        0  stm32f1xx_hal_uart.o(.text.HAL_UART_TxCpltCallback)
    [Anonymous Symbol]                       0x08002968   Section        0  stm32f1xx_hal_uart.o(.text.HAL_UART_TxHalfCpltCallback)
    [Anonymous Symbol]                       0x0800296c   Section        0  stm32f1xx_it.o(.text.HardFault_Handler)
    [Anonymous Symbol]                       0x08002970   Section        0  stm32f1xx_it.o(.text.I2C1_EV_IRQHandler)
    I2C_ConvertOtherXferOptions              0x08002981   Thumb Code    30  stm32f1xx_hal_i2c.o(.text.I2C_ConvertOtherXferOptions)
    [Anonymous Symbol]                       0x08002980   Section        0  stm32f1xx_hal_i2c.o(.text.I2C_ConvertOtherXferOptions)
    I2C_DMAAbort                             0x080029a1   Thumb Code   224  stm32f1xx_hal_i2c.o(.text.I2C_DMAAbort)
    [Anonymous Symbol]                       0x080029a0   Section        0  stm32f1xx_hal_i2c.o(.text.I2C_DMAAbort)
    I2C_DMAError                             0x08002a81   Thumb Code    62  stm32f1xx_hal_i2c.o(.text.I2C_DMAError)
    [Anonymous Symbol]                       0x08002a80   Section        0  stm32f1xx_hal_i2c.o(.text.I2C_DMAError)
    I2C_DMAXferCplt                          0x08002ac1   Thumb Code   298  stm32f1xx_hal_i2c.o(.text.I2C_DMAXferCplt)
    [Anonymous Symbol]                       0x08002ac0   Section        0  stm32f1xx_hal_i2c.o(.text.I2C_DMAXferCplt)
    I2C_Flush_DR                             0x08002bed   Thumb Code    14  stm32f1xx_hal_i2c.o(.text.I2C_Flush_DR)
    [Anonymous Symbol]                       0x08002bec   Section        0  stm32f1xx_hal_i2c.o(.text.I2C_Flush_DR)
    I2C_ITError                              0x08002bfd   Thumb Code   336  stm32f1xx_hal_i2c.o(.text.I2C_ITError)
    [Anonymous Symbol]                       0x08002bfc   Section        0  stm32f1xx_hal_i2c.o(.text.I2C_ITError)
    I2C_IsAcknowledgeFailed                  0x08002d4d   Thumb Code    48  stm32f1xx_hal_i2c.o(.text.I2C_IsAcknowledgeFailed)
    [Anonymous Symbol]                       0x08002d4c   Section        0  stm32f1xx_hal_i2c.o(.text.I2C_IsAcknowledgeFailed)
    I2C_MasterReceive_BTF                    0x08002d7d   Thumb Code   248  stm32f1xx_hal_i2c.o(.text.I2C_MasterReceive_BTF)
    [Anonymous Symbol]                       0x08002d7c   Section        0  stm32f1xx_hal_i2c.o(.text.I2C_MasterReceive_BTF)
    I2C_MasterReceive_RXNE                   0x08002e75   Thumb Code   226  stm32f1xx_hal_i2c.o(.text.I2C_MasterReceive_RXNE)
    [Anonymous Symbol]                       0x08002e74   Section        0  stm32f1xx_hal_i2c.o(.text.I2C_MasterReceive_RXNE)
    I2C_MasterRequestWrite                   0x08002f59   Thumb Code   176  stm32f1xx_hal_i2c.o(.text.I2C_MasterRequestWrite)
    [Anonymous Symbol]                       0x08002f58   Section        0  stm32f1xx_hal_i2c.o(.text.I2C_MasterRequestWrite)
    I2C_MasterTransmit_BTF                   0x08003009   Thumb Code   136  stm32f1xx_hal_i2c.o(.text.I2C_MasterTransmit_BTF)
    [Anonymous Symbol]                       0x08003008   Section        0  stm32f1xx_hal_i2c.o(.text.I2C_MasterTransmit_BTF)
    I2C_MasterTransmit_TXE                   0x08003091   Thumb Code   184  stm32f1xx_hal_i2c.o(.text.I2C_MasterTransmit_TXE)
    [Anonymous Symbol]                       0x08003090   Section        0  stm32f1xx_hal_i2c.o(.text.I2C_MasterTransmit_TXE)
    I2C_Master_ADD10                         0x08003149   Thumb Code    38  stm32f1xx_hal_i2c.o(.text.I2C_Master_ADD10)
    [Anonymous Symbol]                       0x08003148   Section        0  stm32f1xx_hal_i2c.o(.text.I2C_Master_ADD10)
    I2C_Master_ADDR                          0x08003171   Thumb Code   468  stm32f1xx_hal_i2c.o(.text.I2C_Master_ADDR)
    [Anonymous Symbol]                       0x08003170   Section        0  stm32f1xx_hal_i2c.o(.text.I2C_Master_ADDR)
    I2C_Master_SB                            0x08003345   Thumb Code   136  stm32f1xx_hal_i2c.o(.text.I2C_Master_SB)
    [Anonymous Symbol]                       0x08003344   Section        0  stm32f1xx_hal_i2c.o(.text.I2C_Master_SB)
    I2C_MemoryTransmit_TXE_BTF               0x080033cd   Thumb Code   168  stm32f1xx_hal_i2c.o(.text.I2C_MemoryTransmit_TXE_BTF)
    [Anonymous Symbol]                       0x080033cc   Section        0  stm32f1xx_hal_i2c.o(.text.I2C_MemoryTransmit_TXE_BTF)
    I2C_SlaveReceive_BTF                     0x08003475   Thumb Code    30  stm32f1xx_hal_i2c.o(.text.I2C_SlaveReceive_BTF)
    [Anonymous Symbol]                       0x08003474   Section        0  stm32f1xx_hal_i2c.o(.text.I2C_SlaveReceive_BTF)
    I2C_SlaveReceive_RXNE                    0x08003495   Thumb Code    76  stm32f1xx_hal_i2c.o(.text.I2C_SlaveReceive_RXNE)
    [Anonymous Symbol]                       0x08003494   Section        0  stm32f1xx_hal_i2c.o(.text.I2C_SlaveReceive_RXNE)
    I2C_SlaveTransmit_BTF                    0x080034e1   Thumb Code    28  stm32f1xx_hal_i2c.o(.text.I2C_SlaveTransmit_BTF)
    [Anonymous Symbol]                       0x080034e0   Section        0  stm32f1xx_hal_i2c.o(.text.I2C_SlaveTransmit_BTF)
    I2C_SlaveTransmit_TXE                    0x080034fd   Thumb Code    72  stm32f1xx_hal_i2c.o(.text.I2C_SlaveTransmit_TXE)
    [Anonymous Symbol]                       0x080034fc   Section        0  stm32f1xx_hal_i2c.o(.text.I2C_SlaveTransmit_TXE)
    I2C_Slave_ADDR                           0x08003545   Thumb Code    84  stm32f1xx_hal_i2c.o(.text.I2C_Slave_ADDR)
    [Anonymous Symbol]                       0x08003544   Section        0  stm32f1xx_hal_i2c.o(.text.I2C_Slave_ADDR)
    I2C_Slave_STOPF                          0x08003599   Thumb Code   354  stm32f1xx_hal_i2c.o(.text.I2C_Slave_STOPF)
    [Anonymous Symbol]                       0x08003598   Section        0  stm32f1xx_hal_i2c.o(.text.I2C_Slave_STOPF)
    I2C_WaitOnBTFFlagUntilTimeout            0x080036fd   Thumb Code   106  stm32f1xx_hal_i2c.o(.text.I2C_WaitOnBTFFlagUntilTimeout)
    [Anonymous Symbol]                       0x080036fc   Section        0  stm32f1xx_hal_i2c.o(.text.I2C_WaitOnBTFFlagUntilTimeout)
    I2C_WaitOnFlagUntilTimeout               0x08003769   Thumb Code   148  stm32f1xx_hal_i2c.o(.text.I2C_WaitOnFlagUntilTimeout)
    [Anonymous Symbol]                       0x08003768   Section        0  stm32f1xx_hal_i2c.o(.text.I2C_WaitOnFlagUntilTimeout)
    I2C_WaitOnMasterAddressFlagUntilTimeout  0x080037fd   Thumb Code   150  stm32f1xx_hal_i2c.o(.text.I2C_WaitOnMasterAddressFlagUntilTimeout)
    [Anonymous Symbol]                       0x080037fc   Section        0  stm32f1xx_hal_i2c.o(.text.I2C_WaitOnMasterAddressFlagUntilTimeout)
    I2C_WaitOnSTOPRequestThroughIT           0x08003895   Thumb Code    78  stm32f1xx_hal_i2c.o(.text.I2C_WaitOnSTOPRequestThroughIT)
    [Anonymous Symbol]                       0x08003894   Section        0  stm32f1xx_hal_i2c.o(.text.I2C_WaitOnSTOPRequestThroughIT)
    I2C_WaitOnTXEFlagUntilTimeout            0x080038e5   Thumb Code   106  stm32f1xx_hal_i2c.o(.text.I2C_WaitOnTXEFlagUntilTimeout)
    [Anonymous Symbol]                       0x080038e4   Section        0  stm32f1xx_hal_i2c.o(.text.I2C_WaitOnTXEFlagUntilTimeout)
    [Anonymous Symbol]                       0x08003950   Section        0  linefollow.o(.text.LineFollowIIC_Analog)
    [Anonymous Symbol]                       0x0800399c   Section        0  linefollow.o(.text.LineFollowIIC_State)
    [Anonymous Symbol]                       0x080039e4   Section        0  linefollow.o(.text.LineFollowIIC_Threshold)
    [Anonymous Symbol]                       0x08003a30   Section        0  linefollow.o(.text.LineFollowIIC_init)
    LineFollow_checksum                      0x08003a5d   Thumb Code    38  stm32f1xx_it.o(.text.LineFollow_checksum)
    [Anonymous Symbol]                       0x08003a5c   Section        0  stm32f1xx_it.o(.text.LineFollow_checksum)
    LineFollow_rx_handler                    0x08003a85   Thumb Code   292  stm32f1xx_it.o(.text.LineFollow_rx_handler)
    [Anonymous Symbol]                       0x08003a84   Section        0  stm32f1xx_it.o(.text.LineFollow_rx_handler)
    [Anonymous Symbol]                       0x08003ba8   Section        0  adc.o(.text.MX_ADC1_Init)
    [Anonymous Symbol]                       0x08003c58   Section        0  dma.o(.text.MX_DMA_Init)
    [Anonymous Symbol]                       0x08003cac   Section        0  gpio.o(.text.MX_GPIO_Init)
    [Anonymous Symbol]                       0x08003e0c   Section        0  i2c.o(.text.MX_I2C1_Init)
    MX_NVIC_Init                             0x08003e4d   Thumb Code    68  main.o(.text.MX_NVIC_Init)
    [Anonymous Symbol]                       0x08003e4c   Section        0  main.o(.text.MX_NVIC_Init)
    [Anonymous Symbol]                       0x08003e90   Section        0  spi.o(.text.MX_SPI1_Init)
    [Anonymous Symbol]                       0x08003ed8   Section        0  tim.o(.text.MX_TIM3_Init)
    [Anonymous Symbol]                       0x08003fb0   Section        0  tim.o(.text.MX_TIM4_Init)
    [Anonymous Symbol]                       0x08004044   Section        0  usart.o(.text.MX_USART1_UART_Init)
    [Anonymous Symbol]                       0x0800407c   Section        0  usart.o(.text.MX_USART2_UART_Init)
    [Anonymous Symbol]                       0x080040b4   Section        0  usart.o(.text.MX_USART3_UART_Init)
    [Anonymous Symbol]                       0x080040ec   Section        0  stm32f1xx_it.o(.text.MemManage_Handler)
    [Anonymous Symbol]                       0x080040f0   Section        0  stm32f1xx_it.o(.text.NMI_Handler)
    NVIC_EncodePriority                      0x080040f5   Thumb Code    44  stm32f1xx_hal_cortex.o(.text.NVIC_EncodePriority)
    [Anonymous Symbol]                       0x080040f4   Section        0  stm32f1xx_hal_cortex.o(.text.NVIC_EncodePriority)
    [Anonymous Symbol]                       0x08004120   Section        0  stm32f1xx_it.o(.text.PendSV_Handler)
    RCC_Delay                                0x08004125   Thumb Code    44  stm32f1xx_hal_rcc.o(.text.RCC_Delay)
    [Anonymous Symbol]                       0x08004124   Section        0  stm32f1xx_hal_rcc.o(.text.RCC_Delay)
    [Anonymous Symbol]                       0x08004150   Section        0  stm32f1xx_it.o(.text.SVC_Handler)
    SysTick_Config                           0x08004155   Thumb Code    46  stm32f1xx_hal_cortex.o(.text.SysTick_Config)
    [Anonymous Symbol]                       0x08004154   Section        0  stm32f1xx_hal_cortex.o(.text.SysTick_Config)
    [Anonymous Symbol]                       0x08004184   Section        0  stm32f1xx_it.o(.text.SysTick_Handler)
    [Anonymous Symbol]                       0x08004200   Section        0  main.o(.text.SystemClock_Config)
    [Anonymous Symbol]                       0x08004280   Section        0  system_stm32f1xx.o(.text.SystemInit)
    [Anonymous Symbol]                       0x08004284   Section        0  stm32f1xx_it.o(.text.TIM3_IRQHandler)
    [Anonymous Symbol]                       0x08004288   Section        0  stm32f1xx_hal_tim.o(.text.TIM_Base_SetConfig)
    [Anonymous Symbol]                       0x08004324   Section        0  stm32f1xx_hal_tim.o(.text.TIM_ETR_SetConfig)
    TIM_ITRx_SetConfig                       0x0800433d   Thumb Code    16  stm32f1xx_hal_tim.o(.text.TIM_ITRx_SetConfig)
    [Anonymous Symbol]                       0x0800433c   Section        0  stm32f1xx_hal_tim.o(.text.TIM_ITRx_SetConfig)
    TIM_OC1_SetConfig                        0x0800434d   Thumb Code    96  stm32f1xx_hal_tim.o(.text.TIM_OC1_SetConfig)
    [Anonymous Symbol]                       0x0800434c   Section        0  stm32f1xx_hal_tim.o(.text.TIM_OC1_SetConfig)
    [Anonymous Symbol]                       0x080043ac   Section        0  stm32f1xx_hal_tim.o(.text.TIM_OC2_SetConfig)
    TIM_OC3_SetConfig                        0x08004415   Thumb Code   100  stm32f1xx_hal_tim.o(.text.TIM_OC3_SetConfig)
    [Anonymous Symbol]                       0x08004414   Section        0  stm32f1xx_hal_tim.o(.text.TIM_OC3_SetConfig)
    TIM_OC4_SetConfig                        0x08004479   Thumb Code    74  stm32f1xx_hal_tim.o(.text.TIM_OC4_SetConfig)
    [Anonymous Symbol]                       0x08004478   Section        0  stm32f1xx_hal_tim.o(.text.TIM_OC4_SetConfig)
    TIM_TI1_ConfigInputStage                 0x080044c5   Thumb Code    34  stm32f1xx_hal_tim.o(.text.TIM_TI1_ConfigInputStage)
    [Anonymous Symbol]                       0x080044c4   Section        0  stm32f1xx_hal_tim.o(.text.TIM_TI1_ConfigInputStage)
    TIM_TI2_ConfigInputStage                 0x080044e9   Thumb Code    36  stm32f1xx_hal_tim.o(.text.TIM_TI2_ConfigInputStage)
    [Anonymous Symbol]                       0x080044e8   Section        0  stm32f1xx_hal_tim.o(.text.TIM_TI2_ConfigInputStage)
    UART_DMAAbortOnError                     0x0800450d   Thumb Code    16  stm32f1xx_hal_uart.o(.text.UART_DMAAbortOnError)
    [Anonymous Symbol]                       0x0800450c   Section        0  stm32f1xx_hal_uart.o(.text.UART_DMAAbortOnError)
    UART_EndRxTransfer                       0x0800451d   Thumb Code    80  stm32f1xx_hal_uart.o(.text.UART_EndRxTransfer)
    [Anonymous Symbol]                       0x0800451c   Section        0  stm32f1xx_hal_uart.o(.text.UART_EndRxTransfer)
    UART_EndTransmit_IT                      0x0800456d   Thumb Code    24  stm32f1xx_hal_uart.o(.text.UART_EndTransmit_IT)
    [Anonymous Symbol]                       0x0800456c   Section        0  stm32f1xx_hal_uart.o(.text.UART_EndTransmit_IT)
    [Anonymous Symbol]                       0x08004584   Section        0  stm32f1xx_hal_uart.o(.text.UART_InitCallbacksToDefault)
    UART_Receive_IT                          0x080045e9   Thumb Code   200  stm32f1xx_hal_uart.o(.text.UART_Receive_IT)
    [Anonymous Symbol]                       0x080045e8   Section        0  stm32f1xx_hal_uart.o(.text.UART_Receive_IT)
    UART_SetConfig                           0x080046b1   Thumb Code   142  stm32f1xx_hal_uart.o(.text.UART_SetConfig)
    [Anonymous Symbol]                       0x080046b0   Section        0  stm32f1xx_hal_uart.o(.text.UART_SetConfig)
    UART_Transmit_IT                         0x08004741   Thumb Code    82  stm32f1xx_hal_uart.o(.text.UART_Transmit_IT)
    [Anonymous Symbol]                       0x08004740   Section        0  stm32f1xx_hal_uart.o(.text.UART_Transmit_IT)
    UART_WaitOnFlagUntilTimeout              0x08004795   Thumb Code   136  stm32f1xx_hal_uart.o(.text.UART_WaitOnFlagUntilTimeout)
    [Anonymous Symbol]                       0x08004794   Section        0  stm32f1xx_hal_uart.o(.text.UART_WaitOnFlagUntilTimeout)
    [Anonymous Symbol]                       0x0800481c   Section        0  stm32f1xx_it.o(.text.USART1_IRQHandler)
    [Anonymous Symbol]                       0x0800482c   Section        0  stm32f1xx_it.o(.text.USART2_IRQHandler)
    [Anonymous Symbol]                       0x080048c0   Section        0  stm32f1xx_it.o(.text.USART3_IRQHandler)
    [Anonymous Symbol]                       0x080048d0   Section        0  stm32f1xx_it.o(.text.UsageFault_Handler)
    __NVIC_EnableIRQ                         0x080048d5   Thumb Code    32  stm32f1xx_hal_cortex.o(.text.__NVIC_EnableIRQ)
    [Anonymous Symbol]                       0x080048d4   Section        0  stm32f1xx_hal_cortex.o(.text.__NVIC_EnableIRQ)
    __NVIC_GetPriorityGrouping               0x080048f5   Thumb Code    16  stm32f1xx_hal_cortex.o(.text.__NVIC_GetPriorityGrouping)
    [Anonymous Symbol]                       0x080048f4   Section        0  stm32f1xx_hal_cortex.o(.text.__NVIC_GetPriorityGrouping)
    __NVIC_SetPriority                       0x08004905   Thumb Code    34  stm32f1xx_hal_cortex.o(.text.__NVIC_SetPriority)
    [Anonymous Symbol]                       0x08004904   Section        0  stm32f1xx_hal_cortex.o(.text.__NVIC_SetPriority)
    __NVIC_SetPriorityGrouping               0x08004929   Thumb Code    32  stm32f1xx_hal_cortex.o(.text.__NVIC_SetPriorityGrouping)
    [Anonymous Symbol]                       0x08004928   Section        0  stm32f1xx_hal_cortex.o(.text.__NVIC_SetPriorityGrouping)
    [Anonymous Symbol]                       0x08004948   Section        0  adc_sample.o(.text.adc_sample_handler)
    [Anonymous Symbol]                       0x08004964   Section        0  buzzer.o(.text.buzzer_handler)
    [Anonymous Symbol]                       0x08004a24   Section        0  buzzer.o(.text.buzzer_toggle)
    [Anonymous Symbol]                       0x08004a38   Section        0  main.o(.text.fputc)
    [Anonymous Symbol]                       0x08004a58   Section        0  adc_sample.o(.text.get_battery_volocity)
    led1_write_pin                           0x08004aa5   Thumb Code    22  led_porting.o(.text.led1_write_pin)
    [Anonymous Symbol]                       0x08004aa4   Section        0  led_porting.o(.text.led1_write_pin)
    [Anonymous Symbol]                       0x08004abc   Section        0  led.o(.text.led_handler)
    [Anonymous Symbol]                       0x08004b38   Section        0  led_porting.o(.text.led_init)
    led_object_init                          0x08004b71   Thumb Code    16  led_porting.o(.text.led_object_init)
    [Anonymous Symbol]                       0x08004b70   Section        0  led_porting.o(.text.led_object_init)
    led_write_pin                            0x08004b81   Thumb Code    22  led_porting.o(.text.led_write_pin)
    [Anonymous Symbol]                       0x08004b80   Section        0  led_porting.o(.text.led_write_pin)
    [Anonymous Symbol]                       0x08004b98   Section        0  led_porting.o(.text.leds_handler)
    [Anonymous Symbol]                       0x08004bb4   Section        0  main.o(.text.main)
    read_data                                0x08004cc5   Thumb Code    32  linefollow.o(.text.read_data)
    [Anonymous Symbol]                       0x08004cc4   Section        0  linefollow.o(.text.read_data)
    receive_from_device                      0x08004ce5   Thumb Code    58  linefollow.o(.text.receive_from_device)
    [Anonymous Symbol]                       0x08004ce4   Section        0  linefollow.o(.text.receive_from_device)
    write_data                               0x08004d21   Thumb Code    44  linefollow.o(.text.write_data)
    [Anonymous Symbol]                       0x08004d20   Section        0  linefollow.o(.text.write_data)
    i.__0printf$1                            0x08004d4c   Section        0  printf1.o(i.__0printf$1)
    i.__scatterload_copy                     0x08004d6c   Section       14  handlers.o(i.__scatterload_copy)
    i.__scatterload_null                     0x08004d7a   Section        2  handlers.o(i.__scatterload_null)
    i.__scatterload_zeroinit                 0x08004d7c   Section       14  handlers.o(i.__scatterload_zeroinit)
    _printf_core                             0x08004d8d   Thumb Code   336  printf1.o(i._printf_core)
    i._printf_core                           0x08004d8c   Section        0  printf1.o(i._printf_core)
    __tagsym$$used.0                         0x08004ef8   Number         0  eventrecorder.o(.rodata.EventRecorderInfo)
    .L.str.2                                 0x08004f10   Data         121  main.o(.rodata.str1.1)
    [Anonymous Symbol]                       0x08004f10   Section        0  main.o(.rodata.str1.1)
    .L.str                                   0x08004f89   Data          89  main.o(.rodata.str1.1)
    .L.str.1                                 0x08004fe2   Data          97  main.o(.rodata.str1.1)
    .data                                    0x20000000   Section        4  stdout.o(.data)
    EventBuffer                              0x20000540   Data        1024  eventrecorder.o(.bss.noinit)
    [Anonymous Symbol]                       0x20000540   Section        0  eventrecorder.o(.bss.noinit)
    EventFilter                              0x20000940   Data         128  eventrecorder.o(.bss.noinit)
    EventStatus                              0x200009c0   Data          36  eventrecorder.o(.bss.noinit)
    period                                   0x200009e4   Data           1  buzzer.o(.bss.period)
    [Anonymous Symbol]                       0x200009e4   Section        0  buzzer.o(.bss.period)
    sys_count                                0x200009e8   Data           4  stm32f1xx_it.o(.bss.sys_count)
    [Anonymous Symbol]                       0x200009e8   Section        0  stm32f1xx_it.o(.bss.sys_count)
    STACK                                    0x200009f0   Section     1024  startup_stm32f103xb.o(STACK)

    Global Symbols

    Symbol Name                              Value     Ov Type        Size  Object(Section)

    BuildAttributes$$THM_ISAv4$P$D$K$B$S$PE$A:L22UL41UL21$X:L11$S22US41US21$IEEE1$IW$~IW$USESV6$~STKCKD$USESV7$~SHL$OTIME$ROPI$EBA8$MICROLIB$REQ8$PRES8$EABIv2 0x00000000   Number         0  anon$$obj.o ABSOLUTE
    _printf_a                                0x00000000   Number         0  printfstubs.o ABSOLUTE
    _printf_c                                0x00000000   Number         0  printfstubs.o ABSOLUTE
    _printf_charcount                        0x00000000   Number         0  printfstubs.o ABSOLUTE
    _printf_d                                0x00000000   Number         0  printfstubs.o ABSOLUTE
    _printf_e                                0x00000000   Number         0  printfstubs.o ABSOLUTE
    _printf_f                                0x00000000   Number         0  printfstubs.o ABSOLUTE
    _printf_flags                            0x00000000   Number         0  printfstubs.o ABSOLUTE
    _printf_fp_dec                           0x00000000   Number         0  printfstubs.o ABSOLUTE
    _printf_fp_hex                           0x00000000   Number         0  printfstubs.o ABSOLUTE
    _printf_g                                0x00000000   Number         0  printfstubs.o ABSOLUTE
    _printf_i                                0x00000000   Number         0  printfstubs.o ABSOLUTE
    _printf_int_dec                          0x00000000   Number         0  printfstubs.o ABSOLUTE
    _printf_l                                0x00000000   Number         0  printfstubs.o ABSOLUTE
    _printf_lc                               0x00000000   Number         0  printfstubs.o ABSOLUTE
    _printf_ll                               0x00000000   Number         0  printfstubs.o ABSOLUTE
    _printf_lld                              0x00000000   Number         0  printfstubs.o ABSOLUTE
    _printf_lli                              0x00000000   Number         0  printfstubs.o ABSOLUTE
    _printf_llo                              0x00000000   Number         0  printfstubs.o ABSOLUTE
    _printf_llu                              0x00000000   Number         0  printfstubs.o ABSOLUTE
    _printf_llx                              0x00000000   Number         0  printfstubs.o ABSOLUTE
    _printf_longlong_dec                     0x00000000   Number         0  printfstubs.o ABSOLUTE
    _printf_longlong_hex                     0x00000000   Number         0  printfstubs.o ABSOLUTE
    _printf_longlong_oct                     0x00000000   Number         0  printfstubs.o ABSOLUTE
    _printf_ls                               0x00000000   Number         0  printfstubs.o ABSOLUTE
    _printf_mbtowc                           0x00000000   Number         0  printfstubs.o ABSOLUTE
    _printf_n                                0x00000000   Number         0  printfstubs.o ABSOLUTE
    _printf_o                                0x00000000   Number         0  printfstubs.o ABSOLUTE
    _printf_p                                0x00000000   Number         0  printfstubs.o ABSOLUTE
    _printf_percent                          0x00000000   Number         0  printfstubs.o ABSOLUTE
    _printf_pre_padding                      0x00000000   Number         0  printfstubs.o ABSOLUTE
    _printf_return_value                     0x00000000   Number         0  printfstubs.o ABSOLUTE
    _printf_s                                0x00000000   Number         0  printfstubs.o ABSOLUTE
    _printf_sizespec                         0x00000000   Number         0  printfstubs.o ABSOLUTE
    _printf_str                              0x00000000   Number         0  printfstubs.o ABSOLUTE
    _printf_truncate_signed                  0x00000000   Number         0  printfstubs.o ABSOLUTE
    _printf_truncate_unsigned                0x00000000   Number         0  printfstubs.o ABSOLUTE
    _printf_u                                0x00000000   Number         0  printfstubs.o ABSOLUTE
    _printf_wc                               0x00000000   Number         0  printfstubs.o ABSOLUTE
    _printf_wctomb                           0x00000000   Number         0  printfstubs.o ABSOLUTE
    _printf_widthprec                        0x00000000   Number         0  printfstubs.o ABSOLUTE
    _printf_x                                0x00000000   Number         0  printfstubs.o ABSOLUTE
    __cpp_initialize__aeabi_                  - Undefined Weak Reference
    __cxa_finalize                            - Undefined Weak Reference
    __decompress                              - Undefined Weak Reference
    _clock_init                               - Undefined Weak Reference
    _microlib_exit                            - Undefined Weak Reference
    __Vectors_Size                           0x000000ec   Number         0  startup_stm32f103xb.o ABSOLUTE
    __Vectors                                0x08000000   Data           4  startup_stm32f103xb.o(RESET)
    __Vectors_End                            0x080000ec   Data           0  startup_stm32f103xb.o(RESET)
    __main                                   0x080000ed   Thumb Code     0  entry.o(.ARM.Collect$$$$00000000)
    _main_stk                                0x080000ed   Thumb Code     0  entry2.o(.ARM.Collect$$$$00000001)
    _main_scatterload                        0x080000f1   Thumb Code     0  entry5.o(.ARM.Collect$$$$00000004)
    __main_after_scatterload                 0x080000f5   Thumb Code     0  entry5.o(.ARM.Collect$$$$00000004)
    _main_clock                              0x080000f5   Thumb Code     0  entry7b.o(.ARM.Collect$$$$00000008)
    _main_cpp_init                           0x080000f5   Thumb Code     0  entry8b.o(.ARM.Collect$$$$0000000A)
    _main_init                               0x080000f5   Thumb Code     0  entry9a.o(.ARM.Collect$$$$0000000B)
    __rt_final_cpp                           0x080000fd   Thumb Code     0  entry10a.o(.ARM.Collect$$$$0000000D)
    __rt_final_exit                          0x080000fd   Thumb Code     0  entry11a.o(.ARM.Collect$$$$0000000F)
    Reset_Handler                            0x08000101   Thumb Code     8  startup_stm32f103xb.o(.text)
    ADC1_2_IRQHandler                        0x0800011b   Thumb Code     0  startup_stm32f103xb.o(.text)
    CAN1_RX1_IRQHandler                      0x0800011b   Thumb Code     0  startup_stm32f103xb.o(.text)
    CAN1_SCE_IRQHandler                      0x0800011b   Thumb Code     0  startup_stm32f103xb.o(.text)
    DMA1_Channel2_IRQHandler                 0x0800011b   Thumb Code     0  startup_stm32f103xb.o(.text)
    DMA1_Channel4_IRQHandler                 0x0800011b   Thumb Code     0  startup_stm32f103xb.o(.text)
    DMA1_Channel6_IRQHandler                 0x0800011b   Thumb Code     0  startup_stm32f103xb.o(.text)
    EXTI0_IRQHandler                         0x0800011b   Thumb Code     0  startup_stm32f103xb.o(.text)
    EXTI15_10_IRQHandler                     0x0800011b   Thumb Code     0  startup_stm32f103xb.o(.text)
    EXTI1_IRQHandler                         0x0800011b   Thumb Code     0  startup_stm32f103xb.o(.text)
    EXTI2_IRQHandler                         0x0800011b   Thumb Code     0  startup_stm32f103xb.o(.text)
    EXTI3_IRQHandler                         0x0800011b   Thumb Code     0  startup_stm32f103xb.o(.text)
    EXTI4_IRQHandler                         0x0800011b   Thumb Code     0  startup_stm32f103xb.o(.text)
    EXTI9_5_IRQHandler                       0x0800011b   Thumb Code     0  startup_stm32f103xb.o(.text)
    FLASH_IRQHandler                         0x0800011b   Thumb Code     0  startup_stm32f103xb.o(.text)
    I2C1_ER_IRQHandler                       0x0800011b   Thumb Code     0  startup_stm32f103xb.o(.text)
    I2C2_ER_IRQHandler                       0x0800011b   Thumb Code     0  startup_stm32f103xb.o(.text)
    I2C2_EV_IRQHandler                       0x0800011b   Thumb Code     0  startup_stm32f103xb.o(.text)
    PVD_IRQHandler                           0x0800011b   Thumb Code     0  startup_stm32f103xb.o(.text)
    RCC_IRQHandler                           0x0800011b   Thumb Code     0  startup_stm32f103xb.o(.text)
    RTC_Alarm_IRQHandler                     0x0800011b   Thumb Code     0  startup_stm32f103xb.o(.text)
    RTC_IRQHandler                           0x0800011b   Thumb Code     0  startup_stm32f103xb.o(.text)
    SPI1_IRQHandler                          0x0800011b   Thumb Code     0  startup_stm32f103xb.o(.text)
    SPI2_IRQHandler                          0x0800011b   Thumb Code     0  startup_stm32f103xb.o(.text)
    TAMPER_IRQHandler                        0x0800011b   Thumb Code     0  startup_stm32f103xb.o(.text)
    TIM1_BRK_IRQHandler                      0x0800011b   Thumb Code     0  startup_stm32f103xb.o(.text)
    TIM1_CC_IRQHandler                       0x0800011b   Thumb Code     0  startup_stm32f103xb.o(.text)
    TIM1_TRG_COM_IRQHandler                  0x0800011b   Thumb Code     0  startup_stm32f103xb.o(.text)
    TIM1_UP_IRQHandler                       0x0800011b   Thumb Code     0  startup_stm32f103xb.o(.text)
    TIM2_IRQHandler                          0x0800011b   Thumb Code     0  startup_stm32f103xb.o(.text)
    TIM4_IRQHandler                          0x0800011b   Thumb Code     0  startup_stm32f103xb.o(.text)
    USBWakeUp_IRQHandler                     0x0800011b   Thumb Code     0  startup_stm32f103xb.o(.text)
    USB_HP_CAN1_TX_IRQHandler                0x0800011b   Thumb Code     0  startup_stm32f103xb.o(.text)
    USB_LP_CAN1_RX0_IRQHandler               0x0800011b   Thumb Code     0  startup_stm32f103xb.o(.text)
    WWDG_IRQHandler                          0x0800011b   Thumb Code     0  startup_stm32f103xb.o(.text)
    __aeabi_memset                           0x08000125   Thumb Code    14  memseta.o(.text)
    __aeabi_memset4                          0x08000125   Thumb Code     0  memseta.o(.text)
    __aeabi_memset8                          0x08000125   Thumb Code     0  memseta.o(.text)
    __aeabi_memclr                           0x08000133   Thumb Code     4  memseta.o(.text)
    __aeabi_memclr4                          0x08000133   Thumb Code     0  memseta.o(.text)
    __aeabi_memclr8                          0x08000133   Thumb Code     0  memseta.o(.text)
    _memset$wrapper                          0x08000137   Thumb Code    18  memseta.o(.text)
    __aeabi_fmul                             0x08000149   Thumb Code   100  fmul.o(.text)
    __aeabi_fdiv                             0x080001ad   Thumb Code   124  fdiv.o(.text)
    __aeabi_fcmpge                           0x08000229   Thumb Code    28  fcmpge.o(.text)
    __aeabi_ui2f                             0x08000245   Thumb Code    10  ffltui.o(.text)
    __aeabi_uidiv                            0x0800024f   Thumb Code     0  uidiv.o(.text)
    __aeabi_uidivmod                         0x0800024f   Thumb Code    44  uidiv.o(.text)
    __I$use$fp                               0x0800027b   Thumb Code     0  iusefp.o(.text)
    _float_round                             0x0800027b   Thumb Code    18  fepilogue.o(.text)
    _float_epilogue                          0x0800028d   Thumb Code    92  fepilogue.o(.text)
    __scatterload                            0x080002e9   Thumb Code    28  init.o(.text)
    __scatterload_rt2                        0x080002e9   Thumb Code     0  init.o(.text)
    ADC_ConversionStop_Disable               0x0800030d   Thumb Code    86  stm32f1xx_hal_adc.o(.text.ADC_ConversionStop_Disable)
    ADC_DMAConvCplt                          0x08000365   Thumb Code    84  stm32f1xx_hal_adc.o(.text.ADC_DMAConvCplt)
    ADC_DMAError                             0x080003b9   Thumb Code    26  stm32f1xx_hal_adc.o(.text.ADC_DMAError)
    ADC_DMAHalfConvCplt                      0x080003d5   Thumb Code    10  stm32f1xx_hal_adc.o(.text.ADC_DMAHalfConvCplt)
    ADC_Enable                               0x080003e1   Thumb Code   146  stm32f1xx_hal_adc.o(.text.ADC_Enable)
    BusFault_Handler                         0x08000475   Thumb Code     2  stm32f1xx_it.o(.text.BusFault_Handler)
    DMA1_Channel1_IRQHandler                 0x08000479   Thumb Code    16  stm32f1xx_it.o(.text.DMA1_Channel1_IRQHandler)
    DMA1_Channel3_IRQHandler                 0x08000489   Thumb Code    16  stm32f1xx_it.o(.text.DMA1_Channel3_IRQHandler)
    DMA1_Channel5_IRQHandler                 0x08000499   Thumb Code    16  stm32f1xx_it.o(.text.DMA1_Channel5_IRQHandler)
    DMA1_Channel7_IRQHandler                 0x080004a9   Thumb Code    16  stm32f1xx_it.o(.text.DMA1_Channel7_IRQHandler)
    DebugMon_Handler                         0x080004e5   Thumb Code     2  stm32f1xx_it.o(.text.DebugMon_Handler)
    Error_Handler                            0x080004e9   Thumb Code    10  main.o(.text.Error_Handler)
    HAL_ADCEx_Calibration_Start              0x080004f5   Thumb Code   238  stm32f1xx_hal_adc_ex.o(.text.HAL_ADCEx_Calibration_Start)
    HAL_ADC_ConfigChannel                    0x080005e5   Thumb Code   270  stm32f1xx_hal_adc.o(.text.HAL_ADC_ConfigChannel)
    HAL_ADC_ConvCpltCallback                 0x080006f5   Thumb Code     2  stm32f1xx_hal_adc.o(.text.HAL_ADC_ConvCpltCallback)
    HAL_ADC_ConvHalfCpltCallback             0x080006f9   Thumb Code     2  stm32f1xx_hal_adc.o(.text.HAL_ADC_ConvHalfCpltCallback)
    HAL_ADC_ErrorCallback                    0x080006fd   Thumb Code     2  stm32f1xx_hal_adc.o(.text.HAL_ADC_ErrorCallback)
    HAL_ADC_Init                             0x08000701   Thumb Code   280  stm32f1xx_hal_adc.o(.text.HAL_ADC_Init)
    HAL_ADC_MspInit                          0x08000819   Thumb Code   206  adc.o(.text.HAL_ADC_MspInit)
    HAL_ADC_Start_DMA                        0x080008e9   Thumb Code   310  stm32f1xx_hal_adc.o(.text.HAL_ADC_Start_DMA)
    HAL_DMA_Abort                            0x08000a21   Thumb Code    64  stm32f1xx_hal_dma.o(.text.HAL_DMA_Abort)
    HAL_DMA_Abort_IT                         0x08000a61   Thumb Code   174  stm32f1xx_hal_dma.o(.text.HAL_DMA_Abort_IT)
    HAL_DMA_GetState                         0x08000b11   Thumb Code     6  stm32f1xx_hal_dma.o(.text.HAL_DMA_GetState)
    HAL_DMA_IRQHandler                       0x08000b19   Thumb Code   382  stm32f1xx_hal_dma.o(.text.HAL_DMA_IRQHandler)
    HAL_DMA_Init                             0x08000c99   Thumb Code   136  stm32f1xx_hal_dma.o(.text.HAL_DMA_Init)
    HAL_DMA_Start_IT                         0x08000d21   Thumb Code   110  stm32f1xx_hal_dma.o(.text.HAL_DMA_Start_IT)
    HAL_Delay                                0x08000d91   Thumb Code    40  stm32f1xx_hal.o(.text.HAL_Delay)
    HAL_GPIO_Init                            0x08000db9   Thumb Code   506  stm32f1xx_hal_gpio.o(.text.HAL_GPIO_Init)
    HAL_GPIO_WritePin                        0x08000fb5   Thumb Code    10  stm32f1xx_hal_gpio.o(.text.HAL_GPIO_WritePin)
    HAL_GetTick                              0x08000fc1   Thumb Code    12  stm32f1xx_hal.o(.text.HAL_GetTick)
    HAL_I2C_AbortCpltCallback                0x08000fcd   Thumb Code     2  stm32f1xx_hal_i2c.o(.text.HAL_I2C_AbortCpltCallback)
    HAL_I2C_AddrCallback                     0x08000fd1   Thumb Code     2  stm32f1xx_hal_i2c.o(.text.HAL_I2C_AddrCallback)
    HAL_I2C_EV_IRQHandler                    0x08000fd5   Thumb Code   412  stm32f1xx_hal_i2c.o(.text.HAL_I2C_EV_IRQHandler)
    HAL_I2C_ErrorCallback                    0x08001171   Thumb Code     2  stm32f1xx_hal_i2c.o(.text.HAL_I2C_ErrorCallback)
    HAL_I2C_GetState                         0x08001175   Thumb Code     6  stm32f1xx_hal_i2c.o(.text.HAL_I2C_GetState)
    HAL_I2C_Init                             0x0800117d   Thumb Code   408  stm32f1xx_hal_i2c.o(.text.HAL_I2C_Init)
    HAL_I2C_ListenCpltCallback               0x08001315   Thumb Code     2  stm32f1xx_hal_i2c.o(.text.HAL_I2C_ListenCpltCallback)
    HAL_I2C_MasterRxCpltCallback             0x08001319   Thumb Code     2  stm32f1xx_hal_i2c.o(.text.HAL_I2C_MasterRxCpltCallback)
    HAL_I2C_MasterTxCpltCallback             0x0800131d   Thumb Code     2  stm32f1xx_hal_i2c.o(.text.HAL_I2C_MasterTxCpltCallback)
    HAL_I2C_Master_Receive_DMA               0x08001321   Thumb Code   346  stm32f1xx_hal_i2c.o(.text.HAL_I2C_Master_Receive_DMA)
    HAL_I2C_Master_Transmit                  0x0800147d   Thumb Code   312  stm32f1xx_hal_i2c.o(.text.HAL_I2C_Master_Transmit)
    HAL_I2C_MemRxCpltCallback                0x080015b5   Thumb Code     2  stm32f1xx_hal_i2c.o(.text.HAL_I2C_MemRxCpltCallback)
    HAL_I2C_MemTxCpltCallback                0x080015b9   Thumb Code     2  stm32f1xx_hal_i2c.o(.text.HAL_I2C_MemTxCpltCallback)
    HAL_I2C_MspInit                          0x080015bd   Thumb Code   174  i2c.o(.text.HAL_I2C_MspInit)
    HAL_I2C_SlaveRxCpltCallback              0x0800166d   Thumb Code     2  stm32f1xx_hal_i2c.o(.text.HAL_I2C_SlaveRxCpltCallback)
    HAL_I2C_SlaveTxCpltCallback              0x08001671   Thumb Code     2  stm32f1xx_hal_i2c.o(.text.HAL_I2C_SlaveTxCpltCallback)
    HAL_IncTick                              0x08001675   Thumb Code    26  stm32f1xx_hal.o(.text.HAL_IncTick)
    HAL_Init                                 0x08001691   Thumb Code    38  stm32f1xx_hal.o(.text.HAL_Init)
    HAL_InitTick                             0x080016b9   Thumb Code    80  stm32f1xx_hal.o(.text.HAL_InitTick)
    HAL_MspInit                              0x08001709   Thumb Code    66  stm32f1xx_hal_msp.o(.text.HAL_MspInit)
    HAL_NVIC_EnableIRQ                       0x0800174d   Thumb Code     8  stm32f1xx_hal_cortex.o(.text.HAL_NVIC_EnableIRQ)
    HAL_NVIC_SetPriority                     0x08001755   Thumb Code    30  stm32f1xx_hal_cortex.o(.text.HAL_NVIC_SetPriority)
    HAL_NVIC_SetPriorityGrouping             0x08001775   Thumb Code     8  stm32f1xx_hal_cortex.o(.text.HAL_NVIC_SetPriorityGrouping)
    HAL_RCCEx_GetPeriphCLKFreq               0x0800177d   Thumb Code   228  stm32f1xx_hal_rcc_ex.o(.text.HAL_RCCEx_GetPeriphCLKFreq)
    HAL_RCCEx_PeriphCLKConfig                0x08001875   Thumb Code   262  stm32f1xx_hal_rcc_ex.o(.text.HAL_RCCEx_PeriphCLKConfig)
    HAL_RCC_ClockConfig                      0x0800197d   Thumb Code   372  stm32f1xx_hal_rcc.o(.text.HAL_RCC_ClockConfig)
    HAL_RCC_GetHCLKFreq                      0x08001af1   Thumb Code    12  stm32f1xx_hal_rcc.o(.text.HAL_RCC_GetHCLKFreq)
    HAL_RCC_GetPCLK1Freq                     0x08001afd   Thumb Code    34  stm32f1xx_hal_rcc.o(.text.HAL_RCC_GetPCLK1Freq)
    HAL_RCC_GetPCLK2Freq                     0x08001b21   Thumb Code    34  stm32f1xx_hal_rcc.o(.text.HAL_RCC_GetPCLK2Freq)
    HAL_RCC_GetSysClockFreq                  0x08001b45   Thumb Code    88  stm32f1xx_hal_rcc.o(.text.HAL_RCC_GetSysClockFreq)
    HAL_RCC_OscConfig                        0x08001bb1   Thumb Code   780  stm32f1xx_hal_rcc.o(.text.HAL_RCC_OscConfig)
    HAL_SPI_Init                             0x08001ebd   Thumb Code   172  stm32f1xx_hal_spi.o(.text.HAL_SPI_Init)
    HAL_SPI_MspInit                          0x08001f69   Thumb Code   122  spi.o(.text.HAL_SPI_MspInit)
    HAL_SYSTICK_Config                       0x08001fe5   Thumb Code     8  stm32f1xx_hal_cortex.o(.text.HAL_SYSTICK_Config)
    HAL_TIMEx_MasterConfigSynchronization    0x08001fed   Thumb Code   118  stm32f1xx_hal_tim_ex.o(.text.HAL_TIMEx_MasterConfigSynchronization)
    HAL_TIM_Base_Init                        0x08002065   Thumb Code    90  stm32f1xx_hal_tim.o(.text.HAL_TIM_Base_Init)
    HAL_TIM_Base_MspInit                     0x080020c1   Thumb Code    68  tim.o(.text.HAL_TIM_Base_MspInit)
    HAL_TIM_ConfigClockSource                0x08002105   Thumb Code   222  stm32f1xx_hal_tim.o(.text.HAL_TIM_ConfigClockSource)
    HAL_TIM_MspPostInit                      0x080021e5   Thumb Code    86  tim.o(.text.HAL_TIM_MspPostInit)
    HAL_TIM_OC_ConfigChannel                 0x0800223d   Thumb Code    78  stm32f1xx_hal_tim.o(.text.HAL_TIM_OC_ConfigChannel)
    HAL_TIM_OC_Init                          0x0800228d   Thumb Code    90  stm32f1xx_hal_tim.o(.text.HAL_TIM_OC_Init)
    HAL_TIM_OC_MspInit                       0x080022e9   Thumb Code     2  stm32f1xx_hal_tim.o(.text.HAL_TIM_OC_MspInit)
    HAL_TIM_PWM_ConfigChannel                0x080022ed   Thumb Code   152  stm32f1xx_hal_tim.o(.text.HAL_TIM_PWM_ConfigChannel)
    HAL_TIM_PWM_Init                         0x08002385   Thumb Code    90  stm32f1xx_hal_tim.o(.text.HAL_TIM_PWM_Init)
    HAL_TIM_PWM_MspInit                      0x080023e1   Thumb Code    50  tim.o(.text.HAL_TIM_PWM_MspInit)
    HAL_UARTEx_RxEventCallback               0x08002415   Thumb Code     2  stm32f1xx_hal_uart.o(.text.HAL_UARTEx_RxEventCallback)
    HAL_UART_AbortCpltCallback               0x08002419   Thumb Code     2  stm32f1xx_hal_uart.o(.text.HAL_UART_AbortCpltCallback)
    HAL_UART_AbortReceiveCpltCallback        0x0800241d   Thumb Code     2  stm32f1xx_hal_uart.o(.text.HAL_UART_AbortReceiveCpltCallback)
    HAL_UART_AbortTransmitCpltCallback       0x08002421   Thumb Code     2  stm32f1xx_hal_uart.o(.text.HAL_UART_AbortTransmitCpltCallback)
    HAL_UART_ErrorCallback                   0x08002425   Thumb Code     2  stm32f1xx_hal_uart.o(.text.HAL_UART_ErrorCallback)
    HAL_UART_IRQHandler                      0x08002429   Thumb Code   574  stm32f1xx_hal_uart.o(.text.HAL_UART_IRQHandler)
    HAL_UART_Init                            0x08002669   Thumb Code   116  stm32f1xx_hal_uart.o(.text.HAL_UART_Init)
    HAL_UART_MspInit                         0x080026dd   Thumb Code   458  usart.o(.text.HAL_UART_MspInit)
    HAL_UART_RxCpltCallback                  0x080028a9   Thumb Code     2  stm32f1xx_hal_uart.o(.text.HAL_UART_RxCpltCallback)
    HAL_UART_RxHalfCpltCallback              0x080028ad   Thumb Code     2  stm32f1xx_hal_uart.o(.text.HAL_UART_RxHalfCpltCallback)
    HAL_UART_Transmit                        0x080028b1   Thumb Code   180  stm32f1xx_hal_uart.o(.text.HAL_UART_Transmit)
    HAL_UART_TxCpltCallback                  0x08002965   Thumb Code     2  stm32f1xx_hal_uart.o(.text.HAL_UART_TxCpltCallback)
    HAL_UART_TxHalfCpltCallback              0x08002969   Thumb Code     2  stm32f1xx_hal_uart.o(.text.HAL_UART_TxHalfCpltCallback)
    HardFault_Handler                        0x0800296d   Thumb Code     2  stm32f1xx_it.o(.text.HardFault_Handler)
    I2C1_EV_IRQHandler                       0x08002971   Thumb Code    16  stm32f1xx_it.o(.text.I2C1_EV_IRQHandler)
    LineFollowIIC_Analog                     0x08003951   Thumb Code    74  linefollow.o(.text.LineFollowIIC_Analog)
    LineFollowIIC_State                      0x0800399d   Thumb Code    70  linefollow.o(.text.LineFollowIIC_State)
    LineFollowIIC_Threshold                  0x080039e5   Thumb Code    74  linefollow.o(.text.LineFollowIIC_Threshold)
    LineFollowIIC_init                       0x08003a31   Thumb Code    44  linefollow.o(.text.LineFollowIIC_init)
    MX_ADC1_Init                             0x08003ba9   Thumb Code   176  adc.o(.text.MX_ADC1_Init)
    MX_DMA_Init                              0x08003c59   Thumb Code    82  dma.o(.text.MX_DMA_Init)
    MX_GPIO_Init                             0x08003cad   Thumb Code   350  gpio.o(.text.MX_GPIO_Init)
    MX_I2C1_Init                             0x08003e0d   Thumb Code    62  i2c.o(.text.MX_I2C1_Init)
    MX_SPI1_Init                             0x08003e91   Thumb Code    72  spi.o(.text.MX_SPI1_Init)
    MX_TIM3_Init                             0x08003ed9   Thumb Code   216  tim.o(.text.MX_TIM3_Init)
    MX_TIM4_Init                             0x08003fb1   Thumb Code   148  tim.o(.text.MX_TIM4_Init)
    MX_USART1_UART_Init                      0x08004045   Thumb Code    56  usart.o(.text.MX_USART1_UART_Init)
    MX_USART2_UART_Init                      0x0800407d   Thumb Code    56  usart.o(.text.MX_USART2_UART_Init)
    MX_USART3_UART_Init                      0x080040b5   Thumb Code    56  usart.o(.text.MX_USART3_UART_Init)
    MemManage_Handler                        0x080040ed   Thumb Code     2  stm32f1xx_it.o(.text.MemManage_Handler)
    NMI_Handler                              0x080040f1   Thumb Code     2  stm32f1xx_it.o(.text.NMI_Handler)
    PendSV_Handler                           0x08004121   Thumb Code     2  stm32f1xx_it.o(.text.PendSV_Handler)
    SVC_Handler                              0x08004151   Thumb Code     2  stm32f1xx_it.o(.text.SVC_Handler)
    SysTick_Handler                          0x08004185   Thumb Code   122  stm32f1xx_it.o(.text.SysTick_Handler)
    SystemClock_Config                       0x08004201   Thumb Code   126  main.o(.text.SystemClock_Config)
    SystemInit                               0x08004281   Thumb Code     2  system_stm32f1xx.o(.text.SystemInit)
    TIM3_IRQHandler                          0x08004285   Thumb Code     2  stm32f1xx_it.o(.text.TIM3_IRQHandler)
    TIM_Base_SetConfig                       0x08004289   Thumb Code   154  stm32f1xx_hal_tim.o(.text.TIM_Base_SetConfig)
    TIM_ETR_SetConfig                        0x08004325   Thumb Code    22  stm32f1xx_hal_tim.o(.text.TIM_ETR_SetConfig)
    TIM_OC2_SetConfig                        0x080043ad   Thumb Code   102  stm32f1xx_hal_tim.o(.text.TIM_OC2_SetConfig)
    UART_InitCallbacksToDefault              0x08004585   Thumb Code    98  stm32f1xx_hal_uart.o(.text.UART_InitCallbacksToDefault)
    USART1_IRQHandler                        0x0800481d   Thumb Code    16  stm32f1xx_it.o(.text.USART1_IRQHandler)
    USART2_IRQHandler                        0x0800482d   Thumb Code   146  stm32f1xx_it.o(.text.USART2_IRQHandler)
    USART3_IRQHandler                        0x080048c1   Thumb Code    16  stm32f1xx_it.o(.text.USART3_IRQHandler)
    UsageFault_Handler                       0x080048d1   Thumb Code     2  stm32f1xx_it.o(.text.UsageFault_Handler)
    adc_sample_handler                       0x08004949   Thumb Code    26  adc_sample.o(.text.adc_sample_handler)
    buzzer_handler                           0x08004965   Thumb Code   192  buzzer.o(.text.buzzer_handler)
    buzzer_toggle                            0x08004a25   Thumb Code    20  buzzer.o(.text.buzzer_toggle)
    fputc                                    0x08004a39   Thumb Code    32  main.o(.text.fputc)
    get_battery_volocity                     0x08004a59   Thumb Code    76  adc_sample.o(.text.get_battery_volocity)
    led_handler                              0x08004abd   Thumb Code   122  led.o(.text.led_handler)
    led_init                                 0x08004b39   Thumb Code    56  led_porting.o(.text.led_init)
    leds_handler                             0x08004b99   Thumb Code    28  led_porting.o(.text.leds_handler)
    main                                     0x08004bb5   Thumb Code   272  main.o(.text.main)
    __0printf$1                              0x08004d4d   Thumb Code    22  printf1.o(i.__0printf$1)
    __1printf$1                              0x08004d4d   Thumb Code     0  printf1.o(i.__0printf$1)
    __2printf                                0x08004d4d   Thumb Code     0  printf1.o(i.__0printf$1)
    __scatterload_copy                       0x08004d6d   Thumb Code    14  handlers.o(i.__scatterload_copy)
    __scatterload_null                       0x08004d7b   Thumb Code     2  handlers.o(i.__scatterload_null)
    __scatterload_zeroinit                   0x08004d7d   Thumb Code    14  handlers.o(i.__scatterload_zeroinit)
    AHBPrescTable                            0x08004ee0   Data          16  system_stm32f1xx.o(.rodata.AHBPrescTable)
    APBPrescTable                            0x08004ef0   Data           8  system_stm32f1xx.o(.rodata.APBPrescTable)
    EventRecorderInfo                        0x08004ef8   Data          24  eventrecorder.o(.rodata.EventRecorderInfo)
    Region$$Table$$Base                      0x08005044   Number         0  anon$$obj.o(Region$$Table)
    Region$$Table$$Limit                     0x08005064   Number         0  anon$$obj.o(Region$$Table)
    __stdout                                 0x20000000   Data           4  stdout.o(.data)
    SystemCoreClock                          0x20000004   Data           4  system_stm32f1xx.o(.data.SystemCoreClock)
    uwTickFreq                               0x20000008   Data           1  stm32f1xx_hal.o(.data.uwTickFreq)
    uwTickPrio                               0x2000000c   Data           4  stm32f1xx_hal.o(.data.uwTickPrio)
    LineFollow                               0x20000040   Data          88  linefollow.o(.bss.LineFollow)
    LineFollowLearn                          0x20000098   Data          88  main.o(.bss.LineFollowLearn)
    adc_value                                0x200000f0   Data          24  adc_sample.o(.bss.adc_value)
    buzzer                                   0x20000108   Data          20  buzzer.o(.bss.buzzer)
    hadc1                                    0x2000011c   Data          48  adc.o(.bss.hadc1)
    hdma_adc1                                0x2000014c   Data          68  adc.o(.bss.hdma_adc1)
    hdma_i2c1_rx                             0x20000190   Data          68  i2c.o(.bss.hdma_i2c1_rx)
    hdma_usart1_rx                           0x200001d4   Data          68  usart.o(.bss.hdma_usart1_rx)
    hdma_usart3_rx                           0x20000218   Data          68  usart.o(.bss.hdma_usart3_rx)
    hi2c1                                    0x2000025c   Data          84  i2c.o(.bss.hi2c1)
    hspi1                                    0x200002b0   Data          88  spi.o(.bss.hspi1)
    htim3                                    0x20000308   Data          72  tim.o(.bss.htim3)
    htim4                                    0x20000350   Data          72  tim.o(.bss.htim4)
    huart1                                   0x20000398   Data         120  usart.o(.bss.huart1)
    huart2                                   0x20000410   Data         120  usart.o(.bss.huart2)
    huart3                                   0x20000488   Data         120  usart.o(.bss.huart3)
    led                                      0x20000500   Data          20  led_porting.o(.bss.led)
    led1                                     0x20000514   Data          20  led_porting.o(.bss.led1)
    uwTick                                   0x200009ec   Data           4  stm32f1xx_hal.o(.bss.uwTick)
    __initial_sp                             0x20000df0   Data           0  startup_stm32f103xb.o(STACK)



==============================================================================

Memory Map of the image

  Image Entry point : 0x080000ed

  Load Region LR_IROM1 (Base: 0x08000000, Size: 0x000050c0, Max: 0x00020000, ABSOLUTE)

    Execution Region ER_IROM1 (Exec base: 0x08000000, Load base: 0x08000000, Size: 0x00005064, Max: 0x00020000, ABSOLUTE)

    Exec Addr    Load Addr    Size         Type   Attr      Idx    E Section Name        Object

    0x08000000   0x08000000   0x000000ec   Data   RO            3    RESET               startup_stm32f103xb.o
    0x080000ec   0x080000ec   0x00000000   Code   RO         1923  * .ARM.Collect$$$$00000000  mc_w.l(entry.o)
    0x080000ec   0x080000ec   0x00000004   Code   RO         2213    .ARM.Collect$$$$00000001  mc_w.l(entry2.o)
    0x080000f0   0x080000f0   0x00000004   Code   RO         2216    .ARM.Collect$$$$00000004  mc_w.l(entry5.o)
    0x080000f4   0x080000f4   0x00000000   Code   RO         2218    .ARM.Collect$$$$00000008  mc_w.l(entry7b.o)
    0x080000f4   0x080000f4   0x00000000   Code   RO         2220    .ARM.Collect$$$$0000000A  mc_w.l(entry8b.o)
    0x080000f4   0x080000f4   0x00000008   Code   RO         2221    .ARM.Collect$$$$0000000B  mc_w.l(entry9a.o)
    0x080000fc   0x080000fc   0x00000000   Code   RO         2223    .ARM.Collect$$$$0000000D  mc_w.l(entry10a.o)
    0x080000fc   0x080000fc   0x00000000   Code   RO         2225    .ARM.Collect$$$$0000000F  mc_w.l(entry11a.o)
    0x080000fc   0x080000fc   0x00000004   Code   RO         2214    .ARM.Collect$$$$00002712  mc_w.l(entry2.o)
    0x08000100   0x08000100   0x00000024   Code   RO            4    .text               startup_stm32f103xb.o
    0x08000124   0x08000124   0x00000024   Code   RO         1938    .text               mc_w.l(memseta.o)
    0x08000148   0x08000148   0x00000064   Code   RO         2205    .text               mf_w.l(fmul.o)
    0x080001ac   0x080001ac   0x0000007c   Code   RO         2207    .text               mf_w.l(fdiv.o)
    0x08000228   0x08000228   0x0000001c   Code   RO         2209    .text               mf_w.l(fcmpge.o)
    0x08000244   0x08000244   0x0000000a   Code   RO         2211    .text               mf_w.l(ffltui.o)
    0x0800024e   0x0800024e   0x0000002c   Code   RO         2236    .text               mc_w.l(uidiv.o)
    0x0800027a   0x0800027a   0x00000000   Code   RO         2240    .text               mc_w.l(iusefp.o)
    0x0800027a   0x0800027a   0x0000006e   Code   RO         2241    .text               mf_w.l(fepilogue.o)
    0x080002e8   0x080002e8   0x00000024   Code   RO         2253    .text               mc_w.l(init.o)
    0x0800030c   0x0800030c   0x00000056   Code   RO          220    .text.ADC_ConversionStop_Disable  stm32f1xx_hal_adc.o
    0x08000362   0x08000362   0x00000002   PAD
    0x08000364   0x08000364   0x00000054   Code   RO          242    .text.ADC_DMAConvCplt  stm32f1xx_hal_adc.o
    0x080003b8   0x080003b8   0x0000001a   Code   RO          246    .text.ADC_DMAError  stm32f1xx_hal_adc.o
    0x080003d2   0x080003d2   0x00000002   PAD
    0x080003d4   0x080003d4   0x0000000a   Code   RO          244    .text.ADC_DMAHalfConvCplt  stm32f1xx_hal_adc.o
    0x080003de   0x080003de   0x00000002   PAD
    0x080003e0   0x080003e0   0x00000092   Code   RO          228    .text.ADC_Enable    stm32f1xx_hal_adc.o
    0x08000472   0x08000472   0x00000002   PAD
    0x08000474   0x08000474   0x00000002   Code   RO          150    .text.BusFault_Handler  stm32f1xx_it.o
    0x08000476   0x08000476   0x00000002   PAD
    0x08000478   0x08000478   0x00000010   Code   RO          162    .text.DMA1_Channel1_IRQHandler  stm32f1xx_it.o
    0x08000488   0x08000488   0x00000010   Code   RO          164    .text.DMA1_Channel3_IRQHandler  stm32f1xx_it.o
    0x08000498   0x08000498   0x00000010   Code   RO          166    .text.DMA1_Channel5_IRQHandler  stm32f1xx_it.o
    0x080004a8   0x080004a8   0x00000010   Code   RO          168    .text.DMA1_Channel7_IRQHandler  stm32f1xx_it.o
    0x080004b8   0x080004b8   0x0000002c   Code   RO          455    .text.DMA_SetConfig  stm32f1xx_hal_dma.o
    0x080004e4   0x080004e4   0x00000002   Code   RO          156    .text.DebugMon_Handler  stm32f1xx_it.o
    0x080004e6   0x080004e6   0x00000002   PAD
    0x080004e8   0x080004e8   0x0000000a   Code   RO           19    .text.Error_Handler  main.o
    0x080004f2   0x080004f2   0x00000002   PAD
    0x080004f4   0x080004f4   0x000000ee   Code   RO          278    .text.HAL_ADCEx_Calibration_Start  stm32f1xx_hal_adc_ex.o
    0x080005e2   0x080005e2   0x00000002   PAD
    0x080005e4   0x080005e4   0x0000010e   Code   RO          262    .text.HAL_ADC_ConfigChannel  stm32f1xx_hal_adc.o
    0x080006f2   0x080006f2   0x00000002   PAD
    0x080006f4   0x080006f4   0x00000002   Code   RO          254    .text.HAL_ADC_ConvCpltCallback  stm32f1xx_hal_adc.o
    0x080006f6   0x080006f6   0x00000002   PAD
    0x080006f8   0x080006f8   0x00000002   Code   RO          258    .text.HAL_ADC_ConvHalfCpltCallback  stm32f1xx_hal_adc.o
    0x080006fa   0x080006fa   0x00000002   PAD
    0x080006fc   0x080006fc   0x00000002   Code   RO          260    .text.HAL_ADC_ErrorCallback  stm32f1xx_hal_adc.o
    0x080006fe   0x080006fe   0x00000002   PAD
    0x08000700   0x08000700   0x00000118   Code   RO          216    .text.HAL_ADC_Init  stm32f1xx_hal_adc.o
    0x08000818   0x08000818   0x000000ce   Code   RO           43    .text.HAL_ADC_MspInit  adc.o
    0x080008e6   0x080008e6   0x00000002   PAD
    0x080008e8   0x080008e8   0x00000136   Code   RO          240    .text.HAL_ADC_Start_DMA  stm32f1xx_hal_adc.o
    0x08000a1e   0x08000a1e   0x00000002   PAD
    0x08000a20   0x08000a20   0x00000040   Code   RO          459    .text.HAL_DMA_Abort  stm32f1xx_hal_dma.o
    0x08000a60   0x08000a60   0x000000ae   Code   RO          461    .text.HAL_DMA_Abort_IT  stm32f1xx_hal_dma.o
    0x08000b0e   0x08000b0e   0x00000002   PAD
    0x08000b10   0x08000b10   0x00000006   Code   RO          471    .text.HAL_DMA_GetState  stm32f1xx_hal_dma.o
    0x08000b16   0x08000b16   0x00000002   PAD
    0x08000b18   0x08000b18   0x0000017e   Code   RO          465    .text.HAL_DMA_IRQHandler  stm32f1xx_hal_dma.o
    0x08000c96   0x08000c96   0x00000002   PAD
    0x08000c98   0x08000c98   0x00000088   Code   RO          449    .text.HAL_DMA_Init  stm32f1xx_hal_dma.o
    0x08000d20   0x08000d20   0x0000006e   Code   RO          457    .text.HAL_DMA_Start_IT  stm32f1xx_hal_dma.o
    0x08000d8e   0x08000d8e   0x00000002   PAD
    0x08000d90   0x08000d90   0x00000028   Code   RO          332    .text.HAL_Delay     stm32f1xx_hal.o
    0x08000db8   0x08000db8   0x000001fa   Code   RO          425    .text.HAL_GPIO_Init  stm32f1xx_hal_gpio.o
    0x08000fb2   0x08000fb2   0x00000002   PAD
    0x08000fb4   0x08000fb4   0x0000000a   Code   RO          431    .text.HAL_GPIO_WritePin  stm32f1xx_hal_gpio.o
    0x08000fbe   0x08000fbe   0x00000002   PAD
    0x08000fc0   0x08000fc0   0x0000000c   Code   RO          324    .text.HAL_GetTick   stm32f1xx_hal.o
    0x08000fcc   0x08000fcc   0x00000002   Code   RO          844    .text.HAL_I2C_AbortCpltCallback  stm32f1xx_hal_i2c.o
    0x08000fce   0x08000fce   0x00000002   PAD
    0x08000fd0   0x08000fd0   0x00000002   Code   RO          834    .text.HAL_I2C_AddrCallback  stm32f1xx_hal_i2c.o
    0x08000fd2   0x08000fd2   0x00000002   PAD
    0x08000fd4   0x08000fd4   0x0000019c   Code   RO          790    .text.HAL_I2C_EV_IRQHandler  stm32f1xx_hal_i2c.o
    0x08001170   0x08001170   0x00000002   Code   RO          842    .text.HAL_I2C_ErrorCallback  stm32f1xx_hal_i2c.o
    0x08001172   0x08001172   0x00000002   PAD
    0x08001174   0x08001174   0x00000006   Code   RO          846    .text.HAL_I2C_GetState  stm32f1xx_hal_i2c.o
    0x0800117a   0x0800117a   0x00000002   PAD
    0x0800117c   0x0800117c   0x00000198   Code   RO          696    .text.HAL_I2C_Init  stm32f1xx_hal_i2c.o
    0x08001314   0x08001314   0x00000002   Code   RO          836    .text.HAL_I2C_ListenCpltCallback  stm32f1xx_hal_i2c.o
    0x08001316   0x08001316   0x00000002   PAD
    0x08001318   0x08001318   0x00000002   Code   RO          828    .text.HAL_I2C_MasterRxCpltCallback  stm32f1xx_hal_i2c.o
    0x0800131a   0x0800131a   0x00000002   PAD
    0x0800131c   0x0800131c   0x00000002   Code   RO          826    .text.HAL_I2C_MasterTxCpltCallback  stm32f1xx_hal_i2c.o
    0x0800131e   0x0800131e   0x00000002   PAD
    0x08001320   0x08001320   0x0000015a   Code   RO          740    .text.HAL_I2C_Master_Receive_DMA  stm32f1xx_hal_i2c.o
    0x0800147a   0x0800147a   0x00000002   PAD
    0x0800147c   0x0800147c   0x00000138   Code   RO          704    .text.HAL_I2C_Master_Transmit  stm32f1xx_hal_i2c.o
    0x080015b4   0x080015b4   0x00000002   Code   RO          840    .text.HAL_I2C_MemRxCpltCallback  stm32f1xx_hal_i2c.o
    0x080015b6   0x080015b6   0x00000002   PAD
    0x080015b8   0x080015b8   0x00000002   Code   RO          838    .text.HAL_I2C_MemTxCpltCallback  stm32f1xx_hal_i2c.o
    0x080015ba   0x080015ba   0x00000002   PAD
    0x080015bc   0x080015bc   0x000000ae   Code   RO           68    .text.HAL_I2C_MspInit  i2c.o
    0x0800166a   0x0800166a   0x00000002   PAD
    0x0800166c   0x0800166c   0x00000002   Code   RO          832    .text.HAL_I2C_SlaveRxCpltCallback  stm32f1xx_hal_i2c.o
    0x0800166e   0x0800166e   0x00000002   PAD
    0x08001670   0x08001670   0x00000002   Code   RO          830    .text.HAL_I2C_SlaveTxCpltCallback  stm32f1xx_hal_i2c.o
    0x08001672   0x08001672   0x00000002   PAD
    0x08001674   0x08001674   0x0000001a   Code   RO          322    .text.HAL_IncTick   stm32f1xx_hal.o
    0x0800168e   0x0800168e   0x00000002   PAD
    0x08001690   0x08001690   0x00000026   Code   RO          312    .text.HAL_Init      stm32f1xx_hal.o
    0x080016b6   0x080016b6   0x00000002   PAD
    0x080016b8   0x080016b8   0x00000050   Code   RO          314    .text.HAL_InitTick  stm32f1xx_hal.o
    0x08001708   0x08001708   0x00000042   Code   RO          193    .text.HAL_MspInit   stm32f1xx_hal_msp.o
    0x0800174a   0x0800174a   0x00000002   PAD
    0x0800174c   0x0800174c   0x00000008   Code   RO          495    .text.HAL_NVIC_EnableIRQ  stm32f1xx_hal_cortex.o
    0x08001754   0x08001754   0x0000001e   Code   RO          487    .text.HAL_NVIC_SetPriority  stm32f1xx_hal_cortex.o
    0x08001772   0x08001772   0x00000002   PAD
    0x08001774   0x08001774   0x00000008   Code   RO          483    .text.HAL_NVIC_SetPriorityGrouping  stm32f1xx_hal_cortex.o
    0x0800177c   0x0800177c   0x000000f8   Code   RO          415    .text.HAL_RCCEx_GetPeriphCLKFreq  stm32f1xx_hal_rcc_ex.o
    0x08001874   0x08001874   0x00000106   Code   RO          411    .text.HAL_RCCEx_PeriphCLKConfig  stm32f1xx_hal_rcc_ex.o
    0x0800197a   0x0800197a   0x00000002   PAD
    0x0800197c   0x0800197c   0x00000174   Code   RO          379    .text.HAL_RCC_ClockConfig  stm32f1xx_hal_rcc.o
    0x08001af0   0x08001af0   0x0000000c   Code   RO          389    .text.HAL_RCC_GetHCLKFreq  stm32f1xx_hal_rcc.o
    0x08001afc   0x08001afc   0x00000022   Code   RO          391    .text.HAL_RCC_GetPCLK1Freq  stm32f1xx_hal_rcc.o
    0x08001b1e   0x08001b1e   0x00000002   PAD
    0x08001b20   0x08001b20   0x00000022   Code   RO          393    .text.HAL_RCC_GetPCLK2Freq  stm32f1xx_hal_rcc.o
    0x08001b42   0x08001b42   0x00000002   PAD
    0x08001b44   0x08001b44   0x0000006c   Code   RO          381    .text.HAL_RCC_GetSysClockFreq  stm32f1xx_hal_rcc.o
    0x08001bb0   0x08001bb0   0x0000030c   Code   RO          375    .text.HAL_RCC_OscConfig  stm32f1xx_hal_rcc.o
    0x08001ebc   0x08001ebc   0x000000ac   Code   RO          868    .text.HAL_SPI_Init  stm32f1xx_hal_spi.o
    0x08001f68   0x08001f68   0x0000007a   Code   RO           84    .text.HAL_SPI_MspInit  spi.o
    0x08001fe2   0x08001fe2   0x00000002   PAD
    0x08001fe4   0x08001fe4   0x00000008   Code   RO          507    .text.HAL_SYSTICK_Config  stm32f1xx_hal_cortex.o
    0x08001fec   0x08001fec   0x00000076   Code   RO         1300    .text.HAL_TIMEx_MasterConfigSynchronization  stm32f1xx_hal_tim_ex.o
    0x08002062   0x08002062   0x00000002   PAD
    0x08002064   0x08002064   0x0000005a   Code   RO          986    .text.HAL_TIM_Base_Init  stm32f1xx_hal_tim.o
    0x080020be   0x080020be   0x00000002   PAD
    0x080020c0   0x080020c0   0x00000044   Code   RO          103    .text.HAL_TIM_Base_MspInit  tim.o
    0x08002104   0x08002104   0x000000de   Code   RO         1178    .text.HAL_TIM_ConfigClockSource  stm32f1xx_hal_tim.o
    0x080021e2   0x080021e2   0x00000002   PAD
    0x080021e4   0x080021e4   0x00000056   Code   RO          101    .text.HAL_TIM_MspPostInit  tim.o
    0x0800223a   0x0800223a   0x00000002   PAD
    0x0800223c   0x0800223c   0x0000004e   Code   RO         1132    .text.HAL_TIM_OC_ConfigChannel  stm32f1xx_hal_tim.o
    0x0800228a   0x0800228a   0x00000002   PAD
    0x0800228c   0x0800228c   0x0000005a   Code   RO         1014    .text.HAL_TIM_OC_Init  stm32f1xx_hal_tim.o
    0x080022e6   0x080022e6   0x00000002   PAD
    0x080022e8   0x080022e8   0x00000002   Code   RO         1016    .text.HAL_TIM_OC_MspInit  stm32f1xx_hal_tim.o
    0x080022ea   0x080022ea   0x00000002   PAD
    0x080022ec   0x080022ec   0x00000098   Code   RO         1152    .text.HAL_TIM_PWM_ConfigChannel  stm32f1xx_hal_tim.o
    0x08002384   0x08002384   0x0000005a   Code   RO         1040    .text.HAL_TIM_PWM_Init  stm32f1xx_hal_tim.o
    0x080023de   0x080023de   0x00000002   PAD
    0x080023e0   0x080023e0   0x00000032   Code   RO          105    .text.HAL_TIM_PWM_MspInit  tim.o
    0x08002412   0x08002412   0x00000002   PAD
    0x08002414   0x08002414   0x00000002   Code   RO         1366    .text.HAL_UARTEx_RxEventCallback  stm32f1xx_hal_uart.o
    0x08002416   0x08002416   0x00000002   PAD
    0x08002418   0x08002418   0x00000002   Code   RO         1356    .text.HAL_UART_AbortCpltCallback  stm32f1xx_hal_uart.o
    0x0800241a   0x0800241a   0x00000002   PAD
    0x0800241c   0x0800241c   0x00000002   Code   RO         1360    .text.HAL_UART_AbortReceiveCpltCallback  stm32f1xx_hal_uart.o
    0x0800241e   0x0800241e   0x00000002   PAD
    0x08002420   0x08002420   0x00000002   Code   RO         1358    .text.HAL_UART_AbortTransmitCpltCallback  stm32f1xx_hal_uart.o
    0x08002422   0x08002422   0x00000002   PAD
    0x08002424   0x08002424   0x00000002   Code   RO         1354    .text.HAL_UART_ErrorCallback  stm32f1xx_hal_uart.o
    0x08002426   0x08002426   0x00000002   PAD
    0x08002428   0x08002428   0x0000023e   Code   RO         1430    .text.HAL_UART_IRQHandler  stm32f1xx_hal_uart.o
    0x08002666   0x08002666   0x00000002   PAD
    0x08002668   0x08002668   0x00000074   Code   RO         1324    .text.HAL_UART_Init  stm32f1xx_hal_uart.o
    0x080026dc   0x080026dc   0x000001ca   Code   RO          127    .text.HAL_UART_MspInit  usart.o
    0x080028a6   0x080028a6   0x00000002   PAD
    0x080028a8   0x080028a8   0x00000002   Code   RO         1352    .text.HAL_UART_RxCpltCallback  stm32f1xx_hal_uart.o
    0x080028aa   0x080028aa   0x00000002   PAD
    0x080028ac   0x080028ac   0x00000002   Code   RO         1350    .text.HAL_UART_RxHalfCpltCallback  stm32f1xx_hal_uart.o
    0x080028ae   0x080028ae   0x00000002   PAD
    0x080028b0   0x080028b0   0x000000b4   Code   RO         1368    .text.HAL_UART_Transmit  stm32f1xx_hal_uart.o
    0x08002964   0x08002964   0x00000002   Code   RO         1348    .text.HAL_UART_TxCpltCallback  stm32f1xx_hal_uart.o
    0x08002966   0x08002966   0x00000002   PAD
    0x08002968   0x08002968   0x00000002   Code   RO         1346    .text.HAL_UART_TxHalfCpltCallback  stm32f1xx_hal_uart.o
    0x0800296a   0x0800296a   0x00000002   PAD
    0x0800296c   0x0800296c   0x00000002   Code   RO          146    .text.HardFault_Handler  stm32f1xx_it.o
    0x0800296e   0x0800296e   0x00000002   PAD
    0x08002970   0x08002970   0x00000010   Code   RO          172    .text.I2C1_EV_IRQHandler  stm32f1xx_it.o
    0x08002980   0x08002980   0x0000001e   Code   RO          792    .text.I2C_ConvertOtherXferOptions  stm32f1xx_hal_i2c.o
    0x0800299e   0x0800299e   0x00000002   PAD
    0x080029a0   0x080029a0   0x000000e0   Code   RO          776    .text.I2C_DMAAbort  stm32f1xx_hal_i2c.o
    0x08002a80   0x08002a80   0x0000003e   Code   RO          738    .text.I2C_DMAError  stm32f1xx_hal_i2c.o
    0x08002abe   0x08002abe   0x00000002   PAD
    0x08002ac0   0x08002ac0   0x0000012a   Code   RO          736    .text.I2C_DMAXferCplt  stm32f1xx_hal_i2c.o
    0x08002bea   0x08002bea   0x00000002   PAD
    0x08002bec   0x08002bec   0x0000000e   Code   RO          852    .text.I2C_Flush_DR  stm32f1xx_hal_i2c.o
    0x08002bfa   0x08002bfa   0x00000002   PAD
    0x08002bfc   0x08002bfc   0x00000150   Code   RO          788    .text.I2C_ITError   stm32f1xx_hal_i2c.o
    0x08002d4c   0x08002d4c   0x00000030   Code   RO          858    .text.I2C_IsAcknowledgeFailed  stm32f1xx_hal_i2c.o
    0x08002d7c   0x08002d7c   0x000000f8   Code   RO          808    .text.I2C_MasterReceive_BTF  stm32f1xx_hal_i2c.o
    0x08002e74   0x08002e74   0x000000e2   Code   RO          806    .text.I2C_MasterReceive_RXNE  stm32f1xx_hal_i2c.o
    0x08002f56   0x08002f56   0x00000002   PAD
    0x08002f58   0x08002f58   0x000000b0   Code   RO          708    .text.I2C_MasterRequestWrite  stm32f1xx_hal_i2c.o
    0x08003008   0x08003008   0x00000088   Code   RO          802    .text.I2C_MasterTransmit_BTF  stm32f1xx_hal_i2c.o
    0x08003090   0x08003090   0x000000b8   Code   RO          800    .text.I2C_MasterTransmit_TXE  stm32f1xx_hal_i2c.o
    0x08003148   0x08003148   0x00000026   Code   RO          796    .text.I2C_Master_ADD10  stm32f1xx_hal_i2c.o
    0x0800316e   0x0800316e   0x00000002   PAD
    0x08003170   0x08003170   0x000001d4   Code   RO          798    .text.I2C_Master_ADDR  stm32f1xx_hal_i2c.o
    0x08003344   0x08003344   0x00000088   Code   RO          794    .text.I2C_Master_SB  stm32f1xx_hal_i2c.o
    0x080033cc   0x080033cc   0x000000a8   Code   RO          804    .text.I2C_MemoryTransmit_TXE_BTF  stm32f1xx_hal_i2c.o
    0x08003474   0x08003474   0x0000001e   Code   RO          820    .text.I2C_SlaveReceive_BTF  stm32f1xx_hal_i2c.o
    0x08003492   0x08003492   0x00000002   PAD
    0x08003494   0x08003494   0x0000004c   Code   RO          818    .text.I2C_SlaveReceive_RXNE  stm32f1xx_hal_i2c.o
    0x080034e0   0x080034e0   0x0000001c   Code   RO          816    .text.I2C_SlaveTransmit_BTF  stm32f1xx_hal_i2c.o
    0x080034fc   0x080034fc   0x00000048   Code   RO          814    .text.I2C_SlaveTransmit_TXE  stm32f1xx_hal_i2c.o
    0x08003544   0x08003544   0x00000054   Code   RO          810    .text.I2C_Slave_ADDR  stm32f1xx_hal_i2c.o
    0x08003598   0x08003598   0x00000162   Code   RO          812    .text.I2C_Slave_STOPF  stm32f1xx_hal_i2c.o
    0x080036fa   0x080036fa   0x00000002   PAD
    0x080036fc   0x080036fc   0x0000006a   Code   RO          712    .text.I2C_WaitOnBTFFlagUntilTimeout  stm32f1xx_hal_i2c.o
    0x08003766   0x08003766   0x00000002   PAD
    0x08003768   0x08003768   0x00000094   Code   RO          706    .text.I2C_WaitOnFlagUntilTimeout  stm32f1xx_hal_i2c.o
    0x080037fc   0x080037fc   0x00000096   Code   RO          856    .text.I2C_WaitOnMasterAddressFlagUntilTimeout  stm32f1xx_hal_i2c.o
    0x08003892   0x08003892   0x00000002   PAD
    0x08003894   0x08003894   0x0000004e   Code   RO          854    .text.I2C_WaitOnSTOPRequestThroughIT  stm32f1xx_hal_i2c.o
    0x080038e2   0x080038e2   0x00000002   PAD
    0x080038e4   0x080038e4   0x0000006a   Code   RO          710    .text.I2C_WaitOnTXEFlagUntilTimeout  stm32f1xx_hal_i2c.o
    0x0800394e   0x0800394e   0x00000002   PAD
    0x08003950   0x08003950   0x0000004a   Code   RO         1630    .text.LineFollowIIC_Analog  linefollow.o
    0x0800399a   0x0800399a   0x00000002   PAD
    0x0800399c   0x0800399c   0x00000046   Code   RO         1626    .text.LineFollowIIC_State  linefollow.o
    0x080039e2   0x080039e2   0x00000002   PAD
    0x080039e4   0x080039e4   0x0000004a   Code   RO         1632    .text.LineFollowIIC_Threshold  linefollow.o
    0x08003a2e   0x08003a2e   0x00000002   PAD
    0x08003a30   0x08003a30   0x0000002c   Code   RO         1620    .text.LineFollowIIC_init  linefollow.o
    0x08003a5c   0x08003a5c   0x00000026   Code   RO          182    .text.LineFollow_checksum  stm32f1xx_it.o
    0x08003a82   0x08003a82   0x00000002   PAD
    0x08003a84   0x08003a84   0x00000124   Code   RO          178    .text.LineFollow_rx_handler  stm32f1xx_it.o
    0x08003ba8   0x08003ba8   0x000000b0   Code   RO           41    .text.MX_ADC1_Init  adc.o
    0x08003c58   0x08003c58   0x00000052   Code   RO           57    .text.MX_DMA_Init   dma.o
    0x08003caa   0x08003caa   0x00000002   PAD
    0x08003cac   0x08003cac   0x0000015e   Code   RO           32    .text.MX_GPIO_Init  gpio.o
    0x08003e0a   0x08003e0a   0x00000002   PAD
    0x08003e0c   0x08003e0c   0x0000003e   Code   RO           66    .text.MX_I2C1_Init  i2c.o
    0x08003e4a   0x08003e4a   0x00000002   PAD
    0x08003e4c   0x08003e4c   0x00000044   Code   RO           17    .text.MX_NVIC_Init  main.o
    0x08003e90   0x08003e90   0x00000048   Code   RO           82    .text.MX_SPI1_Init  spi.o
    0x08003ed8   0x08003ed8   0x000000d8   Code   RO           97    .text.MX_TIM3_Init  tim.o
    0x08003fb0   0x08003fb0   0x00000094   Code   RO           99    .text.MX_TIM4_Init  tim.o
    0x08004044   0x08004044   0x00000038   Code   RO          121    .text.MX_USART1_UART_Init  usart.o
    0x0800407c   0x0800407c   0x00000038   Code   RO          123    .text.MX_USART2_UART_Init  usart.o
    0x080040b4   0x080040b4   0x00000038   Code   RO          125    .text.MX_USART3_UART_Init  usart.o
    0x080040ec   0x080040ec   0x00000002   Code   RO          148    .text.MemManage_Handler  stm32f1xx_it.o
    0x080040ee   0x080040ee   0x00000002   PAD
    0x080040f0   0x080040f0   0x00000002   Code   RO          144    .text.NMI_Handler   stm32f1xx_it.o
    0x080040f2   0x080040f2   0x00000002   PAD
    0x080040f4   0x080040f4   0x0000002c   Code   RO          493    .text.NVIC_EncodePriority  stm32f1xx_hal_cortex.o
    0x08004120   0x08004120   0x00000002   Code   RO          158    .text.PendSV_Handler  stm32f1xx_it.o
    0x08004122   0x08004122   0x00000002   PAD
    0x08004124   0x08004124   0x0000002c   Code   RO          377    .text.RCC_Delay     stm32f1xx_hal_rcc.o
    0x08004150   0x08004150   0x00000002   Code   RO          154    .text.SVC_Handler   stm32f1xx_it.o
    0x08004152   0x08004152   0x00000002   PAD
    0x08004154   0x08004154   0x0000002e   Code   RO          509    .text.SysTick_Config  stm32f1xx_hal_cortex.o
    0x08004182   0x08004182   0x00000002   PAD
    0x08004184   0x08004184   0x0000007a   Code   RO          160    .text.SysTick_Handler  stm32f1xx_it.o
    0x080041fe   0x080041fe   0x00000002   PAD
    0x08004200   0x08004200   0x0000007e   Code   RO           15    .text.SystemClock_Config  main.o
    0x0800427e   0x0800427e   0x00000002   PAD
    0x08004280   0x08004280   0x00000002   Code   RO         1466    .text.SystemInit    system_stm32f1xx.o
    0x08004282   0x08004282   0x00000002   PAD
    0x08004284   0x08004284   0x00000002   Code   RO          170    .text.TIM3_IRQHandler  stm32f1xx_it.o
    0x08004286   0x08004286   0x00000002   PAD
    0x08004288   0x08004288   0x0000009a   Code   RO          990    .text.TIM_Base_SetConfig  stm32f1xx_hal_tim.o
    0x08004322   0x08004322   0x00000002   PAD
    0x08004324   0x08004324   0x00000016   Code   RO         1176    .text.TIM_ETR_SetConfig  stm32f1xx_hal_tim.o
    0x0800433a   0x0800433a   0x00000002   PAD
    0x0800433c   0x0800433c   0x00000010   Code   RO         1182    .text.TIM_ITRx_SetConfig  stm32f1xx_hal_tim.o
    0x0800434c   0x0800434c   0x00000060   Code   RO         1134    .text.TIM_OC1_SetConfig  stm32f1xx_hal_tim.o
    0x080043ac   0x080043ac   0x00000066   Code   RO         1136    .text.TIM_OC2_SetConfig  stm32f1xx_hal_tim.o
    0x08004412   0x08004412   0x00000002   PAD
    0x08004414   0x08004414   0x00000064   Code   RO         1138    .text.TIM_OC3_SetConfig  stm32f1xx_hal_tim.o
    0x08004478   0x08004478   0x0000004a   Code   RO         1140    .text.TIM_OC4_SetConfig  stm32f1xx_hal_tim.o
    0x080044c2   0x080044c2   0x00000002   PAD
    0x080044c4   0x080044c4   0x00000022   Code   RO         1180    .text.TIM_TI1_ConfigInputStage  stm32f1xx_hal_tim.o
    0x080044e6   0x080044e6   0x00000002   PAD
    0x080044e8   0x080044e8   0x00000024   Code   RO         1184    .text.TIM_TI2_ConfigInputStage  stm32f1xx_hal_tim.o
    0x0800450c   0x0800450c   0x00000010   Code   RO         1434    .text.UART_DMAAbortOnError  stm32f1xx_hal_uart.o
    0x0800451c   0x0800451c   0x00000050   Code   RO         1400    .text.UART_EndRxTransfer  stm32f1xx_hal_uart.o
    0x0800456c   0x0800456c   0x00000018   Code   RO         1438    .text.UART_EndTransmit_IT  stm32f1xx_hal_uart.o
    0x08004584   0x08004584   0x00000062   Code   RO         1326    .text.UART_InitCallbacksToDefault  stm32f1xx_hal_uart.o
    0x080045e6   0x080045e6   0x00000002   PAD
    0x080045e8   0x080045e8   0x000000c8   Code   RO         1432    .text.UART_Receive_IT  stm32f1xx_hal_uart.o
    0x080046b0   0x080046b0   0x0000008e   Code   RO         1330    .text.UART_SetConfig  stm32f1xx_hal_uart.o
    0x0800473e   0x0800473e   0x00000002   PAD
    0x08004740   0x08004740   0x00000052   Code   RO         1436    .text.UART_Transmit_IT  stm32f1xx_hal_uart.o
    0x08004792   0x08004792   0x00000002   PAD
    0x08004794   0x08004794   0x00000088   Code   RO         1370    .text.UART_WaitOnFlagUntilTimeout  stm32f1xx_hal_uart.o
    0x0800481c   0x0800481c   0x00000010   Code   RO          174    .text.USART1_IRQHandler  stm32f1xx_it.o
    0x0800482c   0x0800482c   0x00000092   Code   RO          176    .text.USART2_IRQHandler  stm32f1xx_it.o
    0x080048be   0x080048be   0x00000002   PAD
    0x080048c0   0x080048c0   0x00000010   Code   RO          180    .text.USART3_IRQHandler  stm32f1xx_it.o
    0x080048d0   0x080048d0   0x00000002   Code   RO          152    .text.UsageFault_Handler  stm32f1xx_it.o
    0x080048d2   0x080048d2   0x00000002   PAD
    0x080048d4   0x080048d4   0x00000020   Code   RO          497    .text.__NVIC_EnableIRQ  stm32f1xx_hal_cortex.o
    0x080048f4   0x080048f4   0x00000010   Code   RO          489    .text.__NVIC_GetPriorityGrouping  stm32f1xx_hal_cortex.o
    0x08004904   0x08004904   0x00000022   Code   RO          491    .text.__NVIC_SetPriority  stm32f1xx_hal_cortex.o
    0x08004926   0x08004926   0x00000002   PAD
    0x08004928   0x08004928   0x00000020   Code   RO          485    .text.__NVIC_SetPriorityGrouping  stm32f1xx_hal_cortex.o
    0x08004948   0x08004948   0x0000001a   Code   RO         1606    .text.adc_sample_handler  adc_sample.o
    0x08004962   0x08004962   0x00000002   PAD
    0x08004964   0x08004964   0x000000c0   Code   RO         1533    .text.buzzer_handler  buzzer.o
    0x08004a24   0x08004a24   0x00000014   Code   RO         1531    .text.buzzer_toggle  buzzer.o
    0x08004a38   0x08004a38   0x00000020   Code   RO           11    .text.fputc         main.o
    0x08004a58   0x08004a58   0x0000004c   Code   RO         1608    .text.get_battery_volocity  adc_sample.o
    0x08004aa4   0x08004aa4   0x00000016   Code   RO         1659    .text.led1_write_pin  led_porting.o
    0x08004aba   0x08004aba   0x00000002   PAD
    0x08004abc   0x08004abc   0x0000007a   Code   RO         1481    .text.led_handler   led.o
    0x08004b36   0x08004b36   0x00000002   PAD
    0x08004b38   0x08004b38   0x00000038   Code   RO         1653    .text.led_init      led_porting.o
    0x08004b70   0x08004b70   0x00000010   Code   RO         1655    .text.led_object_init  led_porting.o
    0x08004b80   0x08004b80   0x00000016   Code   RO         1657    .text.led_write_pin  led_porting.o
    0x08004b96   0x08004b96   0x00000002   PAD
    0x08004b98   0x08004b98   0x0000001c   Code   RO         1667    .text.leds_handler  led_porting.o
    0x08004bb4   0x08004bb4   0x00000110   Code   RO           13    .text.main          main.o
    0x08004cc4   0x08004cc4   0x00000020   Code   RO         1624    .text.read_data     linefollow.o
    0x08004ce4   0x08004ce4   0x0000003a   Code   RO         1628    .text.receive_from_device  linefollow.o
    0x08004d1e   0x08004d1e   0x00000002   PAD
    0x08004d20   0x08004d20   0x0000002c   Code   RO         1622    .text.write_data    linefollow.o
    0x08004d4c   0x08004d4c   0x00000020   Code   RO         1987    i.__0printf$1       mc_w.l(printf1.o)
    0x08004d6c   0x08004d6c   0x0000000e   Code   RO         2265    i.__scatterload_copy  mc_w.l(handlers.o)
    0x08004d7a   0x08004d7a   0x00000002   Code   RO         2266    i.__scatterload_null  mc_w.l(handlers.o)
    0x08004d7c   0x08004d7c   0x0000000e   Code   RO         2267    i.__scatterload_zeroinit  mc_w.l(handlers.o)
    0x08004d8a   0x08004d8a   0x00000002   PAD
    0x08004d8c   0x08004d8c   0x00000154   Code   RO         1994    i._printf_core      mc_w.l(printf1.o)
    0x08004ee0   0x08004ee0   0x00000010   Data   RO         1471    .rodata.AHBPrescTable  system_stm32f1xx.o
    0x08004ef0   0x08004ef0   0x00000008   Data   RO         1472    .rodata.APBPrescTable  system_stm32f1xx.o
    0x08004ef8   0x08004ef8   0x00000018   Data   RO         1893    .rodata.EventRecorderInfo  eventrecorder.o
    0x08004f10   0x08004f10   0x00000133   Data   RO           22    .rodata.str1.1      main.o
    0x08005043   0x08005043   0x00000001   PAD
    0x08005044   0x08005044   0x00000020   Data   RO         2264    Region$$Table       anon$$obj.o


    Execution Region RW_IRAM1 (Exec base: 0x20000000, Load base: 0x08005080, Size: 0x00000df0, Max: 0x00005000, ABSOLUTE)

    Exec Addr    Load Addr    Size         Type   Attr      Idx    E Section Name        Object

    0x20000000   0x08005080   0x00000004   Data   RW         1934    .data               mc_w.l(stdout.o)
    0x20000004   0x08005084   0x00000004   Data   RW         1470    .data.SystemCoreClock  system_stm32f1xx.o
    0x20000008   0x08005088   0x00000001   Data   RW          363    .data.uwTickFreq    stm32f1xx_hal.o
    0x20000009   0x08005089   0x00000003   PAD
    0x2000000c   0x0800508c   0x00000004   Data   RW          362    .data.uwTickPrio    stm32f1xx_hal.o
    0x20000010   0x08005090   0x00000030   PAD
    0x20000040        -       0x00000058   Zero   RW         1644    .bss.LineFollow     linefollow.o
    0x20000098        -       0x00000058   Zero   RW           21    .bss.LineFollowLearn  main.o
    0x200000f0        -       0x00000018   Zero   RW         1612    .bss.adc_value      adc_sample.o
    0x20000108        -       0x00000014   Zero   RW         1535    .bss.buzzer         buzzer.o
    0x2000011c        -       0x00000030   Zero   RW           47    .bss.hadc1          adc.o
    0x2000014c        -       0x00000044   Zero   RW           48    .bss.hdma_adc1      adc.o
    0x20000190        -       0x00000044   Zero   RW           73    .bss.hdma_i2c1_rx   i2c.o
    0x200001d4        -       0x00000044   Zero   RW          134    .bss.hdma_usart1_rx  usart.o
    0x20000218        -       0x00000044   Zero   RW          135    .bss.hdma_usart3_rx  usart.o
    0x2000025c        -       0x00000054   Zero   RW           72    .bss.hi2c1          i2c.o
    0x200002b0        -       0x00000058   Zero   RW           88    .bss.hspi1          spi.o
    0x20000308        -       0x00000048   Zero   RW          111    .bss.htim3          tim.o
    0x20000350        -       0x00000048   Zero   RW          112    .bss.htim4          tim.o
    0x20000398        -       0x00000078   Zero   RW          131    .bss.huart1         usart.o
    0x20000410        -       0x00000078   Zero   RW          132    .bss.huart2         usart.o
    0x20000488        -       0x00000078   Zero   RW          133    .bss.huart3         usart.o
    0x20000500        -       0x00000014   Zero   RW         1669    .bss.led            led_porting.o
    0x20000514        -       0x00000014   Zero   RW         1670    .bss.led1           led_porting.o
    0x20000528   0x08005090   0x00000018   PAD
    0x20000540        -       0x000004a4   Zero   RW         1892    .bss.noinit         eventrecorder.o
    0x200009e4        -       0x00000001   Zero   RW         1536    .bss.period         buzzer.o
    0x200009e5   0x08005090   0x00000003   PAD
    0x200009e8        -       0x00000004   Zero   RW          184    .bss.sys_count      stm32f1xx_it.o
    0x200009ec        -       0x00000004   Zero   RW          364    .bss.uwTick         stm32f1xx_hal.o
    0x200009f0        -       0x00000400   Zero   RW            1    STACK               startup_stm32f103xb.o


==============================================================================

Image component sizes


      Code (inc. data)   RO Data    RW Data    ZI Data      Debug   Object Name

       382          0          0          0        116       4178   adc.o
       102          0          0          0         24       1330   adc_sample.o
       212          0          0          0         21       1677   buzzer.o
        82          0          0          0          0       2036   dma.o
         0          0         24          0       1188       9496   eventrecorder.o
       350          0          0          0          0       1677   gpio.o
       236          0          0          0        152       5525   i2c.o
       122          0          0          0          0       1285   led.o
       144          0          0          0         40       2712   led_porting.o
       396          0          0          0         88       6508   linefollow.o
       508          0        307          0         88       5408   main.o
       194          0          0          0         88       4215   spi.o
        36          8        236          0       1024        796   startup_stm32f103xb.o
       196          0          0          5          4       5790   stm32f1xx_hal.o
      1218          0          0          0          0      11194   stm32f1xx_hal_adc.o
       238          0          0          0          0       8670   stm32f1xx_hal_adc_ex.o
       258          0          0          0          0       8693   stm32f1xx_hal_cortex.o
       916          0          0          0          0       7488   stm32f1xx_hal_dma.o
       516         20          0          0          0       4680   stm32f1xx_hal_gpio.o
      5528         16          0          0          0      39946   stm32f1xx_hal_i2c.o
        66          0          0          0          0       1220   stm32f1xx_hal_msp.o
      1384         20          0          0          0       7097   stm32f1xx_hal_rcc.o
       510         20          0          0          0       3558   stm32f1xx_hal_rcc_ex.o
       172          0          0          0          0      20345   stm32f1xx_hal_spi.o
      1358          8          0          0          0      43727   stm32f1xx_hal_tim.o
       118          0          0          0          0      18578   stm32f1xx_hal_tim_ex.o
      1666          0          0          0          0      28013   stm32f1xx_hal_uart.o
       728          6          0          0          4       5098   stm32f1xx_it.o
         2          0         24          4          0       1621   system_stm32f1xx.o
       568          0          0          0        144       7147   tim.o
       626          0          0          0        496       6444   usart.o

    ----------------------------------------------------------------------
     19044         98        624         12       3552     276152   Object Totals
         0          0         32          0          0          0   (incl. Generated)
       212          0          1          3         75          0   (incl. Padding)

    ----------------------------------------------------------------------

      Code (inc. data)   RO Data    RW Data    ZI Data      Debug   Library Member Name

         0          0          0          0          0          0   entry.o
         0          0          0          0          0          0   entry10a.o
         0          0          0          0          0          0   entry11a.o
         8          4          0          0          0          0   entry2.o
         4          0          0          0          0          0   entry5.o
         0          0          0          0          0          0   entry7b.o
         0          0          0          0          0          0   entry8b.o
         8          4          0          0          0          0   entry9a.o
        30          0          0          0          0          0   handlers.o
        36          8          0          0          0         68   init.o
         0          0          0          0          0          0   iusefp.o
        36          0          0          0          0        108   memseta.o
       372         14          0          0          0        184   printf1.o
         0          0          0          4          0          0   stdout.o
        44          0          0          0          0         80   uidiv.o
        28          0          0          0          0         68   fcmpge.o
       124          0          0          0          0         88   fdiv.o
       110          0          0          0          0        168   fepilogue.o
        10          0          0          0          0         68   ffltui.o
       100          0          0          0          0         76   fmul.o

    ----------------------------------------------------------------------
       912         30          0          4          0        908   Library Totals
         2          0          0          0          0          0   (incl. Padding)

    ----------------------------------------------------------------------

      Code (inc. data)   RO Data    RW Data    ZI Data      Debug   Library Name

       538         30          0          4          0        440   mc_w.l
       372          0          0          0          0        468   mf_w.l

    ----------------------------------------------------------------------
       912         30          0          4          0        908   Library Totals

    ----------------------------------------------------------------------

==============================================================================


      Code (inc. data)   RO Data    RW Data    ZI Data      Debug   

     19956        128        624         16       3552     276400   Grand Totals
     19956        128        624         16       3552     276400   ELF Image Totals
     19956        128        624         16          0          0   ROM Totals

==============================================================================

    Total RO  Size (Code + RO Data)                20580 (  20.10kB)
    Total RW  Size (RW Data + ZI Data)              3568 (   3.48kB)
    Total ROM Size (Code + RO Data + RW Data)      20596 (  20.11kB)

==============================================================================

