Component: ARM Compiler 5.05 update 1 (build 106) Tool: armlink [4d0efa]

==============================================================================

Section Cross References

    main.o(i.main) refers to bsp.o(i.BSP_init) for BSP_init
    main.o(i.main) refers to bsp_key.o(i.Key1_State) for Key1_State
    main.o(i.main) refers to linewalking.o(i.LineWalking) for LineWalking
    main.o(i.main) refers to ps2_control.o(.data) for CarSpeed
    system_stm32f10x.o(i.SetSysClock) refers to system_stm32f10x.o(i.SetSysClockTo72) for SetSysClockTo72
    system_stm32f10x.o(i.SystemCoreClockUpdate) refers to system_stm32f10x.o(.data) for SystemCoreClock
    system_stm32f10x.o(i.SystemInit) refers to system_stm32f10x.o(i.SetSysClock) for SetSysClock
    startup_stm32f10x_hd.o(RESET) refers to startup_stm32f10x_hd.o(STACK) for __initial_sp
    startup_stm32f10x_hd.o(RESET) refers to startup_stm32f10x_hd.o(.text) for Reset_Handler
    startup_stm32f10x_hd.o(RESET) refers to stm32f10x_it.o(i.NMI_Handler) for NMI_Handler
    startup_stm32f10x_hd.o(RESET) refers to stm32f10x_it.o(i.HardFault_Handler) for HardFault_Handler
    startup_stm32f10x_hd.o(RESET) refers to stm32f10x_it.o(i.MemManage_Handler) for MemManage_Handler
    startup_stm32f10x_hd.o(RESET) refers to stm32f10x_it.o(i.BusFault_Handler) for BusFault_Handler
    startup_stm32f10x_hd.o(RESET) refers to stm32f10x_it.o(i.UsageFault_Handler) for UsageFault_Handler
    startup_stm32f10x_hd.o(RESET) refers to stm32f10x_it.o(i.SVC_Handler) for SVC_Handler
    startup_stm32f10x_hd.o(RESET) refers to stm32f10x_it.o(i.DebugMon_Handler) for DebugMon_Handler
    startup_stm32f10x_hd.o(RESET) refers to stm32f10x_it.o(i.PendSV_Handler) for PendSV_Handler
    startup_stm32f10x_hd.o(RESET) refers to stm32f10x_it.o(i.SysTick_Handler) for SysTick_Handler
    startup_stm32f10x_hd.o(RESET) refers to bsp_usart.o(i.USART1_IRQHandler) for USART1_IRQHandler
    startup_stm32f10x_hd.o(.text) refers to system_stm32f10x.o(i.SystemInit) for SystemInit
    startup_stm32f10x_hd.o(.text) refers to entry.o(.ARM.Collect$$$$00000000) for __main
    stm32f10x_adc.o(i.ADC_DeInit) refers to stm32f10x_rcc.o(i.RCC_APB2PeriphResetCmd) for RCC_APB2PeriphResetCmd
    stm32f10x_bkp.o(i.BKP_DeInit) refers to stm32f10x_rcc.o(i.RCC_BackupResetCmd) for RCC_BackupResetCmd
    stm32f10x_can.o(i.CAN_DeInit) refers to stm32f10x_rcc.o(i.RCC_APB1PeriphResetCmd) for RCC_APB1PeriphResetCmd
    stm32f10x_can.o(i.CAN_GetITStatus) refers to stm32f10x_can.o(i.CheckITStatus) for CheckITStatus
    stm32f10x_cec.o(i.CEC_DeInit) refers to stm32f10x_rcc.o(i.RCC_APB1PeriphResetCmd) for RCC_APB1PeriphResetCmd
    stm32f10x_dac.o(i.DAC_DeInit) refers to stm32f10x_rcc.o(i.RCC_APB1PeriphResetCmd) for RCC_APB1PeriphResetCmd
    stm32f10x_flash.o(i.FLASH_EnableWriteProtection) refers to stm32f10x_flash.o(i.FLASH_WaitForLastOperation) for FLASH_WaitForLastOperation
    stm32f10x_flash.o(i.FLASH_EraseAllBank1Pages) refers to stm32f10x_flash.o(i.FLASH_WaitForLastBank1Operation) for FLASH_WaitForLastBank1Operation
    stm32f10x_flash.o(i.FLASH_EraseAllPages) refers to stm32f10x_flash.o(i.FLASH_WaitForLastOperation) for FLASH_WaitForLastOperation
    stm32f10x_flash.o(i.FLASH_EraseOptionBytes) refers to stm32f10x_flash.o(i.FLASH_GetReadOutProtectionStatus) for FLASH_GetReadOutProtectionStatus
    stm32f10x_flash.o(i.FLASH_EraseOptionBytes) refers to stm32f10x_flash.o(i.FLASH_WaitForLastOperation) for FLASH_WaitForLastOperation
    stm32f10x_flash.o(i.FLASH_ErasePage) refers to stm32f10x_flash.o(i.FLASH_WaitForLastOperation) for FLASH_WaitForLastOperation
    stm32f10x_flash.o(i.FLASH_ProgramHalfWord) refers to stm32f10x_flash.o(i.FLASH_WaitForLastOperation) for FLASH_WaitForLastOperation
    stm32f10x_flash.o(i.FLASH_ProgramOptionByteData) refers to stm32f10x_flash.o(i.FLASH_WaitForLastOperation) for FLASH_WaitForLastOperation
    stm32f10x_flash.o(i.FLASH_ProgramWord) refers to stm32f10x_flash.o(i.FLASH_WaitForLastOperation) for FLASH_WaitForLastOperation
    stm32f10x_flash.o(i.FLASH_ReadOutProtection) refers to stm32f10x_flash.o(i.FLASH_WaitForLastOperation) for FLASH_WaitForLastOperation
    stm32f10x_flash.o(i.FLASH_UserOptionByteConfig) refers to stm32f10x_flash.o(i.FLASH_WaitForLastOperation) for FLASH_WaitForLastOperation
    stm32f10x_flash.o(i.FLASH_WaitForLastBank1Operation) refers to stm32f10x_flash.o(i.FLASH_GetBank1Status) for FLASH_GetBank1Status
    stm32f10x_flash.o(i.FLASH_WaitForLastOperation) refers to stm32f10x_flash.o(i.FLASH_GetBank1Status) for FLASH_GetBank1Status
    stm32f10x_gpio.o(i.GPIO_AFIODeInit) refers to stm32f10x_rcc.o(i.RCC_APB2PeriphResetCmd) for RCC_APB2PeriphResetCmd
    stm32f10x_gpio.o(i.GPIO_DeInit) refers to stm32f10x_rcc.o(i.RCC_APB2PeriphResetCmd) for RCC_APB2PeriphResetCmd
    stm32f10x_i2c.o(i.I2C_DeInit) refers to stm32f10x_rcc.o(i.RCC_APB1PeriphResetCmd) for RCC_APB1PeriphResetCmd
[...]
    Removing stm32f10x_tim.o(i.TIM_CCxNCmd), (30 bytes).
    Removing stm32f10x_tim.o(i.TIM_ClearITPendingBit), (6 bytes).
    Removing stm32f10x_tim.o(i.TIM_ClearOC1Ref), (18 bytes).
    Removing stm32f10x_tim.o(i.TIM_ClearOC2Ref), (24 bytes).
    Removing stm32f10x_tim.o(i.TIM_ClearOC3Ref), (18 bytes).
    Removing stm32f10x_tim.o(i.TIM_ClearOC4Ref), (24 bytes).
    Removing stm32f10x_tim.o(i.TIM_CounterModeConfig), (18 bytes).
    Removing stm32f10x_tim.o(i.TIM_DMACmd), (18 bytes).
    Removing stm32f10x_tim.o(i.TIM_DMAConfig), (10 bytes).
    Removing stm32f10x_tim.o(i.TIM_ETRClockMode1Config), (54 bytes).
    Removing stm32f10x_tim.o(i.TIM_ETRClockMode2Config), (32 bytes).
    Removing stm32f10x_tim.o(i.TIM_ETRConfig), (28 bytes).
    Removing stm32f10x_tim.o(i.TIM_ForcedOC1Config), (18 bytes).
    Removing stm32f10x_tim.o(i.TIM_ForcedOC2Config), (26 bytes).
    Removing stm32f10x_tim.o(i.TIM_ForcedOC3Config), (18 bytes).
    Removing stm32f10x_tim.o(i.TIM_ForcedOC4Config), (26 bytes).
    Removing stm32f10x_tim.o(i.TIM_GenerateEvent), (4 bytes).
    Removing stm32f10x_tim.o(i.TIM_GetCapture1), (6 bytes).
    Removing stm32f10x_tim.o(i.TIM_GetCapture2), (6 bytes).
    Removing stm32f10x_tim.o(i.TIM_GetCapture3), (6 bytes).
    Removing stm32f10x_tim.o(i.TIM_GetCapture4), (8 bytes).
    Removing stm32f10x_tim.o(i.TIM_GetCounter), (6 bytes).
    Removing stm32f10x_tim.o(i.TIM_GetFlagStatus), (18 bytes).
    Removing stm32f10x_tim.o(i.TIM_GetITStatus), (34 bytes).
    Removing stm32f10x_tim.o(i.TIM_GetPrescaler), (6 bytes).
    Removing stm32f10x_tim.o(i.TIM_ITRxExternalClockConfig), (24 bytes).
    Removing stm32f10x_tim.o(i.TIM_InternalClockConfig), (12 bytes).
    Removing stm32f10x_tim.o(i.TIM_OC1FastConfig), (18 bytes).
    Removing stm32f10x_tim.o(i.TIM_OC1NPolarityConfig), (18 bytes).
    Removing stm32f10x_tim.o(i.TIM_OC1PolarityConfig), (18 bytes).
    Removing stm32f10x_tim.o(i.TIM_OC1PreloadConfig), (18 bytes).
    Removing stm32f10x_tim.o(i.TIM_OC2FastConfig), (26 bytes).
    Removing stm32f10x_tim.o(i.TIM_OC2NPolarityConfig), (26 bytes).
    Removing stm32f10x_tim.o(i.TIM_OC2PolarityConfig), (26 bytes).
    Removing stm32f10x_tim.o(i.TIM_OC2PreloadConfig), (26 bytes).
    Removing stm32f10x_tim.o(i.TIM_OC3FastConfig), (18 bytes).
    Removing stm32f10x_tim.o(i.TIM_OC3NPolarityConfig), (26 bytes).
    Removing stm32f10x_tim.o(i.TIM_OC3PolarityConfig), (26 bytes).
    Removing stm32f10x_tim.o(i.TIM_OC3PreloadConfig), (18 bytes).
    Removing stm32f10x_tim.o(i.TIM_OC4FastConfig), (26 bytes).
    Removing stm32f10x_tim.o(i.TIM_OC4PolarityConfig), (26 bytes).
    Removing stm32f10x_tim.o(i.TIM_OC4PreloadConfig), (26 bytes).
    Removing stm32f10x_tim.o(i.TIM_PWMIConfig), (124 bytes).
    Removing stm32f10x_tim.o(i.TIM_PrescalerConfig), (6 bytes).
    Removing stm32f10x_tim.o(i.TIM_SelectCCDMA), (24 bytes).
    Removing stm32f10x_tim.o(i.TIM_SelectCOM), (24 bytes).
    Removing stm32f10x_tim.o(i.TIM_SelectHallSensor), (24 bytes).
    Removing stm32f10x_tim.o(i.TIM_SelectInputTrigger), (18 bytes).
    Removing stm32f10x_tim.o(i.TIM_SelectMasterSlaveMode), (18 bytes).
    Removing stm32f10x_tim.o(i.TIM_SelectOCxM), (82 bytes).
    Removing stm32f10x_tim.o(i.TIM_SelectOnePulseMode), (18 bytes).
    Removing stm32f10x_tim.o(i.TIM_SelectOutputTrigger), (18 bytes).
    Removing stm32f10x_tim.o(i.TIM_SelectSlaveMode), (18 bytes).
    Removing stm32f10x_tim.o(i.TIM_SetAutoreload), (4 bytes).
    Removing stm32f10x_tim.o(i.TIM_SetClockDivision), (18 bytes).
    Removing stm32f10x_tim.o(i.TIM_SetCompare1), (4 bytes).
    Removing stm32f10x_tim.o(i.TIM_SetCompare2), (4 bytes).
    Removing stm32f10x_tim.o(i.TIM_SetCompare3), (4 bytes).
    Removing stm32f10x_tim.o(i.TIM_SetCompare4), (6 bytes).
    Removing stm32f10x_tim.o(i.TIM_TIxExternalClockConfig), (62 bytes).
    Removing stm32f10x_tim.o(i.TIM_UpdateDisableConfig), (24 bytes).
    Removing stm32f10x_tim.o(i.TIM_UpdateRequestConfig), (24 bytes).
    Removing stm32f10x_usart.o(i.USART_ClearITPendingBit), (30 bytes).
    Removing stm32f10x_usart.o(i.USART_ClockInit), (34 bytes).
    Removing stm32f10x_usart.o(i.USART_ClockStructInit), (12 bytes).
    Removing stm32f10x_usart.o(i.USART_DMACmd), (18 bytes).
    Removing stm32f10x_usart.o(i.USART_DeInit), (156 bytes).
    Removing stm32f10x_usart.o(i.USART_HalfDuplexCmd), (24 bytes).
    Removing stm32f10x_usart.o(i.USART_IrDACmd), (24 bytes).
    Removing stm32f10x_usart.o(i.USART_IrDAConfig), (18 bytes).
    Removing stm32f10x_usart.o(i.USART_LINBreakDetectLengthConfig), (18 bytes).
    Removing stm32f10x_usart.o(i.USART_LINCmd), (24 bytes).
    Removing stm32f10x_usart.o(i.USART_OneBitMethodCmd), (24 bytes).
    Removing stm32f10x_usart.o(i.USART_OverSampling8Cmd), (22 bytes).
    Removing stm32f10x_usart.o(i.USART_ReceiverWakeUpCmd), (24 bytes).
    Removing stm32f10x_usart.o(i.USART_SendBreak), (10 bytes).
    Removing stm32f10x_usart.o(i.USART_SetAddress), (18 bytes).
    Removing stm32f10x_usart.o(i.USART_SetGuardTime), (16 bytes).
    Removing stm32f10x_usart.o(i.USART_SetPrescaler), (16 bytes).
    Removing stm32f10x_usart.o(i.USART_SmartCardCmd), (24 bytes).
    Removing stm32f10x_usart.o(i.USART_SmartCardNACKCmd), (24 bytes).
    Removing stm32f10x_usart.o(i.USART_StructInit), (24 bytes).
    Removing stm32f10x_usart.o(i.USART_WakeUpConfig), (18 bytes).
    Removing stm32f10x_wwdg.o(i.WWDG_ClearFlag), (12 bytes).
    Removing stm32f10x_wwdg.o(i.WWDG_DeInit), (22 bytes).
    Removing stm32f10x_wwdg.o(i.WWDG_Enable), (16 bytes).
    Removing stm32f10x_wwdg.o(i.WWDG_EnableIT), (12 bytes).
    Removing stm32f10x_wwdg.o(i.WWDG_GetFlagStatus), (12 bytes).
    Removing stm32f10x_wwdg.o(i.WWDG_SetCounter), (16 bytes).
    Removing stm32f10x_wwdg.o(i.WWDG_SetPrescaler), (24 bytes).
    Removing stm32f10x_wwdg.o(i.WWDG_SetWindowValue), (40 bytes).
    Removing lcd.o(i.Draw_Circle), (158 bytes).
    Removing lcd.o(i.LCD_DrawLine), (172 bytes).
    Removing lcd.o(i.LCD_DrawRectangle), (74 bytes).
    Removing lcd.o(i.LCD_ShowChinese), (58 bytes).
    Removing lcd.o(i.LCD_ShowChinese16x16), (312 bytes).
    Removing lcd.o(i.LCD_ShowFloatNum1), (164 bytes).
    Removing lcd.o(i.LCD_ShowIntNum), (150 bytes).
    Removing lcd.o(i.LCD_ShowPicture), (102 bytes).
    Removing lcd.o(i.mypow), (22 bytes).
    Removing delay.o(i.delay_us), (60 bytes).
    Removing bsp_icm20607.o(i.getRawAccelerationX), (32 bytes).
    Removing bsp_icm20607.o(i.getRawAccelerationY), (32 bytes).
    Removing bsp_icm20607.o(i.getRawAccelerationZ), (32 bytes).
    Removing bsp_icm20607.o(i.getRawGyroscopeX), (32 bytes).
    Removing bsp_icm20607.o(i.getRawGyroscopeY), (32 bytes).
    Removing bsp_icm20607.o(i.getRawGyroscopeZ), (32 bytes).
    Removing bsp_icm20607.o(i.get_attitude_angle), (1940 bytes).
    Removing bsp_icm20607.o(i.get_icm_attitude), (844 bytes).
    Removing bsp_icm20607.o(i.icm20607_init), (112 bytes).
    Removing bsp_icm20607.o(i.icm20607_who_am_i), (144 bytes).
    Removing bsp_icm20607.o(i.icm_check_calibrate), (116 bytes).
    Removing bsp_icm20607.o(i.icm_get_acc), (40 bytes).
    Removing bsp_icm20607.o(i.icm_get_gyro), (40 bytes).
    Removing bsp_icm20607.o(i.icm_i2c_read), (22 bytes).
    Removing bsp_icm20607.o(i.icm_i2c_write), (18 bytes).
    Removing bsp_icm20607.o(i.icm_test_start), (16 bytes).
    Removing bsp_icm20607.o(i.icm_test_stop), (2 bytes).
    Removing bsp_icm20607.o(i.icm_update_data), (12 bytes).
    Removing bsp_icm20607.o(i.icm_write_gyro_offset), (76 bytes).
    Removing bsp_icm20607.o(.bss), (48 bytes).
    Removing bsp_icm20607.o(.data), (88 bytes).
    Removing ioi2c.o(i.Delay_For_Pin), (38 bytes).
    Removing ioi2c.o(i.I2C_ReadOneByte), (70 bytes).
    Removing ioi2c.o(i.IIC_Ack), (76 bytes).
    Removing ioi2c.o(i.IIC_Init), (44 bytes).
    Removing ioi2c.o(i.IIC_NAck), (76 bytes).
    Removing ioi2c.o(i.IIC_Read_Byte), (112 bytes).
    Removing ioi2c.o(i.IIC_Send_Byte), (100 bytes).
    Removing ioi2c.o(i.IIC_Start), (104 bytes).
    Removing ioi2c.o(i.IIC_Stop), (80 bytes).
    Removing ioi2c.o(i.IIC_Wait_Ack), (104 bytes).
    Removing ioi2c.o(i.IICreadByte), (22 bytes).
    Removing ioi2c.o(i.IICreadBytes), (100 bytes).
    Removing ioi2c.o(i.IICwriteBit), (64 bytes).
    Removing ioi2c.o(i.IICwriteBits), (106 bytes).
    Removing ioi2c.o(i.IICwriteByte), (20 bytes).
    Removing ioi2c.o(i.IICwriteBytes), (70 bytes).
    Removing ioi2c.o(i.i2cRead), (118 bytes).
    Removing ioi2c.o(i.i2cWrite), (96 bytes).
    Removing ioi2c.o(i.i2c_scanf_addr), (192 bytes).
    Removing ioi2c.o(.bss), (128 bytes).
    Removing bsp_w25q64.o(i.SpiFlashEraseChip), (44 bytes).
    Removing bsp_w25q64.o(i.SpiFlashPowerDown), (40 bytes).
    Removing bsp_w25q64.o(i.SpiFlashWAKEUP), (40 bytes).
    Removing bsp_w25q64.o(i.SpiFlashWriteDisable), (32 bytes).
    Removing bsp_w25q64.o(i.SpiFlashWriteSR), (40 bytes).
    Removing bsp_spi.o(i.SPI1_SetSpeed), (36 bytes).
    Removing bsp_rgb.o(i.RGB_control), (204 bytes).
    Removing bsp_rgb.o(i.init_RGB_GPIO), (52 bytes).
    Removing bsp_usart.o(i.USART1_Send_ArrayU8), (28 bytes).
    Removing bsp_usart.o(i.fgetc), (32 bytes).
    Removing bsp_usart.o(i.fputc), (36 bytes).
    Removing bsp_adc.o(i.EleDataDeal), (80 bytes).
    Removing bsp_adc.o(i.Get_Adc), (52 bytes).
    Removing bsp_adc.o(i.ele_Init), (140 bytes).
    Removing bsp_adc.o(i.getEleData), (48 bytes).
    Removing bsp_adc.o(i.guiyi_way), (68 bytes).
    Removing bsp_adc.o(.data), (12 bytes).
    Removing bsp_ccd.o(i.CCD), (60 bytes).
    Removing bsp_ccd.o(i.Dly_us), (12 bytes).
    Removing bsp_ccd.o(i.Find_CCD_Zhongzhi), (640 bytes).
    Removing bsp_ccd.o(i.Get_Adc_CCD), (52 bytes).
    Removing bsp_ccd.o(i.RD_TSL), (132 bytes).
    Removing bsp_ccd.o(i.ccd_Init), (168 bytes).
    Removing bsp_ccd.o(i.deal_data_ccd), (12 bytes).
    Removing bsp_ccd.o(.bss), (276 bytes).
    Removing bsp_ccd.o(.data), (14 bytes).
    Removing bsp_encoder.o(i.Encoder_Get_ALL), (44 bytes).
    Removing bsp_encoder.o(i.Encoder_Get_Count_Now), (60 bytes).
    Removing bsp_encoder.o(i.Encoder_Read_CNT), (124 bytes).
    Removing bsp_encoder.o(i.Encoder_Update_Count), (84 bytes).
    Removing bsp_encoder.o(.data), (16 bytes).
    Removing bsp_motor.o(i.Motor_Get_Enable_State), (16 bytes).
    Removing bsp_motor.o(i.Motor_Stop), (196 bytes).
    Removing bsp_key.o(i.Key1_Long_Press), (80 bytes).
    Removing bsp_key.o(i.Key_Scan), (38 bytes).
    Removing bsp_key.o(i.key_test), (24 bytes).
    Removing bsp_pid.o(i.PID_Calc_Motor), (48 bytes).
    Removing bsp_pid.o(i.PID_Calc_One_Motor), (36 bytes).
    Removing bsp_pid.o(i.PID_Clear_Motor), (140 bytes).
    Removing bsp_pid.o(i.PID_Get_Target), (6 bytes).
    Removing bsp_pid.o(i.PID_Incre_Calc), (156 bytes).
    Removing bsp_pid.o(i.PID_Location_Calc), (192 bytes).
    Removing bsp_pid.o(i.PID_Set_Motor_Parm), (100 bytes).
    Removing bsp_pid.o(i.PID_Set_Motor_Target), (52 bytes).
    Removing bsp_pid.o(i.PID_Set_Parm), (8 bytes).
    Removing bsp_pid.o(i.PID_Set_Target), (4 bytes).
    Removing bsp_pid.o(i.PID_Yaw_Calc), (184 bytes).
    Removing bsp_pid.o(i.PID_Yaw_Reset), (20 bytes).
    Removing bsp_pid.o(i.PID_Yaw_Set_Parm), (16 bytes).
    Removing bsp_pid.o(i.Pid_Get_Motor), (8 bytes).
    Removing iravoid.o(i.IRAvoid_GPIO_Init), (76 bytes).
    Removing iravoid.o(i.app_IRAvoid), (132 bytes).
    Removing iravoid.o(i.bsp_GetIRavoid), (32 bytes).
    Removing iravoid.o(i.bsp_GetIRavoid_Data), (52 bytes).
    Removing three_linewalking.o(i.three_GetLineWalking), (52 bytes).
    Removing three_linewalking.o(i.three_LineWalking), (144 bytes).
    Removing three_linewalking.o(i.three_LineWalking_GPIO_Init), (116 bytes).
    Removing ps2_control.o(i.PS2_AnologData), (12 bytes).
    Removing ps2_control.o(i.PS2_ClearData), (24 bytes).
    Removing ps2_control.o(i.PS2_DataKey), (128 bytes).
    Removing ps2_control.o(i.PS2_Init), (132 bytes).
    Removing ps2_control.o(i.PS2_ReadData), (116 bytes).
    Removing ps2_control.o(i.app_CarstateOutput), (256 bytes).
    Removing ps2_control.o(i.app_ps2_deal), (688 bytes).
    Removing ps2_control.o(i.delay_1us), (26 bytes).
    Removing ps2_control.o(.bss), (9 bytes).
    Removing app_math.o(i.arcsin), (164 bytes).
    Removing app_math.o(i.arctan), (82 bytes).
    Removing app_math.o(i.cosine), (24 bytes).
    Removing app_math.o(i.data_limit), (38 bytes).
    Removing app_math.o(i.math_abs), (14 bytes).
    Removing app_math.o(i.q_rsqrt), (80 bytes).
    Removing app_math.o(i.sine), (196 bytes).
    Removing app_math.o(.constdata), (24 bytes).
    Removing imu_use.o(i.imu_test), (68 bytes).
    Removing app_motor.o(i.Motion_Ctrl), (28 bytes).
    Removing app_motor.o(i.Motion_Ctrl_State), (36 bytes).
    Removing app_motor.o(i.Motion_Get_APB), (8 bytes).
    Removing app_motor.o(i.Motion_Get_Car_Type), (12 bytes).
    Removing app_motor.o(i.Motion_Get_Circle_MM), (8 bytes).
    Removing app_motor.o(i.Motion_Get_Circle_Pulse), (64 bytes).
    Removing app_motor.o(i.Motion_Get_Data), (44 bytes).
    Removing app_motor.o(i.Motion_Get_Encoder), (68 bytes).
    Removing app_motor.o(i.Motion_Get_Motor_Speed), (28 bytes).
    Removing app_motor.o(i.Motion_Get_Speed), (304 bytes).
    Removing app_motor.o(i.Motion_Get_Yaw_Adjust), (12 bytes).
    Removing app_motor.o(i.Motion_Handle), (84 bytes).
    Removing app_motor.o(i.Motion_Set_Car_Type), (28 bytes).
    Removing app_motor.o(i.Motion_Set_Speed), (100 bytes).
    Removing app_motor.o(i.Motion_Set_Yaw_Adjust), (24 bytes).
    Removing app_motor.o(i.Motion_Stop), (44 bytes).
    Removing app_motor.o(.bss), (88 bytes).
    Removing app_motor.o(.data), (10 bytes).
    Removing app_mecanum.o(i.Mecanum_Ctrl), (572 bytes).
    Removing app_mecanum.o(i.Mecanum_State), (184 bytes).
    Removing app_mecanum.o(i.Mecanum_Yaw_Calc), (196 bytes).
    Removing app_mecanum.o(.data), (34 bytes).
    Removing fadd.o(.text), (176 bytes).
    Removing fmul.o(.text), (100 bytes).
    Removing fdiv.o(.text), (124 bytes).
    Removing dadd.o(.text), (334 bytes).
    Removing dmul.o(.text), (228 bytes).
    Removing ddiv.o(.text), (222 bytes).
    Removing fflti.o(.text), (18 bytes).
    Removing ffltui.o(.text), (10 bytes).
    Removing dflti.o(.text), (34 bytes).
    Removing ffixi.o(.text), (50 bytes).
    Removing ffixui.o(.text), (40 bytes).
    Removing dfixi.o(.text), (62 bytes).
    Removing f2d.o(.text), (38 bytes).
    Removing cdcmple.o(.text), (48 bytes).
    Removing cdrcmple.o(.text), (48 bytes).
    Removing d2f.o(.text), (56 bytes).
    Removing cfcmple.o(.text), (20 bytes).
    Removing cfrcmple.o(.text), (20 bytes).
    Removing fepilogue.o(.text), (110 bytes).
    Removing depilogue.o(.text), (186 bytes).
    Removing dfixul.o(.text), (48 bytes).
    Removing dscalb.o(.text), (46 bytes).

597 unused section(s) (total 43627 bytes) removed from the image.

==============================================================================

Image Symbol Table

    Local Symbols

    Symbol Name                              Value     Ov Type        Size  Object(Section)

    ../clib/microlib/division.c              0x00000000   Number         0  uldiv.o ABSOLUTE
    ../clib/microlib/division.c              0x00000000   Number         0  uidiv.o ABSOLUTE
    ../clib/microlib/errno.c                 0x00000000   Number         0  errno.o ABSOLUTE
    ../clib/microlib/init/entry.s            0x00000000   Number         0  entry8a.o ABSOLUTE
    ../clib/microlib/init/entry.s            0x00000000   Number         0  entry7a.o ABSOLUTE
    ../clib/microlib/init/entry.s            0x00000000   Number         0  entry7b.o ABSOLUTE
    ../clib/microlib/init/entry.s            0x00000000   Number         0  entry2.o ABSOLUTE
    ../clib/microlib/init/entry.s            0x00000000   Number         0  entry.o ABSOLUTE
    ../clib/microlib/init/entry.s            0x00000000   Number         0  entry9a.o ABSOLUTE
    ../clib/microlib/init/entry.s            0x00000000   Number         0  entry5.o ABSOLUTE
    ../clib/microlib/init/entry.s            0x00000000   Number         0  entry8b.o ABSOLUTE
    ../clib/microlib/init/entry.s            0x00000000   Number         0  entry11b.o ABSOLUTE
    ../clib/microlib/init/entry.s            0x00000000   Number         0  entry11a.o ABSOLUTE
    ../clib/microlib/init/entry.s            0x00000000   Number         0  entry10b.o ABSOLUTE
    ../clib/microlib/init/entry.s            0x00000000   Number         0  entry10a.o ABSOLUTE
    ../clib/microlib/init/entry.s            0x00000000   Number         0  entry9b.o ABSOLUTE
    ../clib/microlib/longlong.c              0x00000000   Number         0  llsshr.o ABSOLUTE
    ../clib/microlib/longlong.c              0x00000000   Number         0  llushr.o ABSOLUTE
    ../clib/microlib/longlong.c              0x00000000   Number         0  llshl.o ABSOLUTE
    ../clib/microlib/printf/printf.c         0x00000000   Number         0  printfa.o ABSOLUTE
    ../clib/microlib/printf/printf.c         0x00000000   Number         0  printfb.o ABSOLUTE
    ../clib/microlib/printf/printf.c         0x00000000   Number         0  printf0.o ABSOLUTE
    ../clib/microlib/printf/printf.c         0x00000000   Number         0  printf1.o ABSOLUTE
    ../clib/microlib/printf/printf.c         0x00000000   Number         0  printf2.o ABSOLUTE
    ../clib/microlib/printf/printf.c         0x00000000   Number         0  printf3.o ABSOLUTE
    ../clib/microlib/printf/printf.c         0x00000000   Number         0  printf4.o ABSOLUTE
    ../clib/microlib/printf/printf.c         0x00000000   Number         0  printf5.o ABSOLUTE
    ../clib/microlib/printf/printf.c         0x00000000   Number         0  printf6.o ABSOLUTE
    ../clib/microlib/printf/printf.c         0x00000000   Number         0  printf7.o ABSOLUTE
    ../clib/microlib/printf/printf.c         0x00000000   Number         0  printf8.o ABSOLUTE
    ../clib/microlib/printf/stubs.s          0x00000000   Number         0  stubs.o ABSOLUTE
    ../clib/microlib/stdio/streams.c         0x00000000   Number         0  stdout.o ABSOLUTE
    ../clib/microlib/string/memcpy.c         0x00000000   Number         0  memcpya.o ABSOLUTE
    ../clib/microlib/string/memcpy.c         0x00000000   Number         0  memcpyb.o ABSOLUTE
    ../clib/microlib/string/memset.c         0x00000000   Number         0  memseta.o ABSOLUTE
    ../clib/microlib/stubs.s                 0x00000000   Number         0  iusefp.o ABSOLUTE
    ../fplib/microlib/d2f.c                  0x00000000   Number         0  d2f.o ABSOLUTE
    ../fplib/microlib/f2d.c                  0x00000000   Number         0  f2d.o ABSOLUTE
    ../fplib/microlib/fpadd.c                0x00000000   Number         0  fadd.o ABSOLUTE
    ../fplib/microlib/fpadd.c                0x00000000   Number         0  dadd.o ABSOLUTE
    ../fplib/microlib/fpdiv.c                0x00000000   Number         0  ddiv.o ABSOLUTE
    ../fplib/microlib/fpdiv.c                0x00000000   Number         0  fdiv.o ABSOLUTE
    ../fplib/microlib/fpepilogue.c           0x00000000   Number         0  depilogue.o ABSOLUTE
    ../fplib/microlib/fpepilogue.c           0x00000000   Number         0  fepilogue.o ABSOLUTE
    ../fplib/microlib/fpfix.c                0x00000000   Number         0  ffixi.o ABSOLUTE
    ../fplib/microlib/fpfix.c                0x00000000   Number         0  dfixul.o ABSOLUTE
    ../fplib/microlib/fpfix.c                0x00000000   Number         0  dfixi.o ABSOLUTE
    ../fplib/microlib/fpfix.c                0x00000000   Number         0  ffixui.o ABSOLUTE
    ../fplib/microlib/fpflt.c                0x00000000   Number         0  dflti.o ABSOLUTE
    ../fplib/microlib/fpflt.c                0x00000000   Number         0  ffltui.o ABSOLUTE
    ../fplib/microlib/fpflt.c                0x00000000   Number         0  fflti.o ABSOLUTE
    ../fplib/microlib/fpmul.c                0x00000000   Number         0  fmul.o ABSOLUTE
    ../fplib/microlib/fpmul.c                0x00000000   Number         0  dmul.o ABSOLUTE
    ../fplib/microlib/fpscalb.c              0x00000000   Number         0  dscalb.o ABSOLUTE
    ../mathlib/atan.c                        0x00000000   Number         0  atan.o ABSOLUTE
    ../mathlib/atan.c                        0x00000000   Number         0  atan_x.o ABSOLUTE
    ../mathlib/atan2.c                       0x00000000   Number         0  atan2.o ABSOLUTE
    ../mathlib/atan2.c                       0x00000000   Number         0  atan2_x.o ABSOLUTE
    ../mathlib/dunder.c                      0x00000000   Number         0  dunder.o ABSOLUTE
    ../mathlib/fpclassify.c                  0x00000000   Number         0  fpclassify.o ABSOLUTE
    ../mathlib/poly.c                        0x00000000   Number         0  poly.o ABSOLUTE
    ../mathlib/qnan.c                        0x00000000   Number         0  qnan.o ABSOLUTE
    ..\APP\app_math.c                        0x00000000   Number         0  app_math.o ABSOLUTE
    ..\APP\app_mecanum.c                     0x00000000   Number         0  app_mecanum.o ABSOLUTE
    ..\APP\app_motor.c                       0x00000000   Number         0  app_motor.o ABSOLUTE
    ..\APP\falsh_use.c                       0x00000000   Number         0  falsh_use.o ABSOLUTE
    ..\APP\imu_use.c                         0x00000000   Number         0  imu_use.o ABSOLUTE
    ..\BSP\CCD\bsp_CCD.c                     0x00000000   Number         0  bsp_ccd.o ABSOLUTE
    ..\BSP\ELE_field\bsp_adc.c               0x00000000   Number         0  bsp_adc.o ABSOLUTE
    ..\BSP\IRAVOID\iravoid.c                 0x00000000   Number         0  iravoid.o ABSOLUTE
    ..\BSP\KEY\bsp_key.c                     0x00000000   Number         0  bsp_key.o ABSOLUTE
    ..\BSP\LCD\lcd.c                         0x00000000   Number         0  lcd.o ABSOLUTE
    ..\BSP\LCD\lcd_init.c                    0x00000000   Number         0  lcd_init.o ABSOLUTE
    ..\BSP\LINEWALKING\linewalking.c         0x00000000   Number         0  linewalking.o ABSOLUTE
    ..\BSP\PID\bsp_pid.c                     0x00000000   Number         0  bsp_pid.o ABSOLUTE
    ..\BSP\PS2_Control\ps2_control.c         0x00000000   Number         0  ps2_control.o ABSOLUTE
    ..\BSP\RGB\bsp_RGB.c                     0x00000000   Number         0  bsp_rgb.o ABSOLUTE
    ..\BSP\THREE_LINEWALKING\three_linewalking.c 0x00000000   Number         0  three_linewalking.o ABSOLUTE
    ..\BSP\UART\bsp_usart.c                  0x00000000   Number         0  bsp_usart.o ABSOLUTE
    ..\BSP\bsp.c                             0x00000000   Number         0  bsp.o ABSOLUTE
    ..\BSP\delay.c                           0x00000000   Number         0  delay.o ABSOLUTE
    ..\BSP\icm20607\IOI2C.c                  0x00000000   Number         0  ioi2c.o ABSOLUTE
    ..\BSP\icm20607\bsp_icm20607.c           0x00000000   Number         0  bsp_icm20607.o ABSOLUTE
    ..\BSP\motor\bsp_encoder.c               0x00000000   Number         0  bsp_encoder.o ABSOLUTE
    ..\BSP\motor\bsp_motor.c                 0x00000000   Number         0  bsp_motor.o ABSOLUTE
    ..\BSP\w25q64\bsp_spi.c                  0x00000000   Number         0  bsp_spi.o ABSOLUTE
    ..\BSP\w25q64\bsp_w25q64.c               0x00000000   Number         0  bsp_w25q64.o ABSOLUTE
    ..\CMSIS\core_cm3.c                      0x00000000   Number         0  core_cm3.o ABSOLUTE
    ..\CMSIS\startup_stm32f10x_hd.s          0x00000000   Number         0  startup_stm32f10x_hd.o ABSOLUTE
    ..\CMSIS\system_stm32f10x.c              0x00000000   Number         0  system_stm32f10x.o ABSOLUTE
    ..\FWLib\src\misc.c                      0x00000000   Number         0  misc.o ABSOLUTE
    ..\FWLib\src\stm32f10x_adc.c             0x00000000   Number         0  stm32f10x_adc.o ABSOLUTE
    ..\FWLib\src\stm32f10x_bkp.c             0x00000000   Number         0  stm32f10x_bkp.o ABSOLUTE
    ..\FWLib\src\stm32f10x_can.c             0x00000000   Number         0  stm32f10x_can.o ABSOLUTE
    ..\FWLib\src\stm32f10x_cec.c             0x00000000   Number         0  stm32f10x_cec.o ABSOLUTE
    ..\FWLib\src\stm32f10x_crc.c             0x00000000   Number         0  stm32f10x_crc.o ABSOLUTE
    ..\FWLib\src\stm32f10x_dac.c             0x00000000   Number         0  stm32f10x_dac.o ABSOLUTE
    ..\FWLib\src\stm32f10x_dbgmcu.c          0x00000000   Number         0  stm32f10x_dbgmcu.o ABSOLUTE
    ..\FWLib\src\stm32f10x_dma.c             0x00000000   Number         0  stm32f10x_dma.o ABSOLUTE
    ..\FWLib\src\stm32f10x_exti.c            0x00000000   Number         0  stm32f10x_exti.o ABSOLUTE
    ..\FWLib\src\stm32f10x_flash.c           0x00000000   Number         0  stm32f10x_flash.o ABSOLUTE
    ..\FWLib\src\stm32f10x_fsmc.c            0x00000000   Number         0  stm32f10x_fsmc.o ABSOLUTE
    ..\FWLib\src\stm32f10x_gpio.c            0x00000000   Number         0  stm32f10x_gpio.o ABSOLUTE
    ..\FWLib\src\stm32f10x_i2c.c             0x00000000   Number         0  stm32f10x_i2c.o ABSOLUTE
    ..\FWLib\src\stm32f10x_iwdg.c            0x00000000   Number         0  stm32f10x_iwdg.o ABSOLUTE
    ..\FWLib\src\stm32f10x_pwr.c             0x00000000   Number         0  stm32f10x_pwr.o ABSOLUTE
    ..\FWLib\src\stm32f10x_rcc.c             0x00000000   Number         0  stm32f10x_rcc.o ABSOLUTE
    ..\FWLib\src\stm32f10x_rtc.c             0x00000000   Number         0  stm32f10x_rtc.o ABSOLUTE
    ..\FWLib\src\stm32f10x_sdio.c            0x00000000   Number         0  stm32f10x_sdio.o ABSOLUTE
    ..\FWLib\src\stm32f10x_spi.c             0x00000000   Number         0  stm32f10x_spi.o ABSOLUTE
    ..\FWLib\src\stm32f10x_tim.c             0x00000000   Number         0  stm32f10x_tim.o ABSOLUTE
    ..\FWLib\src\stm32f10x_usart.c           0x00000000   Number         0  stm32f10x_usart.o ABSOLUTE
    ..\FWLib\src\stm32f10x_wwdg.c            0x00000000   Number         0  stm32f10x_wwdg.o ABSOLUTE
    ..\\CMSIS\\core_cm3.c                    0x00000000   Number         0  core_cm3.o ABSOLUTE
    cdcmple.s                                0x00000000   Number         0  cdcmple.o ABSOLUTE
    cdrcmple.s                               0x00000000   Number         0  cdrcmple.o ABSOLUTE
    cfcmple.s                                0x00000000   Number         0  cfcmple.o ABSOLUTE
    cfrcmple.s                               0x00000000   Number         0  cfrcmple.o ABSOLUTE
    dc.s                                     0x00000000   Number         0  dc.o ABSOLUTE
    handlers.s                               0x00000000   Number         0  handlers.o ABSOLUTE
    init.s                                   0x00000000   Number         0  init.o ABSOLUTE
    main.c                                   0x00000000   Number         0  main.o ABSOLUTE
    stm32f10x_it.c                           0x00000000   Number         0  stm32f10x_it.o ABSOLUTE
    RESET                                    0x08000000   Section      304  startup_stm32f10x_hd.o(RESET)
    .ARM.Collect$$$$00000000                 0x08000130   Section        0  entry.o(.ARM.Collect$$$$00000000)
    .ARM.Collect$$$$00000001                 0x08000130   Section        4  entry2.o(.ARM.Collect$$$$00000001)
    .ARM.Collect$$$$00000004                 0x08000134   Section        4  entry5.o(.ARM.Collect$$$$00000004)
    .ARM.Collect$$$$00000008                 0x08000138   Section        0  entry7b.o(.ARM.Collect$$$$00000008)
    .ARM.Collect$$$$0000000A                 0x08000138   Section        0  entry8b.o(.ARM.Collect$$$$0000000A)
    .ARM.Collect$$$$0000000B                 0x08000138   Section        8  entry9a.o(.ARM.Collect$$$$0000000B)
    .ARM.Collect$$$$0000000D                 0x08000140   Section        0  entry10a.o(.ARM.Collect$$$$0000000D)
    .ARM.Collect$$$$0000000F                 0x08000140   Section        0  entry11a.o(.ARM.Collect$$$$0000000F)
    .ARM.Collect$$$$00002712                 0x08000140   Section        4  entry2.o(.ARM.Collect$$$$00002712)
    __lit__00000000                          0x08000140   Data           4  entry2.o(.ARM.Collect$$$$00002712)
    .text                                    0x08000144   Section       36  startup_stm32f10x_hd.o(.text)
    .text                                    0x08000168   Section        0  memcpya.o(.text)
    .text                                    0x0800018c   Section        0  memseta.o(.text)
    .text                                    0x080001b0   Section        0  uldiv.o(.text)
    .text                                    0x08000212   Section        0  llshl.o(.text)
    .text                                    0x08000230   Section        0  llushr.o(.text)
    .text                                    0x08000250   Section       36  init.o(.text)
    i.BSP_init                               0x08000274   Section        0  bsp.o(i.BSP_init)
    i.BusFault_Handler                       0x080002d4   Section        0  stm32f10x_it.o(i.BusFault_Handler)
    i.DebugMon_Handler                       0x080002d8   Section        0  stm32f10x_it.o(i.DebugMon_Handler)
    i.Encoder_Init                           0x080002da   Section        0  bsp_encoder.o(i.Encoder_Init)
    i.Encoder_Init_TIM2                      0x080002f0   Section        0  bsp_encoder.o(i.Encoder_Init_TIM2)
    Encoder_Init_TIM2                        0x080002f1   Thumb Code   210  bsp_encoder.o(i.Encoder_Init_TIM2)
    i.Encoder_Init_TIM3                      0x080003d0   Section        0  bsp_encoder.o(i.Encoder_Init_TIM3)
    Encoder_Init_TIM3                        0x080003d1   Thumb Code   186  bsp_encoder.o(i.Encoder_Init_TIM3)
    i.Encoder_Init_TIM4                      0x08000494   Section        0  bsp_encoder.o(i.Encoder_Init_TIM4)
    Encoder_Init_TIM4                        0x08000495   Thumb Code   186  bsp_encoder.o(i.Encoder_Init_TIM4)
    i.Encoder_Init_TIM5                      0x08000558   Section        0  bsp_encoder.o(i.Encoder_Init_TIM5)
    Encoder_Init_TIM5                        0x08000559   Thumb Code   186  bsp_encoder.o(i.Encoder_Init_TIM5)
    i.GPIO_Init                              0x0800061c   Section        0  stm32f10x_gpio.o(i.GPIO_Init)
    i.GPIO_PinRemapConfig                    0x08000734   Section        0  stm32f10x_gpio.o(i.GPIO_PinRemapConfig)
    i.GPIO_ReadInputDataBit                  0x080007c4   Section        0  stm32f10x_gpio.o(i.GPIO_ReadInputDataBit)
    i.GPIO_ResetBits                         0x080007d6   Section        0  stm32f10x_gpio.o(i.GPIO_ResetBits)
    i.GPIO_SetBits                           0x080007da   Section        0  stm32f10x_gpio.o(i.GPIO_SetBits)
    i.GetLineWalking                         0x080007e0   Section        0  linewalking.o(i.GetLineWalking)
    i.HardFault_Handler                      0x08000828   Section        0  stm32f10x_it.o(i.HardFault_Handler)
    i.Key1_State                             0x0800082c   Section        0  bsp_key.o(i.Key1_State)
    i.Key1_is_Press                          0x08000878   Section        0  bsp_key.o(i.Key1_is_Press)
    Key1_is_Press                            0x08000879   Thumb Code    20  bsp_key.o(i.Key1_is_Press)
    i.Key_GPIO_Init                          0x08000890   Section        0  bsp_key.o(i.Key_GPIO_Init)
    i.LCD_Address_Set                        0x080008b4   Section        0  lcd_init.o(i.LCD_Address_Set)
    i.LCD_DrawPoint                          0x080008fa   Section        0  lcd.o(i.LCD_DrawPoint)
    i.LCD_Fill                               0x08000916   Section        0  lcd.o(i.LCD_Fill)
    i.LCD_GPIO_Init                          0x08000960   Section        0  lcd_init.o(i.LCD_GPIO_Init)
    i.LCD_Init                               0x080009f8   Section        0  lcd_init.o(i.LCD_Init)
    i.LCD_ShowChar                           0x08000c5c   Section        0  lcd.o(i.LCD_ShowChar)
    i.LCD_ShowString                         0x08000db4   Section        0  lcd.o(i.LCD_ShowString)
    i.LCD_WR_DATA                            0x08000df6   Section        0  lcd_init.o(i.LCD_WR_DATA)
    i.LCD_WR_DATA8                           0x08000e08   Section        0  lcd_init.o(i.LCD_WR_DATA8)
    i.LCD_WR_REG                             0x08000e14   Section        0  lcd_init.o(i.LCD_WR_REG)
    i.LCD_Writ_Bus                           0x08000e38   Section        0  lcd_init.o(i.LCD_Writ_Bus)
    i.LineWalking                            0x08000e98   Section        0  linewalking.o(i.LineWalking)
    i.LineWalking_GPIO_Init                  0x08000f78   Section        0  linewalking.o(i.LineWalking_GPIO_Init)
    i.MOTOR_GPIO_Init                        0x08001014   Section        0  bsp_motor.o(i.MOTOR_GPIO_Init)
    i.MemManage_Handler                      0x0800107c   Section        0  stm32f10x_it.o(i.MemManage_Handler)
    i.Motion_Set_Pwm                         0x08001080   Section        0  app_motor.o(i.Motion_Set_Pwm)
    i.Motor_Ignore_Dead_Zone                 0x080010e0   Section        0  bsp_motor.o(i.Motor_Ignore_Dead_Zone)
    Motor_Ignore_Dead_Zone                   0x080010e1   Thumb Code    30  bsp_motor.o(i.Motor_Ignore_Dead_Zone)
    i.Motor_PWM_Init                         0x08001100   Section        0  bsp_motor.o(i.Motor_PWM_Init)
    i.Motor_Set_Pwm                          0x080011fc   Section        0  bsp_motor.o(i.Motor_Set_Pwm)
    i.NMI_Handler                            0x080012cc   Section        0  stm32f10x_it.o(i.NMI_Handler)
    i.NVIC_Init                              0x080012d0   Section        0  misc.o(i.NVIC_Init)
    i.NVIC_PriorityGroupConfig               0x08001340   Section        0  misc.o(i.NVIC_PriorityGroupConfig)
    i.PID_Param_Init                         0x08001354   Section        0  bsp_pid.o(i.PID_Param_Init)
    i.PendSV_Handler                         0x080013ec   Section        0  stm32f10x_it.o(i.PendSV_Handler)
    i.RCC_APB1PeriphClockCmd                 0x080013f0   Section        0  stm32f10x_rcc.o(i.RCC_APB1PeriphClockCmd)
    i.RCC_APB1PeriphResetCmd                 0x08001410   Section        0  stm32f10x_rcc.o(i.RCC_APB1PeriphResetCmd)
    i.RCC_APB2PeriphClockCmd                 0x08001430   Section        0  stm32f10x_rcc.o(i.RCC_APB2PeriphClockCmd)
    i.RCC_APB2PeriphResetCmd                 0x08001450   Section        0  stm32f10x_rcc.o(i.RCC_APB2PeriphResetCmd)
    i.RCC_GetClocksFreq                      0x08001470   Section        0  stm32f10x_rcc.o(i.RCC_GetClocksFreq)
    i.SPI_Cmd                                0x08001544   Section        0  stm32f10x_spi.o(i.SPI_Cmd)
    i.SPI_FLASH_Init                         0x0800155c   Section        0  bsp_spi.o(i.SPI_FLASH_Init)
    i.SPI_I2S_GetFlagStatus                  0x08001628   Section        0  stm32f10x_spi.o(i.SPI_I2S_GetFlagStatus)
    i.SPI_I2S_ReceiveData                    0x0800163a   Section        0  stm32f10x_spi.o(i.SPI_I2S_ReceiveData)
    i.SPI_I2S_SendData                       0x08001640   Section        0  stm32f10x_spi.o(i.SPI_I2S_SendData)
    i.SPI_Init                               0x08001644   Section        0  stm32f10x_spi.o(i.SPI_Init)
    i.SPI_ReadWriteByte                      0x08001680   Section        0  bsp_spi.o(i.SPI_ReadWriteByte)
    i.SVC_Handler                            0x080016d4   Section        0  stm32f10x_it.o(i.SVC_Handler)
    i.SetSysClock                            0x080016d6   Section        0  system_stm32f10x.o(i.SetSysClock)
    SetSysClock                              0x080016d7   Thumb Code     8  system_stm32f10x.o(i.SetSysClock)
    i.SetSysClockTo72                        0x080016e0   Section        0  system_stm32f10x.o(i.SetSysClockTo72)
    SetSysClockTo72                          0x080016e1   Thumb Code   214  system_stm32f10x.o(i.SetSysClockTo72)
    i.SpiFlashEraseSector                    0x080017c0   Section        0  bsp_w25q64.o(i.SpiFlashEraseSector)
    i.SpiFlashInit                           0x08001808   Section        0  bsp_w25q64.o(i.SpiFlashInit)
    i.SpiFlashRead                           0x08001850   Section        0  bsp_w25q64.o(i.SpiFlashRead)
    i.SpiFlashReadID                         0x080018a0   Section        0  bsp_w25q64.o(i.SpiFlashReadID)
    i.SpiFlashReadSR                         0x080018e8   Section        0  bsp_w25q64.o(i.SpiFlashReadSR)
    i.SpiFlashWaitBusy                       0x08001914   Section        0  bsp_w25q64.o(i.SpiFlashWaitBusy)
    i.SpiFlashWrite                          0x08001928   Section        0  bsp_w25q64.o(i.SpiFlashWrite)
    i.SpiFlashWriteEnable                    0x080019dc   Section        0  bsp_w25q64.o(i.SpiFlashWriteEnable)
    i.SpiFlashWriteNoCheck                   0x080019fc   Section        0  bsp_w25q64.o(i.SpiFlashWriteNoCheck)
    i.SpiFlashWritePage                      0x08001a44   Section        0  bsp_w25q64.o(i.SpiFlashWritePage)
    i.SysTick_CLKSourceConfig                0x08001a98   Section        0  misc.o(i.SysTick_CLKSourceConfig)
    i.SysTick_Handler                        0x08001ac0   Section        0  stm32f10x_it.o(i.SysTick_Handler)
    i.SystemInit                             0x08001ac4   Section        0  system_stm32f10x.o(i.SystemInit)
    i.TI1_Config                             0x08001b24   Section        0  stm32f10x_tim.o(i.TI1_Config)
    TI1_Config                               0x08001b25   Thumb Code   108  stm32f10x_tim.o(i.TI1_Config)
    i.TI2_Config                             0x08001ba4   Section        0  stm32f10x_tim.o(i.TI2_Config)
    TI2_Config                               0x08001ba5   Thumb Code   130  stm32f10x_tim.o(i.TI2_Config)
    i.TI3_Config                             0x08001c3c   Section        0  stm32f10x_tim.o(i.TI3_Config)
    TI3_Config                               0x08001c3d   Thumb Code   122  stm32f10x_tim.o(i.TI3_Config)
    i.TI4_Config                             0x08001ccc   Section        0  stm32f10x_tim.o(i.TI4_Config)
    TI4_Config                               0x08001ccd   Thumb Code   130  stm32f10x_tim.o(i.TI4_Config)
    i.TIM_ClearFlag                          0x08001d64   Section        0  stm32f10x_tim.o(i.TIM_ClearFlag)
    i.TIM_Cmd                                0x08001d6a   Section        0  stm32f10x_tim.o(i.TIM_Cmd)
    i.TIM_CtrlPWMOutputs                     0x08001d82   Section        0  stm32f10x_tim.o(i.TIM_CtrlPWMOutputs)
    i.TIM_DeInit                             0x08001da0   Section        0  stm32f10x_tim.o(i.TIM_DeInit)
    i.TIM_EncoderInterfaceConfig             0x08001f88   Section        0  stm32f10x_tim.o(i.TIM_EncoderInterfaceConfig)
    i.TIM_ICInit                             0x08001fcc   Section        0  stm32f10x_tim.o(i.TIM_ICInit)
    i.TIM_ICStructInit                       0x08002078   Section        0  stm32f10x_tim.o(i.TIM_ICStructInit)
    i.TIM_ITConfig                           0x0800208a   Section        0  stm32f10x_tim.o(i.TIM_ITConfig)
    i.TIM_OC1Init                            0x0800209c   Section        0  stm32f10x_tim.o(i.TIM_OC1Init)
    i.TIM_OC2Init                            0x08002134   Section        0  stm32f10x_tim.o(i.TIM_OC2Init)
    i.TIM_OC3Init                            0x080021d8   Section        0  stm32f10x_tim.o(i.TIM_OC3Init)
    i.TIM_OC4Init                            0x08002278   Section        0  stm32f10x_tim.o(i.TIM_OC4Init)
    i.TIM_OCStructInit                       0x080022f4   Section        0  stm32f10x_tim.o(i.TIM_OCStructInit)
    i.TIM_SetCounter                         0x08002308   Section        0  stm32f10x_tim.o(i.TIM_SetCounter)
    i.TIM_SetIC1Prescaler                    0x0800230c   Section        0  stm32f10x_tim.o(i.TIM_SetIC1Prescaler)
    i.TIM_SetIC2Prescaler                    0x0800231e   Section        0  stm32f10x_tim.o(i.TIM_SetIC2Prescaler)
    i.TIM_SetIC3Prescaler                    0x08002338   Section        0  stm32f10x_tim.o(i.TIM_SetIC3Prescaler)
    i.TIM_SetIC4Prescaler                    0x0800234a   Section        0  stm32f10x_tim.o(i.TIM_SetIC4Prescaler)
    i.TIM_TimeBaseInit                       0x08002364   Section        0  stm32f10x_tim.o(i.TIM_TimeBaseInit)
    i.TIM_TimeBaseStructInit                 0x08002408   Section        0  stm32f10x_tim.o(i.TIM_TimeBaseStructInit)
    i.USART1_IRQHandler                      0x0800241c   Section        0  bsp_usart.o(i.USART1_IRQHandler)
    i.USART1_Send_U8                         0x08002440   Section        0  bsp_usart.o(i.USART1_Send_U8)
    i.USART1_init                            0x08002460   Section        0  bsp_usart.o(i.USART1_init)
    i.USART_ClearFlag                        0x08002518   Section        0  stm32f10x_usart.o(i.USART_ClearFlag)
    i.USART_Cmd                              0x0800252a   Section        0  stm32f10x_usart.o(i.USART_Cmd)
    i.USART_GetFlagStatus                    0x08002542   Section        0  stm32f10x_usart.o(i.USART_GetFlagStatus)
    i.USART_GetITStatus                      0x0800255c   Section        0  stm32f10x_usart.o(i.USART_GetITStatus)
    i.USART_ITConfig                         0x080025b0   Section        0  stm32f10x_usart.o(i.USART_ITConfig)
    i.USART_Init                             0x080025fc   Section        0  stm32f10x_usart.o(i.USART_Init)
    i.USART_ReceiveData                      0x080026d4   Section        0  stm32f10x_usart.o(i.USART_ReceiveData)
    i.USART_SendData                         0x080026de   Section        0  stm32f10x_usart.o(i.USART_SendData)
    i.UsageFault_Handler                     0x080026e6   Section        0  stm32f10x_it.o(i.UsageFault_Handler)
    i.__0sprintf$8                           0x080026ec   Section        0  printf8.o(i.__0sprintf$8)
    i.__scatterload_copy                     0x08002714   Section       14  handlers.o(i.__scatterload_copy)
    i.__scatterload_null                     0x08002722   Section        2  handlers.o(i.__scatterload_null)
    i.__scatterload_zeroinit                 0x08002724   Section       14  handlers.o(i.__scatterload_zeroinit)
    i._printf_core                           0x08002734   Section        0  printf8.o(i._printf_core)
    _printf_core                             0x08002735   Thumb Code   996  printf8.o(i._printf_core)
    i._printf_post_padding                   0x08002b44   Section        0  printf8.o(i._printf_post_padding)
    _printf_post_padding                     0x08002b45   Thumb Code    36  printf8.o(i._printf_post_padding)
    i._printf_pre_padding                    0x08002b68   Section        0  printf8.o(i._printf_pre_padding)
    _printf_pre_padding                      0x08002b69   Thumb Code    46  printf8.o(i._printf_pre_padding)
    i._sputc                                 0x08002b96   Section        0  printf8.o(i._sputc)
    _sputc                                   0x08002b97   Thumb Code    10  printf8.o(i._sputc)
    i.delay_init                             0x08002ba0   Section        0  delay.o(i.delay_init)
    i.delay_ms                               0x08002bec   Section        0  delay.o(i.delay_ms)
    i.detcet_flash                           0x08002c28   Section        0  falsh_use.o(i.detcet_flash)
    i.flash_test                             0x08002c5c   Section        0  falsh_use.o(i.flash_test)
    i.init_LED_GPIO                          0x08002ca0   Section        0  bsp_rgb.o(i.init_LED_GPIO)
    i.main                                   0x08002cd4   Section        0  main.o(i.main)
    i.show_flash                             0x08002d08   Section        0  falsh_use.o(i.show_flash)
    .constdata                               0x08002da0   Section    13436  lcd.o(.constdata)
    .constdata                               0x0800621c   Section       96  bsp_motor.o(.constdata)
    .data                                    0x20000000   Section       20  system_stm32f10x.o(.data)
    .data                                    0x20000014   Section       20  stm32f10x_rcc.o(.data)
    APBAHBPrescTable                         0x20000014   Data          16  stm32f10x_rcc.o(.data)
    ADCPrescTable                            0x20000024   Data           4  stm32f10x_rcc.o(.data)
    .data                                    0x20000028   Section        4  delay.o(.data)
    fac_us                                   0x20000028   Data           1  delay.o(.data)
    fac_ms                                   0x2000002a   Data           2  delay.o(.data)
    .data                                    0x2000002c   Section        2  bsp_w25q64.o(.data)
    .data                                    0x2000002e   Section        1  bsp_motor.o(.data)
    .data                                    0x20000030   Section        4  bsp_key.o(.data)
    key1_state                               0x20000032   Data           2  bsp_key.o(.data)
    .data                                    0x20000034   Section       28  bsp_pid.o(.data)
    .data                                    0x20000050   Section       56  ps2_control.o(.data)
    .data                                    0x20000088   Section       17  falsh_use.o(.data)
    .bss                                     0x2000009c   Section     4096  bsp_w25q64.o(.bss)
    .bss                                     0x2000109c   Section      160  bsp_pid.o(.bss)
    STACK                                    0x20001140   Section     1024  startup_stm32f10x_hd.o(STACK)

    Global Symbols

    Symbol Name                              Value     Ov Type        Size  Object(Section)

    BuildAttributes$$THM_ISAv4$P$D$K$B$S$PE$A:L22UL41UL21$X:L11$S22US41US21$IEEE1$IW$USESV6$~STKCKD$USESV7$~SHL$OTIME$ROPI$IEEEX$EBA8$MICROLIB$REQ8$PRES8$EABIv2 0x00000000   Number         0  anon$$obj.o ABSOLUTE
    __ARM_use_no_argv                        0x00000000   Number         0  main.o ABSOLUTE
    _printf_a                                0x00000000   Number         0  stubs.o ABSOLUTE
    _printf_c                                0x00000000   Number         0  stubs.o ABSOLUTE
    _printf_charcount                        0x00000000   Number         0  stubs.o ABSOLUTE
    _printf_d                                0x00000000   Number         0  stubs.o ABSOLUTE
    _printf_e                                0x00000000   Number         0  stubs.o ABSOLUTE
    _printf_f                                0x00000000   Number         0  stubs.o ABSOLUTE
    _printf_flags                            0x00000000   Number         0  stubs.o ABSOLUTE
    _printf_fp_dec                           0x00000000   Number         0  stubs.o ABSOLUTE
    _printf_fp_hex                           0x00000000   Number         0  stubs.o ABSOLUTE
    _printf_g                                0x00000000   Number         0  stubs.o ABSOLUTE
    _printf_i                                0x00000000   Number         0  stubs.o ABSOLUTE
    _printf_int_dec                          0x00000000   Number         0  stubs.o ABSOLUTE
    _printf_l                                0x00000000   Number         0  stubs.o ABSOLUTE
    _printf_lc                               0x00000000   Number         0  stubs.o ABSOLUTE
    _printf_ll                               0x00000000   Number         0  stubs.o ABSOLUTE
    _printf_lld                              0x00000000   Number         0  stubs.o ABSOLUTE
    _printf_lli                              0x00000000   Number         0  stubs.o ABSOLUTE
    _printf_llo                              0x00000000   Number         0  stubs.o ABSOLUTE
    _printf_llu                              0x00000000   Number         0  stubs.o ABSOLUTE
    _printf_llx                              0x00000000   Number         0  stubs.o ABSOLUTE
    _printf_longlong_dec                     0x00000000   Number         0  stubs.o ABSOLUTE
    _printf_longlong_hex                     0x00000000   Number         0  stubs.o ABSOLUTE
    _printf_longlong_oct                     0x00000000   Number         0  stubs.o ABSOLUTE
    _printf_ls                               0x00000000   Number         0  stubs.o ABSOLUTE
    _printf_mbtowc                           0x00000000   Number         0  stubs.o ABSOLUTE
    _printf_n                                0x00000000   Number         0  stubs.o ABSOLUTE
    _printf_o                                0x00000000   Number         0  stubs.o ABSOLUTE
    _printf_p                                0x00000000   Number         0  stubs.o ABSOLUTE
    _printf_percent                          0x00000000   Number         0  stubs.o ABSOLUTE
    _printf_pre_padding                      0x00000000   Number         0  stubs.o ABSOLUTE
    _printf_return_value                     0x00000000   Number         0  stubs.o ABSOLUTE
    _printf_s                                0x00000000   Number         0  stubs.o ABSOLUTE
    _printf_sizespec                         0x00000000   Number         0  stubs.o ABSOLUTE
    _printf_str                              0x00000000   Number         0  stubs.o ABSOLUTE
    _printf_truncate_signed                  0x00000000   Number         0  stubs.o ABSOLUTE
    _printf_truncate_unsigned                0x00000000   Number         0  stubs.o ABSOLUTE
    _printf_u                                0x00000000   Number         0  stubs.o ABSOLUTE
    _printf_wc                               0x00000000   Number         0  stubs.o ABSOLUTE
    _printf_wctomb                           0x00000000   Number         0  stubs.o ABSOLUTE
    _printf_widthprec                        0x00000000   Number         0  stubs.o ABSOLUTE
    _printf_x                                0x00000000   Number         0  stubs.o ABSOLUTE
    __cpp_initialize__aeabi_                  - Undefined Weak Reference
    __cxa_finalize                            - Undefined Weak Reference
    __decompress                              - Undefined Weak Reference
    _clock_init                               - Undefined Weak Reference
    _microlib_exit                            - Undefined Weak Reference
    __Vectors_Size                           0x00000130   Number         0  startup_stm32f10x_hd.o ABSOLUTE
    __Vectors                                0x08000000   Data           4  startup_stm32f10x_hd.o(RESET)
    __Vectors_End                            0x08000130   Data           0  startup_stm32f10x_hd.o(RESET)
    __main                                   0x08000131   Thumb Code     0  entry.o(.ARM.Collect$$$$00000000)
    _main_stk                                0x08000131   Thumb Code     0  entry2.o(.ARM.Collect$$$$00000001)
    _main_scatterload                        0x08000135   Thumb Code     0  entry5.o(.ARM.Collect$$$$00000004)
    __main_after_scatterload                 0x08000139   Thumb Code     0  entry5.o(.ARM.Collect$$$$00000004)
    _main_clock                              0x08000139   Thumb Code     0  entry7b.o(.ARM.Collect$$$$00000008)
    _main_cpp_init                           0x08000139   Thumb Code     0  entry8b.o(.ARM.Collect$$$$0000000A)
    _main_init                               0x08000139   Thumb Code     0  entry9a.o(.ARM.Collect$$$$0000000B)
    __rt_final_cpp                           0x08000141   Thumb Code     0  entry10a.o(.ARM.Collect$$$$0000000D)
    __rt_final_exit                          0x08000141   Thumb Code     0  entry11a.o(.ARM.Collect$$$$0000000F)
    Reset_Handler                            0x08000145   Thumb Code     8  startup_stm32f10x_hd.o(.text)
    ADC1_2_IRQHandler                        0x0800015f   Thumb Code     0  startup_stm32f10x_hd.o(.text)
    ADC3_IRQHandler                          0x0800015f   Thumb Code     0  startup_stm32f10x_hd.o(.text)
    CAN1_RX1_IRQHandler                      0x0800015f   Thumb Code     0  startup_stm32f10x_hd.o(.text)
    CAN1_SCE_IRQHandler                      0x0800015f   Thumb Code     0  startup_stm32f10x_hd.o(.text)
    DMA1_Channel1_IRQHandler                 0x0800015f   Thumb Code     0  startup_stm32f10x_hd.o(.text)
    DMA1_Channel2_IRQHandler                 0x0800015f   Thumb Code     0  startup_stm32f10x_hd.o(.text)
    DMA1_Channel3_IRQHandler                 0x0800015f   Thumb Code     0  startup_stm32f10x_hd.o(.text)
    DMA1_Channel4_IRQHandler                 0x0800015f   Thumb Code     0  startup_stm32f10x_hd.o(.text)
    DMA1_Channel5_IRQHandler                 0x0800015f   Thumb Code     0  startup_stm32f10x_hd.o(.text)
    DMA1_Channel6_IRQHandler                 0x0800015f   Thumb Code     0  startup_stm32f10x_hd.o(.text)
    DMA1_Channel7_IRQHandler                 0x0800015f   Thumb Code     0  startup_stm32f10x_hd.o(.text)
    DMA2_Channel1_IRQHandler                 0x0800015f   Thumb Code     0  startup_stm32f10x_hd.o(.text)
    DMA2_Channel2_IRQHandler                 0x0800015f   Thumb Code     0  startup_stm32f10x_hd.o(.text)
    DMA2_Channel3_IRQHandler                 0x0800015f   Thumb Code     0  startup_stm32f10x_hd.o(.text)
    DMA2_Channel4_5_IRQHandler               0x0800015f   Thumb Code     0  startup_stm32f10x_hd.o(.text)
    EXTI0_IRQHandler                         0x0800015f   Thumb Code     0  startup_stm32f10x_hd.o(.text)
    EXTI15_10_IRQHandler                     0x0800015f   Thumb Code     0  startup_stm32f10x_hd.o(.text)
    EXTI1_IRQHandler                         0x0800015f   Thumb Code     0  startup_stm32f10x_hd.o(.text)
    EXTI2_IRQHandler                         0x0800015f   Thumb Code     0  startup_stm32f10x_hd.o(.text)
    EXTI3_IRQHandler                         0x0800015f   Thumb Code     0  startup_stm32f10x_hd.o(.text)
    EXTI4_IRQHandler                         0x0800015f   Thumb Code     0  startup_stm32f10x_hd.o(.text)
    EXTI9_5_IRQHandler                       0x0800015f   Thumb Code     0  startup_stm32f10x_hd.o(.text)
    FLASH_IRQHandler                         0x0800015f   Thumb Code     0  startup_stm32f10x_hd.o(.text)
    FSMC_IRQHandler                          0x0800015f   Thumb Code     0  startup_stm32f10x_hd.o(.text)
    I2C1_ER_IRQHandler                       0x0800015f   Thumb Code     0  startup_stm32f10x_hd.o(.text)
    I2C1_EV_IRQHandler                       0x0800015f   Thumb Code     0  startup_stm32f10x_hd.o(.text)
    I2C2_ER_IRQHandler                       0x0800015f   Thumb Code     0  startup_stm32f10x_hd.o(.text)
    I2C2_EV_IRQHandler                       0x0800015f   Thumb Code     0  startup_stm32f10x_hd.o(.text)
    PVD_IRQHandler                           0x0800015f   Thumb Code     0  startup_stm32f10x_hd.o(.text)
    RCC_IRQHandler                           0x0800015f   Thumb Code     0  startup_stm32f10x_hd.o(.text)
    RTCAlarm_IRQHandler                      0x0800015f   Thumb Code     0  startup_stm32f10x_hd.o(.text)
    RTC_IRQHandler                           0x0800015f   Thumb Code     0  startup_stm32f10x_hd.o(.text)
    SDIO_IRQHandler                          0x0800015f   Thumb Code     0  startup_stm32f10x_hd.o(.text)
    SPI1_IRQHandler                          0x0800015f   Thumb Code     0  startup_stm32f10x_hd.o(.text)
    SPI2_IRQHandler                          0x0800015f   Thumb Code     0  startup_stm32f10x_hd.o(.text)
    SPI3_IRQHandler                          0x0800015f   Thumb Code     0  startup_stm32f10x_hd.o(.text)
    TAMPER_IRQHandler                        0x0800015f   Thumb Code     0  startup_stm32f10x_hd.o(.text)
    TIM1_BRK_IRQHandler                      0x0800015f   Thumb Code     0  startup_stm32f10x_hd.o(.text)
    TIM1_CC_IRQHandler                       0x0800015f   Thumb Code     0  startup_stm32f10x_hd.o(.text)
    TIM1_TRG_COM_IRQHandler                  0x0800015f   Thumb Code     0  startup_stm32f10x_hd.o(.text)
    TIM1_UP_IRQHandler                       0x0800015f   Thumb Code     0  startup_stm32f10x_hd.o(.text)
    TIM2_IRQHandler                          0x0800015f   Thumb Code     0  startup_stm32f10x_hd.o(.text)
    TIM3_IRQHandler                          0x0800015f   Thumb Code     0  startup_stm32f10x_hd.o(.text)
    TIM4_IRQHandler                          0x0800015f   Thumb Code     0  startup_stm32f10x_hd.o(.text)
    TIM5_IRQHandler                          0x0800015f   Thumb Code     0  startup_stm32f10x_hd.o(.text)
    TIM6_IRQHandler                          0x0800015f   Thumb Code     0  startup_stm32f10x_hd.o(.text)
    TIM7_IRQHandler                          0x0800015f   Thumb Code     0  startup_stm32f10x_hd.o(.text)
    TIM8_BRK_IRQHandler                      0x0800015f   Thumb Code     0  startup_stm32f10x_hd.o(.text)
    TIM8_CC_IRQHandler                       0x0800015f   Thumb Code     0  startup_stm32f10x_hd.o(.text)
    TIM8_TRG_COM_IRQHandler                  0x0800015f   Thumb Code     0  startup_stm32f10x_hd.o(.text)
    TIM8_UP_IRQHandler                       0x0800015f   Thumb Code     0  startup_stm32f10x_hd.o(.text)
    UART4_IRQHandler                         0x0800015f   Thumb Code     0  startup_stm32f10x_hd.o(.text)
    UART5_IRQHandler                         0x0800015f   Thumb Code     0  startup_stm32f10x_hd.o(.text)
    USART2_IRQHandler                        0x0800015f   Thumb Code     0  startup_stm32f10x_hd.o(.text)
    USART3_IRQHandler                        0x0800015f   Thumb Code     0  startup_stm32f10x_hd.o(.text)
    USBWakeUp_IRQHandler                     0x0800015f   Thumb Code     0  startup_stm32f10x_hd.o(.text)
    USB_HP_CAN1_TX_IRQHandler                0x0800015f   Thumb Code     0  startup_stm32f10x_hd.o(.text)
    USB_LP_CAN1_RX0_IRQHandler               0x0800015f   Thumb Code     0  startup_stm32f10x_hd.o(.text)
    WWDG_IRQHandler                          0x0800015f   Thumb Code     0  startup_stm32f10x_hd.o(.text)
    __aeabi_memcpy                           0x08000169   Thumb Code    36  memcpya.o(.text)
    __aeabi_memcpy4                          0x08000169   Thumb Code     0  memcpya.o(.text)
    __aeabi_memcpy8                          0x08000169   Thumb Code     0  memcpya.o(.text)
    __aeabi_memset                           0x0800018d   Thumb Code    14  memseta.o(.text)
    __aeabi_memset4                          0x0800018d   Thumb Code     0  memseta.o(.text)
    __aeabi_memset8                          0x0800018d   Thumb Code     0  memseta.o(.text)
    __aeabi_memclr                           0x0800019b   Thumb Code     4  memseta.o(.text)
    __aeabi_memclr4                          0x0800019b   Thumb Code     0  memseta.o(.text)
    __aeabi_memclr8                          0x0800019b   Thumb Code     0  memseta.o(.text)
    _memset$wrapper                          0x0800019f   Thumb Code    18  memseta.o(.text)
    __aeabi_uldivmod                         0x080001b1   Thumb Code    98  uldiv.o(.text)
    __aeabi_llsl                             0x08000213   Thumb Code    30  llshl.o(.text)
    _ll_shift_l                              0x08000213   Thumb Code     0  llshl.o(.text)
    __aeabi_llsr                             0x08000231   Thumb Code    32  llushr.o(.text)
    _ll_ushift_r                             0x08000231   Thumb Code     0  llushr.o(.text)
    __scatterload                            0x08000251   Thumb Code    28  init.o(.text)
    __scatterload_rt2                        0x08000251   Thumb Code     0  init.o(.text)
    BSP_init                                 0x08000275   Thumb Code    90  bsp.o(i.BSP_init)
    BusFault_Handler                         0x080002d5   Thumb Code     4  stm32f10x_it.o(i.BusFault_Handler)
    DebugMon_Handler                         0x080002d9   Thumb Code     2  stm32f10x_it.o(i.DebugMon_Handler)
    Encoder_Init                             0x080002db   Thumb Code    20  bsp_encoder.o(i.Encoder_Init)
    GPIO_Init                                0x0800061d   Thumb Code   278  stm32f10x_gpio.o(i.GPIO_Init)
    GPIO_PinRemapConfig                      0x08000735   Thumb Code   138  stm32f10x_gpio.o(i.GPIO_PinRemapConfig)
    GPIO_ReadInputDataBit                    0x080007c5   Thumb Code    18  stm32f10x_gpio.o(i.GPIO_ReadInputDataBit)
    GPIO_ResetBits                           0x080007d7   Thumb Code     4  stm32f10x_gpio.o(i.GPIO_ResetBits)
    GPIO_SetBits                             0x080007db   Thumb Code     4  stm32f10x_gpio.o(i.GPIO_SetBits)
    GetLineWalking                           0x080007e1   Thumb Code    64  linewalking.o(i.GetLineWalking)
    HardFault_Handler                        0x08000829   Thumb Code     4  stm32f10x_it.o(i.HardFault_Handler)
    Key1_State                               0x0800082d   Thumb Code    66  bsp_key.o(i.Key1_State)
    Key_GPIO_Init                            0x08000891   Thumb Code    32  bsp_key.o(i.Key_GPIO_Init)
    LCD_Address_Set                          0x080008b5   Thumb Code    70  lcd_init.o(i.LCD_Address_Set)
    LCD_DrawPoint                            0x080008fb   Thumb Code    28  lcd.o(i.LCD_DrawPoint)
    LCD_Fill                                 0x08000917   Thumb Code    74  lcd.o(i.LCD_Fill)
    LCD_GPIO_Init                            0x08000961   Thumb Code   138  lcd_init.o(i.LCD_GPIO_Init)
    LCD_Init                                 0x080009f9   Thumb Code   608  lcd_init.o(i.LCD_Init)
    LCD_ShowChar                             0x08000c5d   Thumb Code   328  lcd.o(i.LCD_ShowChar)
    LCD_ShowString                           0x08000db5   Thumb Code    66  lcd.o(i.LCD_ShowString)
    LCD_WR_DATA                              0x08000df7   Thumb Code    18  lcd_init.o(i.LCD_WR_DATA)
    LCD_WR_DATA8                             0x08000e09   Thumb Code    12  lcd_init.o(i.LCD_WR_DATA8)
    LCD_WR_REG                               0x08000e15   Thumb Code    32  lcd_init.o(i.LCD_WR_REG)
    LCD_Writ_Bus                             0x08000e39   Thumb Code    86  lcd_init.o(i.LCD_Writ_Bus)
    LineWalking                              0x08000e99   Thumb Code   218  linewalking.o(i.LineWalking)
    LineWalking_GPIO_Init                    0x08000f79   Thumb Code   148  linewalking.o(i.LineWalking_GPIO_Init)
    MOTOR_GPIO_Init                          0x08001015   Thumb Code    96  bsp_motor.o(i.MOTOR_GPIO_Init)
    MemManage_Handler                        0x0800107d   Thumb Code     4  stm32f10x_it.o(i.MemManage_Handler)
    Motion_Set_Pwm                           0x08001081   Thumb Code    96  app_motor.o(i.Motion_Set_Pwm)
    Motor_PWM_Init                           0x08001101   Thumb Code   240  bsp_motor.o(i.Motor_PWM_Init)
    Motor_Set_Pwm                            0x080011fd   Thumb Code   194  bsp_motor.o(i.Motor_Set_Pwm)
    NMI_Handler                              0x080012cd   Thumb Code     2  stm32f10x_it.o(i.NMI_Handler)
    NVIC_Init                                0x080012d1   Thumb Code   100  misc.o(i.NVIC_Init)
    NVIC_PriorityGroupConfig                 0x08001341   Thumb Code    10  misc.o(i.NVIC_PriorityGroupConfig)
    PID_Param_Init                           0x08001355   Thumb Code   126  bsp_pid.o(i.PID_Param_Init)
    PendSV_Handler                           0x080013ed   Thumb Code     2  stm32f10x_it.o(i.PendSV_Handler)
    RCC_APB1PeriphClockCmd                   0x080013f1   Thumb Code    26  stm32f10x_rcc.o(i.RCC_APB1PeriphClockCmd)
    RCC_APB1PeriphResetCmd                   0x08001411   Thumb Code    26  stm32f10x_rcc.o(i.RCC_APB1PeriphResetCmd)
    RCC_APB2PeriphClockCmd                   0x08001431   Thumb Code    26  stm32f10x_rcc.o(i.RCC_APB2PeriphClockCmd)
    RCC_APB2PeriphResetCmd                   0x08001451   Thumb Code    26  stm32f10x_rcc.o(i.RCC_APB2PeriphResetCmd)
    RCC_GetClocksFreq                        0x08001471   Thumb Code   192  stm32f10x_rcc.o(i.RCC_GetClocksFreq)
    SPI_Cmd                                  0x08001545   Thumb Code    24  stm32f10x_spi.o(i.SPI_Cmd)
    SPI_FLASH_Init                           0x0800155d   Thumb Code   194  bsp_spi.o(i.SPI_FLASH_Init)
    SPI_I2S_GetFlagStatus                    0x08001629   Thumb Code    18  stm32f10x_spi.o(i.SPI_I2S_GetFlagStatus)
    SPI_I2S_ReceiveData                      0x0800163b   Thumb Code     6  stm32f10x_spi.o(i.SPI_I2S_ReceiveData)
    SPI_I2S_SendData                         0x08001641   Thumb Code     4  stm32f10x_spi.o(i.SPI_I2S_SendData)
    SPI_Init                                 0x08001645   Thumb Code    60  stm32f10x_spi.o(i.SPI_Init)
    SPI_ReadWriteByte                        0x08001681   Thumb Code    78  bsp_spi.o(i.SPI_ReadWriteByte)
    SVC_Handler                              0x080016d5   Thumb Code     2  stm32f10x_it.o(i.SVC_Handler)
    SpiFlashEraseSector                      0x080017c1   Thumb Code    62  bsp_w25q64.o(i.SpiFlashEraseSector)
    SpiFlashInit                             0x08001809   Thumb Code    62  bsp_w25q64.o(i.SpiFlashInit)
    SpiFlashRead                             0x08001851   Thumb Code    74  bsp_w25q64.o(i.SpiFlashRead)
    SpiFlashReadID                           0x080018a1   Thumb Code    64  bsp_w25q64.o(i.SpiFlashReadID)
    SpiFlashReadSR                           0x080018e9   Thumb Code    36  bsp_w25q64.o(i.SpiFlashReadSR)
    SpiFlashWaitBusy                         0x08001915   Thumb Code    18  bsp_w25q64.o(i.SpiFlashWaitBusy)
    SpiFlashWrite                            0x08001929   Thumb Code   176  bsp_w25q64.o(i.SpiFlashWrite)
    SpiFlashWriteEnable                      0x080019dd   Thumb Code    24  bsp_w25q64.o(i.SpiFlashWriteEnable)
    SpiFlashWriteNoCheck                     0x080019fd   Thumb Code    70  bsp_w25q64.o(i.SpiFlashWriteNoCheck)
    SpiFlashWritePage                        0x08001a45   Thumb Code    80  bsp_w25q64.o(i.SpiFlashWritePage)
    SysTick_CLKSourceConfig                  0x08001a99   Thumb Code    40  misc.o(i.SysTick_CLKSourceConfig)
    SysTick_Handler                          0x08001ac1   Thumb Code     2  stm32f10x_it.o(i.SysTick_Handler)
    SystemInit                               0x08001ac5   Thumb Code    78  system_stm32f10x.o(i.SystemInit)
    TIM_ClearFlag                            0x08001d65   Thumb Code     6  stm32f10x_tim.o(i.TIM_ClearFlag)
    TIM_Cmd                                  0x08001d6b   Thumb Code    24  stm32f10x_tim.o(i.TIM_Cmd)
    TIM_CtrlPWMOutputs                       0x08001d83   Thumb Code    30  stm32f10x_tim.o(i.TIM_CtrlPWMOutputs)
    TIM_DeInit                               0x08001da1   Thumb Code   424  stm32f10x_tim.o(i.TIM_DeInit)
    TIM_EncoderInterfaceConfig               0x08001f89   Thumb Code    66  stm32f10x_tim.o(i.TIM_EncoderInterfaceConfig)
    TIM_ICInit                               0x08001fcd   Thumb Code   150  stm32f10x_tim.o(i.TIM_ICInit)
    TIM_ICStructInit                         0x08002079   Thumb Code    18  stm32f10x_tim.o(i.TIM_ICStructInit)
    TIM_ITConfig                             0x0800208b   Thumb Code    18  stm32f10x_tim.o(i.TIM_ITConfig)
    TIM_OC1Init                              0x0800209d   Thumb Code   132  stm32f10x_tim.o(i.TIM_OC1Init)
    TIM_OC2Init                              0x08002135   Thumb Code   154  stm32f10x_tim.o(i.TIM_OC2Init)
    TIM_OC3Init                              0x080021d9   Thumb Code   150  stm32f10x_tim.o(i.TIM_OC3Init)
    TIM_OC4Init                              0x08002279   Thumb Code   114  stm32f10x_tim.o(i.TIM_OC4Init)
    TIM_OCStructInit                         0x080022f5   Thumb Code    20  stm32f10x_tim.o(i.TIM_OCStructInit)
    TIM_SetCounter                           0x08002309   Thumb Code     4  stm32f10x_tim.o(i.TIM_SetCounter)
    TIM_SetIC1Prescaler                      0x0800230d   Thumb Code    18  stm32f10x_tim.o(i.TIM_SetIC1Prescaler)
    TIM_SetIC2Prescaler                      0x0800231f   Thumb Code    26  stm32f10x_tim.o(i.TIM_SetIC2Prescaler)
    TIM_SetIC3Prescaler                      0x08002339   Thumb Code    18  stm32f10x_tim.o(i.TIM_SetIC3Prescaler)
    TIM_SetIC4Prescaler                      0x0800234b   Thumb Code    26  stm32f10x_tim.o(i.TIM_SetIC4Prescaler)
    TIM_TimeBaseInit                         0x08002365   Thumb Code   122  stm32f10x_tim.o(i.TIM_TimeBaseInit)
    TIM_TimeBaseStructInit                   0x08002409   Thumb Code    18  stm32f10x_tim.o(i.TIM_TimeBaseStructInit)
    USART1_IRQHandler                        0x0800241d   Thumb Code    32  bsp_usart.o(i.USART1_IRQHandler)
    USART1_Send_U8                           0x08002441   Thumb Code    28  bsp_usart.o(i.USART1_Send_U8)
    USART1_init                              0x08002461   Thumb Code   174  bsp_usart.o(i.USART1_init)
    USART_ClearFlag                          0x08002519   Thumb Code    18  stm32f10x_usart.o(i.USART_ClearFlag)
    USART_Cmd                                0x0800252b   Thumb Code    24  stm32f10x_usart.o(i.USART_Cmd)
    USART_GetFlagStatus                      0x08002543   Thumb Code    26  stm32f10x_usart.o(i.USART_GetFlagStatus)
    USART_GetITStatus                        0x0800255d   Thumb Code    84  stm32f10x_usart.o(i.USART_GetITStatus)
    USART_ITConfig                           0x080025b1   Thumb Code    74  stm32f10x_usart.o(i.USART_ITConfig)
    USART_Init                               0x080025fd   Thumb Code   210  stm32f10x_usart.o(i.USART_Init)
    USART_ReceiveData                        0x080026d5   Thumb Code    10  stm32f10x_usart.o(i.USART_ReceiveData)
    USART_SendData                           0x080026df   Thumb Code     8  stm32f10x_usart.o(i.USART_SendData)
    UsageFault_Handler                       0x080026e7   Thumb Code     4  stm32f10x_it.o(i.UsageFault_Handler)
    __0sprintf$8                             0x080026ed   Thumb Code    34  printf8.o(i.__0sprintf$8)
    __1sprintf$8                             0x080026ed   Thumb Code     0  printf8.o(i.__0sprintf$8)
    __2sprintf                               0x080026ed   Thumb Code     0  printf8.o(i.__0sprintf$8)
    __scatterload_copy                       0x08002715   Thumb Code    14  handlers.o(i.__scatterload_copy)
    __scatterload_null                       0x08002723   Thumb Code     2  handlers.o(i.__scatterload_null)
    __scatterload_zeroinit                   0x08002725   Thumb Code    14  handlers.o(i.__scatterload_zeroinit)
    delay_init                               0x08002ba1   Thumb Code    60  delay.o(i.delay_init)
    delay_ms                                 0x08002bed   Thumb Code    56  delay.o(i.delay_ms)
    detcet_flash                             0x08002c29   Thumb Code    52  falsh_use.o(i.detcet_flash)
    flash_test                               0x08002c5d   Thumb Code    64  falsh_use.o(i.flash_test)
    init_LED_GPIO                            0x08002ca1   Thumb Code    44  bsp_rgb.o(i.init_LED_GPIO)
    main                                     0x08002cd5   Thumb Code    44  main.o(i.main)
    show_flash                               0x08002d09   Thumb Code   100  falsh_use.o(i.show_flash)
    ascii_1206                               0x08002da0   Data        1140  lcd.o(.constdata)
    ascii_1608                               0x08003214   Data        1520  lcd.o(.constdata)
    ascii_2412                               0x08003804   Data        4560  lcd.o(.constdata)
    ascii_3216                               0x080049d4   Data        6080  lcd.o(.constdata)
    tfont16                                  0x08006194   Data         136  lcd.o(.constdata)
    Region$$Table$$Base                      0x0800627c   Number         0  anon$$obj.o(Region$$Table)
    Region$$Table$$Limit                     0x0800629c   Number         0  anon$$obj.o(Region$$Table)
    SystemCoreClock                          0x20000000   Data           4  system_stm32f10x.o(.data)
    AHBPrescTable                            0x20000004   Data          16  system_stm32f10x.o(.data)
    SPI_FLASH_TYPE                           0x2000002c   Data           2  bsp_w25q64.o(.data)
    motor_enable                             0x2000002e   Data           1  bsp_motor.o(.data)
    g_key1_long_press                        0x20000030   Data           2  bsp_key.o(.data)
    pid_Yaw                                  0x20000034   Data          28  bsp_pid.o(.data)
    Handkey                                  0x20000050   Data           2  ps2_control.o(.data)
    Comd                                     0x20000052   Data           2  ps2_control.o(.data)
    scan                                     0x20000054   Data           9  ps2_control.o(.data)
    MASK                                     0x2000005e   Data          32  ps2_control.o(.data)
    CarSpeed                                 0x20000080   Data           4  ps2_control.o(.data)
    g_CarState                               0x20000084   Data           4  ps2_control.o(.data)
    buff                                     0x20000088   Data          17  falsh_use.o(.data)
    SPI_FLASH_BUF                            0x2000009c   Data        4096  bsp_w25q64.o(.bss)
    pid_motor                                0x2000109c   Data         160  bsp_pid.o(.bss)
    __initial_sp                             0x20001540   Data           0  startup_stm32f10x_hd.o(STACK)



==============================================================================

Memory Map of the image

  Image Entry point : 0x08000131

  Load Region LR_IROM1 (Base: 0x08000000, Size: 0x00006338, Max: 0x00080000, ABSOLUTE)

    Execution Region ER_IROM1 (Base: 0x08000000, Size: 0x0000629c, Max: 0x00080000, ABSOLUTE)

    Base Addr    Size         Type   Attr      Idx    E Section Name        Object

    0x08000000   0x00000130   Data   RO          303    RESET               startup_stm32f10x_hd.o
    0x08000130   0x00000000   Code   RO         4656  * .ARM.Collect$$$$00000000  mc_w.l(entry.o)
    0x08000130   0x00000004   Code   RO         4987    .ARM.Collect$$$$00000001  mc_w.l(entry2.o)
    0x08000134   0x00000004   Code   RO         4990    .ARM.Collect$$$$00000004  mc_w.l(entry5.o)
    0x08000138   0x00000000   Code   RO         4992    .ARM.Collect$$$$00000008  mc_w.l(entry7b.o)
    0x08000138   0x00000000   Code   RO         4994    .ARM.Collect$$$$0000000A  mc_w.l(entry8b.o)
    0x08000138   0x00000008   Code   RO         4995    .ARM.Collect$$$$0000000B  mc_w.l(entry9a.o)
    0x08000140   0x00000000   Code   RO         4997    .ARM.Collect$$$$0000000D  mc_w.l(entry10a.o)
    0x08000140   0x00000000   Code   RO         4999    .ARM.Collect$$$$0000000F  mc_w.l(entry11a.o)
    0x08000140   0x00000004   Code   RO         4988    .ARM.Collect$$$$00002712  mc_w.l(entry2.o)
    0x08000144   0x00000024   Code   RO          304    .text               startup_stm32f10x_hd.o
    0x08000168   0x00000024   Code   RO         4659    .text               mc_w.l(memcpya.o)
    0x0800018c   0x00000024   Code   RO         4661    .text               mc_w.l(memseta.o)
    0x080001b0   0x00000062   Code   RO         5004    .text               mc_w.l(uldiv.o)
    0x08000212   0x0000001e   Code   RO         5006    .text               mc_w.l(llshl.o)
    0x08000230   0x00000020   Code   RO         5008    .text               mc_w.l(llushr.o)
    0x08000250   0x00000024   Code   RO         5030    .text               mc_w.l(init.o)
    0x08000274   0x00000060   Code   RO         3422    i.BSP_init          bsp.o
    0x080002d4   0x00000004   Code   RO          193    i.BusFault_Handler  stm32f10x_it.o
    0x080002d8   0x00000002   Code   RO          194    i.DebugMon_Handler  stm32f10x_it.o
    0x080002da   0x00000014   Code   RO         4017    i.Encoder_Init      bsp_encoder.o
    0x080002ee   0x00000002   PAD
    0x080002f0   0x000000e0   Code   RO         4018    i.Encoder_Init_TIM2  bsp_encoder.o
    0x080003d0   0x000000c4   Code   RO         4019    i.Encoder_Init_TIM3  bsp_encoder.o
    0x08000494   0x000000c4   Code   RO         4020    i.Encoder_Init_TIM4  bsp_encoder.o
    0x08000558   0x000000c4   Code   RO         4021    i.Encoder_Init_TIM5  bsp_encoder.o
    0x0800061c   0x00000116   Code   RO         1459    i.GPIO_Init         stm32f10x_gpio.o
    0x08000732   0x00000002   PAD
    0x08000734   0x00000090   Code   RO         1461    i.GPIO_PinRemapConfig  stm32f10x_gpio.o
    0x080007c4   0x00000012   Code   RO         1463    i.GPIO_ReadInputDataBit  stm32f10x_gpio.o
    0x080007d6   0x00000004   Code   RO         1466    i.GPIO_ResetBits    stm32f10x_gpio.o
    0x080007da   0x00000004   Code   RO         1467    i.GPIO_SetBits      stm32f10x_gpio.o
    0x080007de   0x00000002   PAD
    0x080007e0   0x00000048   Code   RO         4304    i.GetLineWalking    linewalking.o
    0x08000828   0x00000004   Code   RO          195    i.HardFault_Handler  stm32f10x_it.o
    0x0800082c   0x0000004c   Code   RO         4128    i.Key1_State        bsp_key.o
    0x08000878   0x00000018   Code   RO         4129    i.Key1_is_Press     bsp_key.o
    0x08000890   0x00000024   Code   RO         4130    i.Key_GPIO_Init     bsp_key.o
    0x080008b4   0x00000046   Code   RO         3371    i.LCD_Address_Set   lcd_init.o
    0x080008fa   0x0000001c   Code   RO         3277    i.LCD_DrawPoint     lcd.o
    0x08000916   0x0000004a   Code   RO         3279    i.LCD_Fill          lcd.o
    0x08000960   0x00000098   Code   RO         3372    i.LCD_GPIO_Init     lcd_init.o
    0x080009f8   0x00000264   Code   RO         3373    i.LCD_Init          lcd_init.o
    0x08000c5c   0x00000158   Code   RO         3280    i.LCD_ShowChar      lcd.o
    0x08000db4   0x00000042   Code   RO         3286    i.LCD_ShowString    lcd.o
    0x08000df6   0x00000012   Code   RO         3374    i.LCD_WR_DATA       lcd_init.o
    0x08000e08   0x0000000c   Code   RO         3375    i.LCD_WR_DATA8      lcd_init.o
    0x08000e14   0x00000024   Code   RO         3376    i.LCD_WR_REG        lcd_init.o
    0x08000e38   0x00000060   Code   RO         3377    i.LCD_Writ_Bus      lcd_init.o
    0x08000e98   0x000000e0   Code   RO         4305    i.LineWalking       linewalking.o
    0x08000f78   0x0000009c   Code   RO         4306    i.LineWalking_GPIO_Init  linewalking.o
    0x08001014   0x00000068   Code   RO         4076    i.MOTOR_GPIO_Init   bsp_motor.o
    0x0800107c   0x00000004   Code   RO          196    i.MemManage_Handler  stm32f10x_it.o
    0x08001080   0x00000060   Code   RO         4523    i.Motion_Set_Pwm    app_motor.o
    0x080010e0   0x0000001e   Code   RO         4078    i.Motor_Ignore_Dead_Zone  bsp_motor.o
    0x080010fe   0x00000002   PAD
    0x08001100   0x000000fc   Code   RO         4079    i.Motor_PWM_Init    bsp_motor.o
    0x080011fc   0x000000d0   Code   RO         4080    i.Motor_Set_Pwm     bsp_motor.o
    0x080012cc   0x00000002   Code   RO          197    i.NMI_Handler       stm32f10x_it.o
    0x080012ce   0x00000002   PAD
    0x080012d0   0x00000070   Code   RO          308    i.NVIC_Init         misc.o
    0x08001340   0x00000014   Code   RO          309    i.NVIC_PriorityGroupConfig  misc.o
    0x08001354   0x00000098   Code   RO         4177    i.PID_Param_Init    bsp_pid.o
    0x080013ec   0x00000002   Code   RO          198    i.PendSV_Handler    stm32f10x_it.o
    0x080013ee   0x00000002   PAD
    0x080013f0   0x00000020   Code   RO         1875    i.RCC_APB1PeriphClockCmd  stm32f10x_rcc.o
    0x08001410   0x00000020   Code   RO         1876    i.RCC_APB1PeriphResetCmd  stm32f10x_rcc.o
    0x08001430   0x00000020   Code   RO         1877    i.RCC_APB2PeriphClockCmd  stm32f10x_rcc.o
    0x08001450   0x00000020   Code   RO         1878    i.RCC_APB2PeriphResetCmd  stm32f10x_rcc.o
    0x08001470   0x000000d4   Code   RO         1885    i.RCC_GetClocksFreq  stm32f10x_rcc.o
    0x08001544   0x00000018   Code   RO         2354    i.SPI_Cmd           stm32f10x_spi.o
    0x0800155c   0x000000cc   Code   RO         3831    i.SPI_FLASH_Init    bsp_spi.o
    0x08001628   0x00000012   Code   RO         2362    i.SPI_I2S_GetFlagStatus  stm32f10x_spi.o
    0x0800163a   0x00000006   Code   RO         2365    i.SPI_I2S_ReceiveData  stm32f10x_spi.o
    0x08001640   0x00000004   Code   RO         2366    i.SPI_I2S_SendData  stm32f10x_spi.o
    0x08001644   0x0000003c   Code   RO         2367    i.SPI_Init          stm32f10x_spi.o
    0x08001680   0x00000054   Code   RO         3832    i.SPI_ReadWriteByte  bsp_spi.o
    0x080016d4   0x00000002   Code   RO          199    i.SVC_Handler       stm32f10x_it.o
    0x080016d6   0x00000008   Code   RO          256    i.SetSysClock       system_stm32f10x.o
    0x080016de   0x00000002   PAD
    0x080016e0   0x000000e0   Code   RO          257    i.SetSysClockTo72   system_stm32f10x.o
    0x080017c0   0x00000048   Code   RO         3725    i.SpiFlashEraseSector  bsp_w25q64.o
    0x08001808   0x00000048   Code   RO         3726    i.SpiFlashInit      bsp_w25q64.o
    0x08001850   0x00000050   Code   RO         3728    i.SpiFlashRead      bsp_w25q64.o
    0x080018a0   0x00000048   Code   RO         3729    i.SpiFlashReadID    bsp_w25q64.o
    0x080018e8   0x0000002c   Code   RO         3730    i.SpiFlashReadSR    bsp_w25q64.o
    0x08001914   0x00000012   Code   RO         3732    i.SpiFlashWaitBusy  bsp_w25q64.o
    0x08001926   0x00000002   PAD
    0x08001928   0x000000b4   Code   RO         3733    i.SpiFlashWrite     bsp_w25q64.o
    0x080019dc   0x00000020   Code   RO         3735    i.SpiFlashWriteEnable  bsp_w25q64.o
    0x080019fc   0x00000046   Code   RO         3736    i.SpiFlashWriteNoCheck  bsp_w25q64.o
    0x08001a42   0x00000002   PAD
    0x08001a44   0x00000054   Code   RO         3737    i.SpiFlashWritePage  bsp_w25q64.o
    0x08001a98   0x00000028   Code   RO          312    i.SysTick_CLKSourceConfig  misc.o
    0x08001ac0   0x00000002   Code   RO          200    i.SysTick_Handler   stm32f10x_it.o
    0x08001ac2   0x00000002   PAD
    0x08001ac4   0x00000060   Code   RO          259    i.SystemInit        system_stm32f10x.o
    0x08001b24   0x00000080   Code   RO         2493    i.TI1_Config        stm32f10x_tim.o
    0x08001ba4   0x00000098   Code   RO         2494    i.TI2_Config        stm32f10x_tim.o
    0x08001c3c   0x00000090   Code   RO         2495    i.TI3_Config        stm32f10x_tim.o
    0x08001ccc   0x00000098   Code   RO         2496    i.TI4_Config        stm32f10x_tim.o
    0x08001d64   0x00000006   Code   RO         2503    i.TIM_ClearFlag     stm32f10x_tim.o
    0x08001d6a   0x00000018   Code   RO         2509    i.TIM_Cmd           stm32f10x_tim.o
    0x08001d82   0x0000001e   Code   RO         2511    i.TIM_CtrlPWMOutputs  stm32f10x_tim.o
    0x08001da0   0x000001e8   Code   RO         2514    i.TIM_DeInit        stm32f10x_tim.o
    0x08001f88   0x00000042   Code   RO         2518    i.TIM_EncoderInterfaceConfig  stm32f10x_tim.o
    0x08001fca   0x00000002   PAD
    0x08001fcc   0x000000ac   Code   RO         2532    i.TIM_ICInit        stm32f10x_tim.o
    0x08002078   0x00000012   Code   RO         2533    i.TIM_ICStructInit  stm32f10x_tim.o
    0x0800208a   0x00000012   Code   RO         2534    i.TIM_ITConfig      stm32f10x_tim.o
    0x0800209c   0x00000098   Code   RO         2538    i.TIM_OC1Init       stm32f10x_tim.o
    0x08002134   0x000000a4   Code   RO         2543    i.TIM_OC2Init       stm32f10x_tim.o
    0x080021d8   0x000000a0   Code   RO         2548    i.TIM_OC3Init       stm32f10x_tim.o
    0x08002278   0x0000007c   Code   RO         2553    i.TIM_OC4Init       stm32f10x_tim.o
    0x080022f4   0x00000014   Code   RO         2556    i.TIM_OCStructInit  stm32f10x_tim.o
    0x08002308   0x00000004   Code   RO         2574    i.TIM_SetCounter    stm32f10x_tim.o
    0x0800230c   0x00000012   Code   RO         2575    i.TIM_SetIC1Prescaler  stm32f10x_tim.o
    0x0800231e   0x0000001a   Code   RO         2576    i.TIM_SetIC2Prescaler  stm32f10x_tim.o
    0x08002338   0x00000012   Code   RO         2577    i.TIM_SetIC3Prescaler  stm32f10x_tim.o
    0x0800234a   0x0000001a   Code   RO         2578    i.TIM_SetIC4Prescaler  stm32f10x_tim.o
    0x08002364   0x000000a4   Code   RO         2580    i.TIM_TimeBaseInit  stm32f10x_tim.o
    0x08002408   0x00000012   Code   RO         2581    i.TIM_TimeBaseStructInit  stm32f10x_tim.o
    0x0800241a   0x00000002   PAD
    0x0800241c   0x00000024   Code   RO         3882    i.USART1_IRQHandler  bsp_usart.o
    0x08002440   0x00000020   Code   RO         3884    i.USART1_Send_U8    bsp_usart.o
    0x08002460   0x000000b8   Code   RO         3885    i.USART1_init       bsp_usart.o
    0x08002518   0x00000012   Code   RO         3041    i.USART_ClearFlag   stm32f10x_usart.o
    0x0800252a   0x00000018   Code   RO         3045    i.USART_Cmd         stm32f10x_usart.o
    0x08002542   0x0000001a   Code   RO         3048    i.USART_GetFlagStatus  stm32f10x_usart.o
    0x0800255c   0x00000054   Code   RO         3049    i.USART_GetITStatus  stm32f10x_usart.o
    0x080025b0   0x0000004a   Code   RO         3051    i.USART_ITConfig    stm32f10x_usart.o
    0x080025fa   0x00000002   PAD
    0x080025fc   0x000000d8   Code   RO         3052    i.USART_Init        stm32f10x_usart.o
    0x080026d4   0x0000000a   Code   RO         3059    i.USART_ReceiveData  stm32f10x_usart.o
    0x080026de   0x00000008   Code   RO         3062    i.USART_SendData    stm32f10x_usart.o
    0x080026e6   0x00000004   Code   RO          201    i.UsageFault_Handler  stm32f10x_it.o
    0x080026ea   0x00000002   PAD
    0x080026ec   0x00000028   Code   RO         4874    i.__0sprintf$8      mc_w.l(printf8.o)
    0x08002714   0x0000000e   Code   RO         5036    i.__scatterload_copy  mc_w.l(handlers.o)
    0x08002722   0x00000002   Code   RO         5037    i.__scatterload_null  mc_w.l(handlers.o)
    0x08002724   0x0000000e   Code   RO         5038    i.__scatterload_zeroinit  mc_w.l(handlers.o)
    0x08002732   0x00000002   PAD
    0x08002734   0x00000410   Code   RO         4879    i._printf_core      mc_w.l(printf8.o)
    0x08002b44   0x00000024   Code   RO         4880    i._printf_post_padding  mc_w.l(printf8.o)
    0x08002b68   0x0000002e   Code   RO         4881    i._printf_pre_padding  mc_w.l(printf8.o)
    0x08002b96   0x0000000a   Code   RO         4883    i._sputc            mc_w.l(printf8.o)
    0x08002ba0   0x0000004c   Code   RO         3434    i.delay_init        delay.o
    0x08002bec   0x0000003c   Code   RO         3435    i.delay_ms          delay.o
    0x08002c28   0x00000034   Code   RO         4417    i.detcet_flash      falsh_use.o
    0x08002c5c   0x00000044   Code   RO         4418    i.flash_test        falsh_use.o
    0x08002ca0   0x00000034   Code   RO         3859    i.init_LED_GPIO     bsp_rgb.o
    0x08002cd4   0x00000034   Code   RO            1    i.main              main.o
    0x08002d08   0x00000098   Code   RO         4419    i.show_flash        falsh_use.o
    0x08002da0   0x0000347c   Data   RO         3288    .constdata          lcd.o
    0x0800621c   0x00000060   Data   RO         4082    .constdata          bsp_motor.o
    0x0800627c   0x00000020   Data   RO         5034    Region$$Table       anon$$obj.o


    Execution Region RW_IRAM1 (Base: 0x20000000, Size: 0x00001540, Max: 0x00020000, ABSOLUTE)

    Base Addr    Size         Type   Attr      Idx    E Section Name        Object

    0x20000000   0x00000014   Data   RW          260    .data               system_stm32f10x.o
    0x20000014   0x00000014   Data   RW         1905    .data               stm32f10x_rcc.o
    0x20000028   0x00000004   Data   RW         3437    .data               delay.o
    0x2000002c   0x00000002   Data   RW         3740    .data               bsp_w25q64.o
    0x2000002e   0x00000001   Data   RW         4083    .data               bsp_motor.o
    0x2000002f   0x00000001   PAD
    0x20000030   0x00000004   Data   RW         4133    .data               bsp_key.o
    0x20000034   0x0000001c   Data   RW         4187    .data               bsp_pid.o
    0x20000050   0x00000038   Data   RW         4361    .data               ps2_control.o
    0x20000088   0x00000011   Data   RW         4420    .data               falsh_use.o
    0x20000099   0x00000003   PAD
    0x2000009c   0x00001000   Zero   RW         3739    .bss                bsp_w25q64.o
    0x2000109c   0x000000a0   Zero   RW         4186    .bss                bsp_pid.o
    0x2000113c   0x00000004   PAD
    0x20001140   0x00000400   Zero   RW          301    STACK               startup_stm32f10x_hd.o


==============================================================================

Image component sizes


      Code (inc. data)   RO Data    RW Data    ZI Data      Debug   Object Name

        96          0          0          0          0        677   app_motor.o
        96          6          0          0          0        495   bsp.o
       832         44          0          0          0       3059   bsp_encoder.o
       136         18          0          4          0       1801   bsp_key.o
       594         34         96          1          0       2854   bsp_motor.o
       152         26          0         28        160       2097   bsp_pid.o
        52          8          0          0          0        508   bsp_rgb.o
       288         16          0          0          0       1301   bsp_spi.o
       252         18          0          0          0       1719   bsp_usart.o
       724         58          0          2       4096       6565   bsp_w25q64.o
         0          0          0          0          0         32   core_cm3.o
       136         20          0          4          0       1168   delay.o
       272         56          0         17          0       2172   falsh_use.o
       512         16      13436          0          0       4241   lcd.o
       996         32          0          0          0       4058   lcd_init.o
       452         22          0          0          0       1951   linewalking.o
        52          8          0          0          0     261651   main.o
       172         22          0          0          0       1981   misc.o
         0          0          0         56          0        870   ps2_control.o
        36          8        304          0       1024        796   startup_stm32f10x_hd.o
       448          6          0          0          0       4342   stm32f10x_gpio.o
        26          0          0          0          0       3730   stm32f10x_it.o
       340         44          0         20          0       5476   stm32f10x_rcc.o
       112          0          0          0          0       3702   stm32f10x_spi.o
      2292        264          0          0          0      15356   stm32f10x_tim.o
       460          6          0          0          0       6499   stm32f10x_usart.o
       328         28          0         20          0       2189   system_stm32f10x.o

    ----------------------------------------------------------------------
      9884        760      13868        156       5284     341290   Object Totals
         0          0         32          0          0          0   (incl. Generated)
        28          0          0          4          4          0   (incl. Padding)

    ----------------------------------------------------------------------

      Code (inc. data)   RO Data    RW Data    ZI Data      Debug   Library Member Name

         0          0          0          0          0          0   entry.o
         0          0          0          0          0          0   entry10a.o
         0          0          0          0          0          0   entry11a.o
         8          4          0          0          0          0   entry2.o
         4          0          0          0          0          0   entry5.o
         0          0          0          0          0          0   entry7b.o
         0          0          0          0          0          0   entry8b.o
         8          4          0          0          0          0   entry9a.o
        30          0          0          0          0          0   handlers.o
        36          8          0          0          0         68   init.o
        30          0          0          0          0         68   llshl.o
        32          0          0          0          0         68   llushr.o
        36          0          0          0          0         68   memcpya.o
        36          0          0          0          0        108   memseta.o
      1172         50          0          0          0        420   printf8.o
        98          0          0          0          0         92   uldiv.o

    ----------------------------------------------------------------------
      1492         66          0          0          0        892   Library Totals
         2          0          0          0          0          0   (incl. Padding)

    ----------------------------------------------------------------------

      Code (inc. data)   RO Data    RW Data    ZI Data      Debug   Library Name

      1490         66          0          0          0        892   mc_w.l

    ----------------------------------------------------------------------
      1492         66          0          0          0        892   Library Totals

    ----------------------------------------------------------------------

==============================================================================


      Code (inc. data)   RO Data    RW Data    ZI Data      Debug   

     11376        826      13868        156       5284     336198   Grand Totals
     11376        826      13868        156       5284     336198   ELF Image Totals
     11376        826      13868        156          0          0   ROM Totals

==============================================================================

    Total RO  Size (Code + RO Data)                25244 (  24.65kB)
    Total RW  Size (RW Data + ZI Data)              5440 (   5.31kB)
    Total ROM Size (Code + RO Data + RW Data)      25400 (  24.80kB)

==============================================================================

