<html>
<body>
<pre>
<h1>礦ision Build Log</h1>
<h2>Tool Versions:</h2>
IDE-Version: μVision V5.14.0.0
Copyright (C) 2015 ARM Ltd and ARM Germany GmbH. All rights reserved.
License Information: aaa Administrator, aaa, LIC=9WSKC-7ZNER-NNTAF-6N23Q-1FV88-LCIFW
 
Tool Versions:
Toolchain:       MDK-ARM Standard  Version: 5.14.0.0
Toolchain Path:  C:\Keil_v5\ARM\ARMCC\Bin
C Compiler:      Armcc.exe V5.05 update 1 (build 106)
Assembler:       Armasm.exe V5.05 update 1 (build 106)
Linker/Locator:  ArmLink.exe V5.05 update 1 (build 106)
Library Manager: ArmAr.exe V5.05 update 1 (build 106)
Hex Converter:   FromElf.exe V5.05 update 1 (build 106)
CPU DLL:         SARMCM3.DLL V5.14.0.0
Dialog DLL:      DCM.DLL V1.13.1.0
Target DLL:      STLink\ST-LINKIII-KEIL_SWO.dll V3.0.8.0
Dialog DLL:      TCM.DLL V1.14.4.0
 
<h2>Project:</h2>
C:\Users\Administrator\Desktop\国赛小车(1)\国赛小车\stm32f103c8t6例程\四路巡线\D157Bdemo\USER\AT8236.uvprojx
Project File Date:  02/22/2023

<h2>Output:</h2>
Rebuild target 'Tb6612demo'
compiling main.c...
compiling stm32f10x_it.c...
compiling system_stm32f10x.c...
assembling startup_stm32f10x_md.s...
compiling core_cm3.c...
compiling misc.c...
compiling stm32f10x_adc.c...
compiling stm32f10x_bkp.c...
compiling stm32f10x_can.c...
compiling stm32f10x_cec.c...
compiling stm32f10x_crc.c...
compiling stm32f10x_dac.c...
compiling stm32f10x_dbgmcu.c...
compiling stm32f10x_dma.c...
compiling stm32f10x_exti.c...
compiling stm32f10x_flash.c...
compiling stm32f10x_fsmc.c...
compiling stm32f10x_gpio.c...
compiling stm32f10x_i2c.c...
compiling stm32f10x_iwdg.c...
compiling stm32f10x_pwr.c...
compiling stm32f10x_rcc.c...
compiling stm32f10x_rtc.c...
compiling stm32f10x_sdio.c...
compiling stm32f10x_spi.c...
compiling stm32f10x_tim.c...
compiling stm32f10x_usart.c...
compiling stm32f10x_wwdg.c...
compiling delay.c...
compiling sys.c...
compiling usart.c...
compiling bsp.c...
compiling moto.c...
compiling pwm.c...
compiling adc.c...
compiling encoder.c...
compiling servo.c...
..\HAREWER\SERVO\servo.c(19): warning:  #550-D: variable "GPIO_InitStructure" was set but never used
        GPIO_InitTypeDef GPIO_InitStructure;
..\HAREWER\SERVO\servo.c: 1 warning, 0 errors
compiling ultrasonic.c...
compiling linewalking.c...
compiling iravoid.c...
compiling ps2_control.c...
..\HAREWER\PS2_Control\ps2_control.c(170): warning:  #223-D: function "printf" declared implicitly
                case PSB_SELECT:        printf("PSB_SELECT \n");  break;
..\HAREWER\PS2_Control\ps2_control.c(162): warning:  #550-D: variable "X2" was set but never used
        u8 PS2_KEY = 0, X1=0,Y1=0,X2=0,Y2=0;
..\HAREWER\PS2_Control\ps2_control.c(162): warning:  #550-D: variable "Y2" was set but never used
        u8 PS2_KEY = 0, X1=0,Y1=0,X2=0,Y2=0;
..\HAREWER\PS2_Control\ps2_control.c: 3 warnings, 0 errors
compiling three_linewalking.c...
linking...
Program Size: Code=5948 RO-data=268 RW-data=64 ZI-data=1832  
FromELF: creating hex file...
"..\OBJ\Minibalance.axf" - 0 Error(s), 4 Warning(s).

<h2>Collection of Component include folders:</h2>
  C:\Users\Administrator\Desktop\国赛小车(1)\国赛小车\stm32f103c8t6例程\四路巡线\D157Bdemo\USER\RTE
  C:\Users\Administrator\AppData\Local\Arm\Packs\Keil\STM32F1xx_DFP\2.2.0

<h2>Collection of Component Files used:</h2>
</pre>
</body>
</html>
