Component: ARM Compiler 5.05 update 1 (build 106) Tool: armlink [4d0efa]

==============================================================================

Section Cross References

    main.o(i.main) refers to bsp.o(i.BSP_init) for BSP_init
    main.o(i.main) refers to bsp_key.o(i.Key1_State) for Key1_State
    main.o(i.main) refers to bsp_encoder.o(i.Encoder_Update_Count) for Encoder_Update_Count
    main.o(i.main) refers to app_motor.o(i.Motion_Handle) for Motion_Handle
    main.o(i.main) refers to app_mecanum.o(i.Mecanum_State) for Mecanum_State
    main.o(i.main) refers to delay.o(i.delay_ms) for delay_ms
    system_stm32f10x.o(i.SetSysClock) refers to system_stm32f10x.o(i.SetSysClockTo72) for SetSysClockTo72
    system_stm32f10x.o(i.SystemCoreClockUpdate) refers to system_stm32f10x.o(.data) for .data
    system_stm32f10x.o(i.SystemInit) refers to system_stm32f10x.o(i.SetSysClock) for SetSysClock
    startup_stm32f10x_hd.o(RESET) refers to startup_stm32f10x_hd.o(STACK) for __initial_sp
    startup_stm32f10x_hd.o(RESET) refers to startup_stm32f10x_hd.o(.text) for Reset_Handler
    startup_stm32f10x_hd.o(RESET) refers to stm32f10x_it.o(i.NMI_Handler) for NMI_Handler
    startup_stm32f10x_hd.o(RESET) refers to stm32f10x_it.o(i.HardFault_Handler) for HardFault_Handler
    startup_stm32f10x_hd.o(RESET) refers to stm32f10x_it.o(i.MemManage_Handler) for MemManage_Handler
    startup_stm32f10x_hd.o(RESET) refers to stm32f10x_it.o(i.BusFault_Handler) for BusFault_Handler
    startup_stm32f10x_hd.o(RESET) refers to stm32f10x_it.o(i.UsageFault_Handler) for UsageFault_Handler
    startup_stm32f10x_hd.o(RESET) refers to stm32f10x_it.o(i.SVC_Handler) for SVC_Handler
    startup_stm32f10x_hd.o(RESET) refers to stm32f10x_it.o(i.DebugMon_Handler) for DebugMon_Handler
    startup_stm32f10x_hd.o(RESET) refers to stm32f10x_it.o(i.PendSV_Handler) for PendSV_Handler
    startup_stm32f10x_hd.o(RESET) refers to stm32f10x_it.o(i.SysTick_Handler) for SysTick_Handler
    startup_stm32f10x_hd.o(RESET) refers to bsp_usart.o(i.USART1_IRQHandler) for USART1_IRQHandler
    startup_stm32f10x_hd.o(.text) refers to system_stm32f10x.o(i.SystemInit) for SystemInit
    startup_stm32f10x_hd.o(.text) refers to entry.o(.ARM.Collect$$$$00000000) for __main
    stm32f10x_adc.o(i.ADC_DeInit) refers to stm32f10x_rcc.o(i.RCC_APB2PeriphResetCmd) for RCC_APB2PeriphResetCmd
    stm32f10x_bkp.o(i.BKP_DeInit) refers to stm32f10x_rcc.o(i.RCC_BackupResetCmd) for RCC_BackupResetCmd
    stm32f10x_can.o(i.CAN_DeInit) refers to stm32f10x_rcc.o(i.RCC_APB1PeriphResetCmd) for RCC_APB1PeriphResetCmd
    stm32f10x_can.o(i.CAN_GetITStatus) refers to stm32f10x_can.o(i.CheckITStatus) for CheckITStatus
    stm32f10x_cec.o(i.CEC_DeInit) refers to stm32f10x_rcc.o(i.RCC_APB1PeriphResetCmd) for RCC_APB1PeriphResetCmd
    stm32f10x_dac.o(i.DAC_DeInit) refers to stm32f10x_rcc.o(i.RCC_APB1PeriphResetCmd) for RCC_APB1PeriphResetCmd
    stm32f10x_flash.o(i.FLASH_EnableWriteProtection) refers to stm32f10x_flash.o(i.FLASH_WaitForLastOperation) for FLASH_WaitForLastOperation
    stm32f10x_flash.o(i.FLASH_EraseAllBank1Pages) refers to stm32f10x_flash.o(i.FLASH_WaitForLastBank1Operation) for FLASH_WaitForLastBank1Operation
    stm32f10x_flash.o(i.FLASH_EraseAllPages) refers to stm32f10x_flash.o(i.FLASH_WaitForLastOperation) for FLASH_WaitForLastOperation
    stm32f10x_flash.o(i.FLASH_EraseOptionBytes) refers to stm32f10x_flash.o(i.FLASH_GetReadOutProtectionStatus) for FLASH_GetReadOutProtectionStatus
    stm32f10x_flash.o(i.FLASH_EraseOptionBytes) refers to stm32f10x_flash.o(i.FLASH_WaitForLastOperation) for FLASH_WaitForLastOperation
    stm32f10x_flash.o(i.FLASH_ErasePage) refers to stm32f10x_flash.o(i.FLASH_WaitForLastOperation) for FLASH_WaitForLastOperation
    stm32f10x_flash.o(i.FLASH_ProgramHalfWord) refers to stm32f10x_flash.o(i.FLASH_WaitForLastOperation) for FLASH_WaitForLastOperation
    stm32f10x_flash.o(i.FLASH_ProgramOptionByteData) refers to stm32f10x_flash.o(i.FLASH_WaitForLastOperation) for FLASH_WaitForLastOperation
    stm32f10x_flash.o(i.FLASH_ProgramWord) refers to stm32f10x_flash.o(i.FLASH_WaitForLastOperation) for FLASH_WaitForLastOperation
    stm32f10x_flash.o(i.FLASH_ReadOutProtection) refers to stm32f10x_flash.o(i.FLASH_WaitForLastOperation) for FLASH_WaitForLastOperation
    stm32f10x_flash.o(i.FLASH_UserOptionByteConfig) refers to stm32f10x_flash.o(i.FLASH_WaitForLastOperation) for FLASH_WaitForLastOperation
    stm32f10x_flash.o(i.FLASH_WaitForLastBank1Operation) refers to stm32f10x_flash.o(i.FLASH_GetBank1Status) for FLASH_GetBank1Status
    stm32f10x_flash.o(i.FLASH_WaitForLastOperation) refers to stm32f10x_flash.o(i.FLASH_GetBank1Status) for FLASH_GetBank1Status
    stm32f10x_gpio.o(i.GPIO_AFIODeInit) refers to stm32f10x_rcc.o(i.RCC_APB2PeriphResetCmd) for RCC_APB2PeriphResetCmd
    stm32f10x_gpio.o(i.GPIO_DeInit) refers to stm32f10x_rcc.o(i.RCC_APB2PeriphResetCmd) for RCC_APB2PeriphResetCmd
[...]
    Removing dadd.o(.text), (334 bytes).
    Removing dmul.o(.text), (228 bytes).
    Removing ddiv.o(.text), (222 bytes).
    Removing ffltui.o(.text), (10 bytes).
    Removing dflti.o(.text), (34 bytes).
    Removing ffixui.o(.text), (40 bytes).
    Removing dfixi.o(.text), (62 bytes).
    Removing f2d.o(.text), (38 bytes).
    Removing cdcmple.o(.text), (48 bytes).
    Removing cdrcmple.o(.text), (48 bytes).
    Removing d2f.o(.text), (56 bytes).
    Removing cfcmple.o(.text), (20 bytes).
    Removing cfrcmple.o(.text), (20 bytes).
    Removing depilogue.o(.text), (186 bytes).
    Removing dfixul.o(.text), (48 bytes).
    Removing dscalb.o(.text), (46 bytes).

579 unused section(s) (total 36073 bytes) removed from the image.

==============================================================================

Image Symbol Table

    Local Symbols

    Symbol Name                              Value     Ov Type        Size  Object(Section)

    ../clib/microlib/division.c              0x00000000   Number         0  uldiv.o ABSOLUTE
    ../clib/microlib/division.c              0x00000000   Number         0  uidiv.o ABSOLUTE
    ../clib/microlib/errno.c                 0x00000000   Number         0  errno.o ABSOLUTE
    ../clib/microlib/init/entry.s            0x00000000   Number         0  entry11a.o ABSOLUTE
    ../clib/microlib/init/entry.s            0x00000000   Number         0  entry11b.o ABSOLUTE
    ../clib/microlib/init/entry.s            0x00000000   Number         0  entry10b.o ABSOLUTE
    ../clib/microlib/init/entry.s            0x00000000   Number         0  entry5.o ABSOLUTE
    ../clib/microlib/init/entry.s            0x00000000   Number         0  entry10a.o ABSOLUTE
    ../clib/microlib/init/entry.s            0x00000000   Number         0  entry9b.o ABSOLUTE
    ../clib/microlib/init/entry.s            0x00000000   Number         0  entry9a.o ABSOLUTE
    ../clib/microlib/init/entry.s            0x00000000   Number         0  entry8b.o ABSOLUTE
    ../clib/microlib/init/entry.s            0x00000000   Number         0  entry8a.o ABSOLUTE
    ../clib/microlib/init/entry.s            0x00000000   Number         0  entry2.o ABSOLUTE
    ../clib/microlib/init/entry.s            0x00000000   Number         0  entry7b.o ABSOLUTE
    ../clib/microlib/init/entry.s            0x00000000   Number         0  entry7a.o ABSOLUTE
    ../clib/microlib/init/entry.s            0x00000000   Number         0  entry.o ABSOLUTE
    ../clib/microlib/longlong.c              0x00000000   Number         0  llshl.o ABSOLUTE
    ../clib/microlib/longlong.c              0x00000000   Number         0  llushr.o ABSOLUTE
    ../clib/microlib/longlong.c              0x00000000   Number         0  llsshr.o ABSOLUTE
    ../clib/microlib/printf/printf.c         0x00000000   Number         0  printfb.o ABSOLUTE
    ../clib/microlib/printf/printf.c         0x00000000   Number         0  printfa.o ABSOLUTE
    ../clib/microlib/printf/printf.c         0x00000000   Number         0  printf0.o ABSOLUTE
    ../clib/microlib/printf/printf.c         0x00000000   Number         0  printf1.o ABSOLUTE
    ../clib/microlib/printf/printf.c         0x00000000   Number         0  printf8.o ABSOLUTE
    ../clib/microlib/printf/printf.c         0x00000000   Number         0  printf2.o ABSOLUTE
    ../clib/microlib/printf/printf.c         0x00000000   Number         0  printf3.o ABSOLUTE
    ../clib/microlib/printf/printf.c         0x00000000   Number         0  printf4.o ABSOLUTE
    ../clib/microlib/printf/printf.c         0x00000000   Number         0  printf5.o ABSOLUTE
    ../clib/microlib/printf/printf.c         0x00000000   Number         0  printf6.o ABSOLUTE
    ../clib/microlib/printf/printf.c         0x00000000   Number         0  printf7.o ABSOLUTE
    ../clib/microlib/printf/stubs.s          0x00000000   Number         0  stubs.o ABSOLUTE
    ../clib/microlib/stdio/streams.c         0x00000000   Number         0  stdout.o ABSOLUTE
    ../clib/microlib/string/memcpy.c         0x00000000   Number         0  memcpyb.o ABSOLUTE
    ../clib/microlib/string/memcpy.c         0x00000000   Number         0  memcpya.o ABSOLUTE
    ../clib/microlib/string/memset.c         0x00000000   Number         0  memseta.o ABSOLUTE
    ../clib/microlib/stubs.s                 0x00000000   Number         0  iusefp.o ABSOLUTE
    ../fplib/microlib/d2f.c                  0x00000000   Number         0  d2f.o ABSOLUTE
    ../fplib/microlib/f2d.c                  0x00000000   Number         0  f2d.o ABSOLUTE
    ../fplib/microlib/fpadd.c                0x00000000   Number         0  fadd.o ABSOLUTE
    ../fplib/microlib/fpadd.c                0x00000000   Number         0  dadd.o ABSOLUTE
    ../fplib/microlib/fpdiv.c                0x00000000   Number         0  fdiv.o ABSOLUTE
    ../fplib/microlib/fpdiv.c                0x00000000   Number         0  ddiv.o ABSOLUTE
    ../fplib/microlib/fpepilogue.c           0x00000000   Number         0  fepilogue.o ABSOLUTE
    ../fplib/microlib/fpepilogue.c           0x00000000   Number         0  depilogue.o ABSOLUTE
    ../fplib/microlib/fpfix.c                0x00000000   Number         0  dfixi.o ABSOLUTE
    ../fplib/microlib/fpfix.c                0x00000000   Number         0  ffixi.o ABSOLUTE
    ../fplib/microlib/fpfix.c                0x00000000   Number         0  ffixui.o ABSOLUTE
    ../fplib/microlib/fpfix.c                0x00000000   Number         0  dfixul.o ABSOLUTE
    ../fplib/microlib/fpflt.c                0x00000000   Number         0  dflti.o ABSOLUTE
    ../fplib/microlib/fpflt.c                0x00000000   Number         0  ffltui.o ABSOLUTE
    ../fplib/microlib/fpflt.c                0x00000000   Number         0  fflti.o ABSOLUTE
    ../fplib/microlib/fpmul.c                0x00000000   Number         0  fmul.o ABSOLUTE
    ../fplib/microlib/fpmul.c                0x00000000   Number         0  dmul.o ABSOLUTE
    ../fplib/microlib/fpscalb.c              0x00000000   Number         0  fscalb.o ABSOLUTE
    ../fplib/microlib/fpscalb.c              0x00000000   Number         0  dscalb.o ABSOLUTE
    ../mathlib/atan.c                        0x00000000   Number         0  atan_x.o ABSOLUTE
    ../mathlib/atan.c                        0x00000000   Number         0  atan.o ABSOLUTE
    ../mathlib/atan2.c                       0x00000000   Number         0  atan2.o ABSOLUTE
    ../mathlib/atan2.c                       0x00000000   Number         0  atan2_x.o ABSOLUTE
    ../mathlib/dunder.c                      0x00000000   Number         0  dunder.o ABSOLUTE
    ../mathlib/fpclassify.c                  0x00000000   Number         0  fpclassify.o ABSOLUTE
    ../mathlib/poly.c                        0x00000000   Number         0  poly.o ABSOLUTE
    ../mathlib/qnan.c                        0x00000000   Number         0  qnan.o ABSOLUTE
    ..\APP\app_math.c                        0x00000000   Number         0  app_math.o ABSOLUTE
    ..\APP\app_mecanum.c                     0x00000000   Number         0  app_mecanum.o ABSOLUTE
    ..\APP\app_motor.c                       0x00000000   Number         0  app_motor.o ABSOLUTE
    ..\APP\falsh_use.c                       0x00000000   Number         0  falsh_use.o ABSOLUTE
    ..\APP\imu_use.c                         0x00000000   Number         0  imu_use.o ABSOLUTE
    ..\BSP\CCD\bsp_CCD.c                     0x00000000   Number         0  bsp_ccd.o ABSOLUTE
    ..\BSP\ELE_field\bsp_adc.c               0x00000000   Number         0  bsp_adc.o ABSOLUTE
    ..\BSP\IRAVOID\iravoid.c                 0x00000000   Number         0  iravoid.o ABSOLUTE
    ..\BSP\KEY\bsp_key.c                     0x00000000   Number         0  bsp_key.o ABSOLUTE
    ..\BSP\LCD\lcd.c                         0x00000000   Number         0  lcd.o ABSOLUTE
    ..\BSP\LCD\lcd_init.c                    0x00000000   Number         0  lcd_init.o ABSOLUTE
    ..\BSP\LINEWALKING\linewalking.c         0x00000000   Number         0  linewalking.o ABSOLUTE
    ..\BSP\PID\bsp_pid.c                     0x00000000   Number         0  bsp_pid.o ABSOLUTE
    ..\BSP\PS2_Control\ps2_control.c         0x00000000   Number         0  ps2_control.o ABSOLUTE
    ..\BSP\RGB\bsp_RGB.c                     0x00000000   Number         0  bsp_rgb.o ABSOLUTE
    ..\BSP\THREE_LINEWALKING\three_linewalking.c 0x00000000   Number         0  three_linewalking.o ABSOLUTE
    ..\BSP\UART\bsp_usart.c                  0x00000000   Number         0  bsp_usart.o ABSOLUTE
    ..\BSP\bsp.c                             0x00000000   Number         0  bsp.o ABSOLUTE
    ..\BSP\delay.c                           0x00000000   Number         0  delay.o ABSOLUTE
    ..\BSP\icm20607\IOI2C.c                  0x00000000   Number         0  ioi2c.o ABSOLUTE
    ..\BSP\icm20607\bsp_icm20607.c           0x00000000   Number         0  bsp_icm20607.o ABSOLUTE
    ..\BSP\motor\bsp_encoder.c               0x00000000   Number         0  bsp_encoder.o ABSOLUTE
    ..\BSP\motor\bsp_motor.c                 0x00000000   Number         0  bsp_motor.o ABSOLUTE
    ..\BSP\w25q64\bsp_spi.c                  0x00000000   Number         0  bsp_spi.o ABSOLUTE
    ..\BSP\w25q64\bsp_w25q64.c               0x00000000   Number         0  bsp_w25q64.o ABSOLUTE
    ..\CMSIS\core_cm3.c                      0x00000000   Number         0  core_cm3.o ABSOLUTE
    ..\CMSIS\startup_stm32f10x_hd.s          0x00000000   Number         0  startup_stm32f10x_hd.o ABSOLUTE
    ..\CMSIS\system_stm32f10x.c              0x00000000   Number         0  system_stm32f10x.o ABSOLUTE
    ..\FWLib\src\misc.c                      0x00000000   Number         0  misc.o ABSOLUTE
    ..\FWLib\src\stm32f10x_adc.c             0x00000000   Number         0  stm32f10x_adc.o ABSOLUTE
    ..\FWLib\src\stm32f10x_bkp.c             0x00000000   Number         0  stm32f10x_bkp.o ABSOLUTE
    ..\FWLib\src\stm32f10x_can.c             0x00000000   Number         0  stm32f10x_can.o ABSOLUTE
    ..\FWLib\src\stm32f10x_cec.c             0x00000000   Number         0  stm32f10x_cec.o ABSOLUTE
    ..\FWLib\src\stm32f10x_crc.c             0x00000000   Number         0  stm32f10x_crc.o ABSOLUTE
    ..\FWLib\src\stm32f10x_dac.c             0x00000000   Number         0  stm32f10x_dac.o ABSOLUTE
    ..\FWLib\src\stm32f10x_dbgmcu.c          0x00000000   Number         0  stm32f10x_dbgmcu.o ABSOLUTE
    ..\FWLib\src\stm32f10x_dma.c             0x00000000   Number         0  stm32f10x_dma.o ABSOLUTE
    ..\FWLib\src\stm32f10x_exti.c            0x00000000   Number         0  stm32f10x_exti.o ABSOLUTE
    ..\FWLib\src\stm32f10x_flash.c           0x00000000   Number         0  stm32f10x_flash.o ABSOLUTE
    ..\FWLib\src\stm32f10x_fsmc.c            0x00000000   Number         0  stm32f10x_fsmc.o ABSOLUTE
    ..\FWLib\src\stm32f10x_gpio.c            0x00000000   Number         0  stm32f10x_gpio.o ABSOLUTE
    ..\FWLib\src\stm32f10x_i2c.c             0x00000000   Number         0  stm32f10x_i2c.o ABSOLUTE
    ..\FWLib\src\stm32f10x_iwdg.c            0x00000000   Number         0  stm32f10x_iwdg.o ABSOLUTE
    ..\FWLib\src\stm32f10x_pwr.c             0x00000000   Number         0  stm32f10x_pwr.o ABSOLUTE
    ..\FWLib\src\stm32f10x_rcc.c             0x00000000   Number         0  stm32f10x_rcc.o ABSOLUTE
    ..\FWLib\src\stm32f10x_rtc.c             0x00000000   Number         0  stm32f10x_rtc.o ABSOLUTE
    ..\FWLib\src\stm32f10x_sdio.c            0x00000000   Number         0  stm32f10x_sdio.o ABSOLUTE
    ..\FWLib\src\stm32f10x_spi.c             0x00000000   Number         0  stm32f10x_spi.o ABSOLUTE
    ..\FWLib\src\stm32f10x_tim.c             0x00000000   Number         0  stm32f10x_tim.o ABSOLUTE
    ..\FWLib\src\stm32f10x_usart.c           0x00000000   Number         0  stm32f10x_usart.o ABSOLUTE
    ..\FWLib\src\stm32f10x_wwdg.c            0x00000000   Number         0  stm32f10x_wwdg.o ABSOLUTE
    ..\\CMSIS\\core_cm3.c                    0x00000000   Number         0  core_cm3.o ABSOLUTE
    cdcmple.s                                0x00000000   Number         0  cdcmple.o ABSOLUTE
    cdrcmple.s                               0x00000000   Number         0  cdrcmple.o ABSOLUTE
    cfcmple.s                                0x00000000   Number         0  cfcmple.o ABSOLUTE
    cfrcmple.s                               0x00000000   Number         0  cfrcmple.o ABSOLUTE
    dc.s                                     0x00000000   Number         0  dc.o ABSOLUTE
    handlers.s                               0x00000000   Number         0  handlers.o ABSOLUTE
    init.s                                   0x00000000   Number         0  init.o ABSOLUTE
    main.c                                   0x00000000   Number         0  main.o ABSOLUTE
    stm32f10x_it.c                           0x00000000   Number         0  stm32f10x_it.o ABSOLUTE
    RESET                                    0x08000000   Section      304  startup_stm32f10x_hd.o(RESET)
    .ARM.Collect$$$$00000000                 0x08000130   Section        0  entry.o(.ARM.Collect$$$$00000000)
    .ARM.Collect$$$$00000001                 0x08000130   Section        4  entry2.o(.ARM.Collect$$$$00000001)
    .ARM.Collect$$$$00000004                 0x08000134   Section        4  entry5.o(.ARM.Collect$$$$00000004)
    .ARM.Collect$$$$00000008                 0x08000138   Section        0  entry7b.o(.ARM.Collect$$$$00000008)
    .ARM.Collect$$$$0000000A                 0x08000138   Section        0  entry8b.o(.ARM.Collect$$$$0000000A)
    .ARM.Collect$$$$0000000B                 0x08000138   Section        8  entry9a.o(.ARM.Collect$$$$0000000B)
    .ARM.Collect$$$$0000000D                 0x08000140   Section        0  entry10a.o(.ARM.Collect$$$$0000000D)
    .ARM.Collect$$$$0000000F                 0x08000140   Section        0  entry11a.o(.ARM.Collect$$$$0000000F)
    .ARM.Collect$$$$00002712                 0x08000140   Section        4  entry2.o(.ARM.Collect$$$$00002712)
    __lit__00000000                          0x08000140   Data           4  entry2.o(.ARM.Collect$$$$00002712)
    .text                                    0x08000144   Section       36  startup_stm32f10x_hd.o(.text)
    .text                                    0x08000168   Section        0  memcpya.o(.text)
    .text                                    0x0800018c   Section        0  memseta.o(.text)
    .text                                    0x080001b0   Section        0  fadd.o(.text)
    .text                                    0x08000260   Section        0  fmul.o(.text)
    .text                                    0x080002c4   Section        0  fdiv.o(.text)
    .text                                    0x08000340   Section        0  fscalb.o(.text)
    .text                                    0x08000358   Section        0  fflti.o(.text)
    .text                                    0x0800036a   Section        0  ffixi.o(.text)
    .text                                    0x0800039c   Section        0  uldiv.o(.text)
    .text                                    0x080003fe   Section        0  llshl.o(.text)
    .text                                    0x0800041c   Section        0  llushr.o(.text)
    .text                                    0x0800043c   Section        0  fepilogue.o(.text)
    .text                                    0x0800043c   Section        0  iusefp.o(.text)
    .text                                    0x080004ac   Section       36  init.o(.text)
    i.BSP_init                               0x080004d0   Section        0  bsp.o(i.BSP_init)
    i.BusFault_Handler                       0x0800052c   Section        0  stm32f10x_it.o(i.BusFault_Handler)
    i.DebugMon_Handler                       0x0800052e   Section        0  stm32f10x_it.o(i.DebugMon_Handler)
    i.Encoder_Get_ALL                        0x08000530   Section        0  bsp_encoder.o(i.Encoder_Get_ALL)
    i.Encoder_Init                           0x08000548   Section        0  bsp_encoder.o(i.Encoder_Init)
    i.Encoder_Init_TIM2                      0x08000560   Section        0  bsp_encoder.o(i.Encoder_Init_TIM2)
    Encoder_Init_TIM2                        0x08000561   Thumb Code   198  bsp_encoder.o(i.Encoder_Init_TIM2)
    i.Encoder_Init_TIM3                      0x08000634   Section        0  bsp_encoder.o(i.Encoder_Init_TIM3)
    Encoder_Init_TIM3                        0x08000635   Thumb Code   186  bsp_encoder.o(i.Encoder_Init_TIM3)
    i.Encoder_Init_TIM4                      0x080006f8   Section        0  bsp_encoder.o(i.Encoder_Init_TIM4)
    Encoder_Init_TIM4                        0x080006f9   Thumb Code   186  bsp_encoder.o(i.Encoder_Init_TIM4)
    i.Encoder_Init_TIM5                      0x080007bc   Section        0  bsp_encoder.o(i.Encoder_Init_TIM5)
    Encoder_Init_TIM5                        0x080007bd   Thumb Code   186  bsp_encoder.o(i.Encoder_Init_TIM5)
    i.Encoder_Read_CNT                       0x08000880   Section        0  bsp_encoder.o(i.Encoder_Read_CNT)
    Encoder_Read_CNT                         0x08000881   Thumb Code    74  bsp_encoder.o(i.Encoder_Read_CNT)
    i.Encoder_Update_Count                   0x080008d8   Section        0  bsp_encoder.o(i.Encoder_Update_Count)
    i.GPIO_Init                              0x08000914   Section        0  stm32f10x_gpio.o(i.GPIO_Init)
    i.GPIO_PinRemapConfig                    0x080009bc   Section        0  stm32f10x_gpio.o(i.GPIO_PinRemapConfig)
    i.GPIO_ReadInputDataBit                  0x08000a18   Section        0  stm32f10x_gpio.o(i.GPIO_ReadInputDataBit)
    i.GPIO_ResetBits                         0x08000a26   Section        0  stm32f10x_gpio.o(i.GPIO_ResetBits)
    i.GPIO_SetBits                           0x08000a2a   Section        0  stm32f10x_gpio.o(i.GPIO_SetBits)
    i.HardFault_Handler                      0x08000a2e   Section        0  stm32f10x_it.o(i.HardFault_Handler)
    i.Key1_State                             0x08000a30   Section        0  bsp_key.o(i.Key1_State)
    i.Key1_is_Press                          0x08000a68   Section        0  bsp_key.o(i.Key1_is_Press)
    Key1_is_Press                            0x08000a69   Thumb Code    20  bsp_key.o(i.Key1_is_Press)
    i.Key_GPIO_Init                          0x08000a80   Section        0  bsp_key.o(i.Key_GPIO_Init)
    i.LCD_Address_Set                        0x08000aa4   Section        0  lcd_init.o(i.LCD_Address_Set)
    i.LCD_DrawPoint                          0x08000ae6   Section        0  lcd.o(i.LCD_DrawPoint)
    i.LCD_Fill                               0x08000afc   Section        0  lcd.o(i.LCD_Fill)
    i.LCD_GPIO_Init                          0x08000b3c   Section        0  lcd_init.o(i.LCD_GPIO_Init)
    i.LCD_Init                               0x08000bcc   Section        0  lcd_init.o(i.LCD_Init)
    i.LCD_ShowChar                           0x08000e30   Section        0  lcd.o(i.LCD_ShowChar)
    i.LCD_ShowString                         0x08000f4c   Section        0  lcd.o(i.LCD_ShowString)
    i.LCD_WR_DATA                            0x08000f82   Section        0  lcd_init.o(i.LCD_WR_DATA)
    i.LCD_WR_DATA8                           0x08000f96   Section        0  lcd_init.o(i.LCD_WR_DATA8)
    i.LCD_WR_REG                             0x08000f9c   Section        0  lcd_init.o(i.LCD_WR_REG)
    i.LCD_Writ_Bus                           0x08000fc4   Section        0  lcd_init.o(i.LCD_Writ_Bus)
    i.MOTOR_GPIO_Init                        0x08001028   Section        0  bsp_motor.o(i.MOTOR_GPIO_Init)
    i.Mecanum_Ctrl                           0x08001088   Section        0  app_mecanum.o(i.Mecanum_Ctrl)
    i.Mecanum_State                          0x080011dc   Section        0  app_mecanum.o(i.Mecanum_State)
    i.MemManage_Handler                      0x080012a4   Section        0  stm32f10x_it.o(i.MemManage_Handler)
    i.Motion_Get_APB                         0x080012a8   Section        0  app_motor.o(i.Motion_Get_APB)
    i.Motion_Get_Car_Type                    0x080012b0   Section        0  app_motor.o(i.Motion_Get_Car_Type)
    i.Motion_Get_Circle_MM                   0x080012bc   Section        0  app_motor.o(i.Motion_Get_Circle_MM)
    i.Motion_Get_Circle_Pulse                0x080012c4   Section        0  app_motor.o(i.Motion_Get_Circle_Pulse)
    Motion_Get_Circle_Pulse                  0x080012c5   Thumb Code    30  app_motor.o(i.Motion_Get_Circle_Pulse)
    i.Motion_Get_Encoder                     0x080012f4   Section        0  app_motor.o(i.Motion_Get_Encoder)
    i.Motion_Get_Speed                       0x08001328   Section        0  app_motor.o(i.Motion_Get_Speed)
    i.Motion_Handle                          0x08001420   Section        0  app_motor.o(i.Motion_Handle)
    i.Motion_Set_Pwm                         0x08001470   Section        0  app_motor.o(i.Motion_Set_Pwm)
    i.Motion_Set_Speed                       0x080014c8   Section        0  app_motor.o(i.Motion_Set_Speed)
    i.Motion_Set_Yaw_Adjust                  0x08001504   Section        0  app_motor.o(i.Motion_Set_Yaw_Adjust)
    i.Motion_Stop                            0x0800151c   Section        0  app_motor.o(i.Motion_Stop)
    i.Motor_Ignore_Dead_Zone                 0x08001544   Section        0  bsp_motor.o(i.Motor_Ignore_Dead_Zone)
    Motor_Ignore_Dead_Zone                   0x08001545   Thumb Code    28  bsp_motor.o(i.Motor_Ignore_Dead_Zone)
    i.Motor_PWM_Init                         0x08001560   Section        0  bsp_motor.o(i.Motor_PWM_Init)
    i.Motor_Set_Pwm                          0x08001658   Section        0  bsp_motor.o(i.Motor_Set_Pwm)
    i.Motor_Stop                             0x080016f8   Section        0  bsp_motor.o(i.Motor_Stop)
    i.NMI_Handler                            0x08001760   Section        0  stm32f10x_it.o(i.NMI_Handler)
    i.NVIC_Init                              0x08001764   Section        0  misc.o(i.NVIC_Init)
    i.NVIC_PriorityGroupConfig               0x080017c8   Section        0  misc.o(i.NVIC_PriorityGroupConfig)
    i.PID_Calc_Motor                         0x080017dc   Section        0  bsp_pid.o(i.PID_Calc_Motor)
    i.PID_Incre_Calc                         0x08001808   Section        0  bsp_pid.o(i.PID_Incre_Calc)
    i.PID_Param_Init                         0x08001888   Section        0  bsp_pid.o(i.PID_Param_Init)
    i.PID_Set_Motor_Target                   0x080018e0   Section        0  bsp_pid.o(i.PID_Set_Motor_Target)
    i.PendSV_Handler                         0x0800190c   Section        0  stm32f10x_it.o(i.PendSV_Handler)
    i.RCC_APB1PeriphClockCmd                 0x08001910   Section        0  stm32f10x_rcc.o(i.RCC_APB1PeriphClockCmd)
    i.RCC_APB1PeriphResetCmd                 0x0800192c   Section        0  stm32f10x_rcc.o(i.RCC_APB1PeriphResetCmd)
    i.RCC_APB2PeriphClockCmd                 0x08001948   Section        0  stm32f10x_rcc.o(i.RCC_APB2PeriphClockCmd)
    i.RCC_APB2PeriphResetCmd                 0x08001964   Section        0  stm32f10x_rcc.o(i.RCC_APB2PeriphResetCmd)
    i.RCC_GetClocksFreq                      0x08001980   Section        0  stm32f10x_rcc.o(i.RCC_GetClocksFreq)
    i.SPI_Cmd                                0x08001a2c   Section        0  stm32f10x_spi.o(i.SPI_Cmd)
    i.SPI_FLASH_Init                         0x08001a44   Section        0  bsp_spi.o(i.SPI_FLASH_Init)
    i.SPI_I2S_GetFlagStatus                  0x08001b04   Section        0  stm32f10x_spi.o(i.SPI_I2S_GetFlagStatus)
    i.SPI_I2S_ReceiveData                    0x08001b12   Section        0  stm32f10x_spi.o(i.SPI_I2S_ReceiveData)
    i.SPI_I2S_SendData                       0x08001b16   Section        0  stm32f10x_spi.o(i.SPI_I2S_SendData)
    i.SPI_Init                               0x08001b1a   Section        0  stm32f10x_spi.o(i.SPI_Init)
    i.SPI_ReadWriteByte                      0x08001b54   Section        0  bsp_spi.o(i.SPI_ReadWriteByte)
    i.SVC_Handler                            0x08001bac   Section        0  stm32f10x_it.o(i.SVC_Handler)
    i.SetSysClock                            0x08001bae   Section        0  system_stm32f10x.o(i.SetSysClock)
    SetSysClock                              0x08001baf   Thumb Code     4  system_stm32f10x.o(i.SetSysClock)
    i.SetSysClockTo72                        0x08001bb4   Section        0  system_stm32f10x.o(i.SetSysClockTo72)
    SetSysClockTo72                          0x08001bb5   Thumb Code   166  system_stm32f10x.o(i.SetSysClockTo72)
    i.SpiFlashEraseSector                    0x08001c64   Section        0  bsp_w25q64.o(i.SpiFlashEraseSector)
    i.SpiFlashInit                           0x08001ca4   Section        0  bsp_w25q64.o(i.SpiFlashInit)
    i.SpiFlashRead                           0x08001cec   Section        0  bsp_w25q64.o(i.SpiFlashRead)
    i.SpiFlashReadID                         0x08001d3c   Section        0  bsp_w25q64.o(i.SpiFlashReadID)
    i.SpiFlashReadSR                         0x08001d78   Section        0  bsp_w25q64.o(i.SpiFlashReadSR)
    i.SpiFlashWaitBusy                       0x08001d98   Section        0  bsp_w25q64.o(i.SpiFlashWaitBusy)
    i.SpiFlashWrite                          0x08001da4   Section        0  bsp_w25q64.o(i.SpiFlashWrite)
    i.SpiFlashWriteEnable                    0x08001e48   Section        0  bsp_w25q64.o(i.SpiFlashWriteEnable)
    i.SpiFlashWriteNoCheck                   0x08001e60   Section        0  bsp_w25q64.o(i.SpiFlashWriteNoCheck)
    i.SpiFlashWritePage                      0x08001ea0   Section        0  bsp_w25q64.o(i.SpiFlashWritePage)
    i.SysTick_CLKSourceConfig                0x08001ef8   Section        0  misc.o(i.SysTick_CLKSourceConfig)
    i.SysTick_Handler                        0x08001f14   Section        0  stm32f10x_it.o(i.SysTick_Handler)
    i.SystemInit                             0x08001f18   Section        0  system_stm32f10x.o(i.SystemInit)
    i.TI1_Config                             0x08001f68   Section        0  stm32f10x_tim.o(i.TI1_Config)
    TI1_Config                               0x08001f69   Thumb Code    94  stm32f10x_tim.o(i.TI1_Config)
    i.TI2_Config                             0x08001fdc   Section        0  stm32f10x_tim.o(i.TI2_Config)
    TI2_Config                               0x08001fdd   Thumb Code   102  stm32f10x_tim.o(i.TI2_Config)
    i.TI3_Config                             0x08002058   Section        0  stm32f10x_tim.o(i.TI3_Config)
    TI3_Config                               0x08002059   Thumb Code    98  stm32f10x_tim.o(i.TI3_Config)
    i.TI4_Config                             0x080020d0   Section        0  stm32f10x_tim.o(i.TI4_Config)
    TI4_Config                               0x080020d1   Thumb Code   102  stm32f10x_tim.o(i.TI4_Config)
    i.TIM_ClearFlag                          0x0800214c   Section        0  stm32f10x_tim.o(i.TIM_ClearFlag)
    i.TIM_Cmd                                0x08002152   Section        0  stm32f10x_tim.o(i.TIM_Cmd)
    i.TIM_CtrlPWMOutputs                     0x0800216a   Section        0  stm32f10x_tim.o(i.TIM_CtrlPWMOutputs)
    i.TIM_DeInit                             0x08002188   Section        0  stm32f10x_tim.o(i.TIM_DeInit)
    i.TIM_EncoderInterfaceConfig             0x08002398   Section        0  stm32f10x_tim.o(i.TIM_EncoderInterfaceConfig)
    i.TIM_ICInit                             0x080023cc   Section        0  stm32f10x_tim.o(i.TIM_ICInit)
    i.TIM_ICStructInit                       0x08002458   Section        0  stm32f10x_tim.o(i.TIM_ICStructInit)
    i.TIM_ITConfig                           0x08002468   Section        0  stm32f10x_tim.o(i.TIM_ITConfig)
    i.TIM_OC1Init                            0x0800247c   Section        0  stm32f10x_tim.o(i.TIM_OC1Init)
    i.TIM_OC2Init                            0x08002504   Section        0  stm32f10x_tim.o(i.TIM_OC2Init)
    i.TIM_OC3Init                            0x0800258c   Section        0  stm32f10x_tim.o(i.TIM_OC3Init)
    i.TIM_OC4Init                            0x08002610   Section        0  stm32f10x_tim.o(i.TIM_OC4Init)
    i.TIM_OCStructInit                       0x08002678   Section        0  stm32f10x_tim.o(i.TIM_OCStructInit)
    i.TIM_SetCompare1                        0x0800268c   Section        0  stm32f10x_tim.o(i.TIM_SetCompare1)
    i.TIM_SetCompare2                        0x08002690   Section        0  stm32f10x_tim.o(i.TIM_SetCompare2)
    i.TIM_SetCompare3                        0x08002694   Section        0  stm32f10x_tim.o(i.TIM_SetCompare3)
    i.TIM_SetCompare4                        0x08002698   Section        0  stm32f10x_tim.o(i.TIM_SetCompare4)
    i.TIM_SetCounter                         0x0800269e   Section        0  stm32f10x_tim.o(i.TIM_SetCounter)
    i.TIM_SetIC1Prescaler                    0x080026a2   Section        0  stm32f10x_tim.o(i.TIM_SetIC1Prescaler)
    i.TIM_SetIC2Prescaler                    0x080026b2   Section        0  stm32f10x_tim.o(i.TIM_SetIC2Prescaler)
    i.TIM_SetIC3Prescaler                    0x080026ca   Section        0  stm32f10x_tim.o(i.TIM_SetIC3Prescaler)
    i.TIM_SetIC4Prescaler                    0x080026da   Section        0  stm32f10x_tim.o(i.TIM_SetIC4Prescaler)
    i.TIM_TimeBaseInit                       0x080026f4   Section        0  stm32f10x_tim.o(i.TIM_TimeBaseInit)
    i.TIM_TimeBaseStructInit                 0x08002790   Section        0  stm32f10x_tim.o(i.TIM_TimeBaseStructInit)
    i.USART1_IRQHandler                      0x080027a4   Section        0  bsp_usart.o(i.USART1_IRQHandler)
    i.USART1_Send_U8                         0x080027cc   Section        0  bsp_usart.o(i.USART1_Send_U8)
    i.USART1_init                            0x080027f0   Section        0  bsp_usart.o(i.USART1_init)
    i.USART_ClearFlag                        0x080028a4   Section        0  stm32f10x_usart.o(i.USART_ClearFlag)
    i.USART_Cmd                              0x080028ac   Section        0  stm32f10x_usart.o(i.USART_Cmd)
    i.USART_GetFlagStatus                    0x080028c4   Section        0  stm32f10x_usart.o(i.USART_GetFlagStatus)
    i.USART_GetITStatus                      0x080028d2   Section        0  stm32f10x_usart.o(i.USART_GetITStatus)
    i.USART_ITConfig                         0x08002912   Section        0  stm32f10x_usart.o(i.USART_ITConfig)
    i.USART_Init                             0x08002948   Section        0  stm32f10x_usart.o(i.USART_Init)
    i.USART_ReceiveData                      0x08002a04   Section        0  stm32f10x_usart.o(i.USART_ReceiveData)
    i.USART_SendData                         0x08002a0c   Section        0  stm32f10x_usart.o(i.USART_SendData)
    i.UsageFault_Handler                     0x08002a14   Section        0  stm32f10x_it.o(i.UsageFault_Handler)
    i.__0sprintf$8                           0x08002a18   Section        0  printf8.o(i.__0sprintf$8)
    i.__scatterload_copy                     0x08002a40   Section       14  handlers.o(i.__scatterload_copy)
    i.__scatterload_null                     0x08002a4e   Section        2  handlers.o(i.__scatterload_null)
    i.__scatterload_zeroinit                 0x08002a50   Section       14  handlers.o(i.__scatterload_zeroinit)
    i._printf_core                           0x08002a60   Section        0  printf8.o(i._printf_core)
    _printf_core                             0x08002a61   Thumb Code   996  printf8.o(i._printf_core)
    i._printf_post_padding                   0x08002e70   Section        0  printf8.o(i._printf_post_padding)
    _printf_post_padding                     0x08002e71   Thumb Code    36  printf8.o(i._printf_post_padding)
    i._printf_pre_padding                    0x08002e94   Section        0  printf8.o(i._printf_pre_padding)
    _printf_pre_padding                      0x08002e95   Thumb Code    46  printf8.o(i._printf_pre_padding)
    i._sputc                                 0x08002ec2   Section        0  printf8.o(i._sputc)
    _sputc                                   0x08002ec3   Thumb Code    10  printf8.o(i._sputc)
    i.delay_init                             0x08002ecc   Section        0  delay.o(i.delay_init)
    i.delay_ms                               0x08002f08   Section        0  delay.o(i.delay_ms)
    i.detcet_flash                           0x08002f30   Section        0  falsh_use.o(i.detcet_flash)
    i.flash_test                             0x08002f60   Section        0  falsh_use.o(i.flash_test)
    i.init_LED_GPIO                          0x08002fa4   Section        0  bsp_rgb.o(i.init_LED_GPIO)
    i.main                                   0x08002fd8   Section        0  main.o(i.main)
    i.show_flash                             0x08003064   Section        0  falsh_use.o(i.show_flash)
    .constdata                               0x080030f8   Section    13436  lcd.o(.constdata)
    .constdata                               0x08006574   Section       96  bsp_motor.o(.constdata)
    .data                                    0x20000000   Section       20  system_stm32f10x.o(.data)
    .data                                    0x20000014   Section       20  stm32f10x_rcc.o(.data)
    ADCPrescTable                            0x20000014   Data           4  stm32f10x_rcc.o(.data)
    APBAHBPrescTable                         0x20000018   Data          16  stm32f10x_rcc.o(.data)
    .data                                    0x20000028   Section        4  delay.o(.data)
    fac_us                                   0x20000028   Data           1  delay.o(.data)
    fac_ms                                   0x2000002a   Data           2  delay.o(.data)
    .data                                    0x2000002c   Section        2  bsp_w25q64.o(.data)
    .data                                    0x20000030   Section       16  bsp_encoder.o(.data)
    .data                                    0x20000040   Section        1  bsp_motor.o(.data)
    .data                                    0x20000042   Section        4  bsp_key.o(.data)
    key1_state                               0x20000044   Data           2  bsp_key.o(.data)
    .data                                    0x20000048   Section       28  bsp_pid.o(.data)
    .data                                    0x20000064   Section       17  falsh_use.o(.data)
    .data                                    0x20000076   Section       10  app_motor.o(.data)
    .data                                    0x20000080   Section       36  app_mecanum.o(.data)
    speed_lr                                 0x20000084   Data           4  app_mecanum.o(.data)
    speed_fb                                 0x20000088   Data           4  app_mecanum.o(.data)
    speed_spin                               0x2000008c   Data           4  app_mecanum.o(.data)
    speed_L1_setup                           0x20000090   Data           4  app_mecanum.o(.data)
    speed_L2_setup                           0x20000094   Data           4  app_mecanum.o(.data)
    speed_R1_setup                           0x20000098   Data           4  app_mecanum.o(.data)
    speed_R2_setup                           0x2000009c   Data           4  app_mecanum.o(.data)
    g_offset_yaw                             0x200000a0   Data           4  app_mecanum.o(.data)
    .bss                                     0x200000a4   Section     4096  bsp_w25q64.o(.bss)
    .bss                                     0x200010a4   Section      160  bsp_pid.o(.bss)
    .bss                                     0x20001144   Section       88  app_motor.o(.bss)
    STACK                                    0x200011a0   Section     1024  startup_stm32f10x_hd.o(STACK)

    Global Symbols

    Symbol Name                              Value     Ov Type        Size  Object(Section)

    BuildAttributes$$THM_ISAv4$P$D$K$B$S$PE$A:L22UL41UL21$X:L11$S22US41US21$IEEE1$IW$USESV6$~STKCKD$USESV7$~SHL$OTIME$ROPI$IEEEX$EBA8$MICROLIB$REQ8$PRES8$EABIv2 0x00000000   Number         0  anon$$obj.o ABSOLUTE
    __ARM_use_no_argv                        0x00000000   Number         0  main.o ABSOLUTE
    _printf_a                                0x00000000   Number         0  stubs.o ABSOLUTE
    _printf_c                                0x00000000   Number         0  stubs.o ABSOLUTE
    _printf_charcount                        0x00000000   Number         0  stubs.o ABSOLUTE
    _printf_d                                0x00000000   Number         0  stubs.o ABSOLUTE
    _printf_e                                0x00000000   Number         0  stubs.o ABSOLUTE
    _printf_f                                0x00000000   Number         0  stubs.o ABSOLUTE
    _printf_flags                            0x00000000   Number         0  stubs.o ABSOLUTE
    _printf_fp_dec                           0x00000000   Number         0  stubs.o ABSOLUTE
    _printf_fp_hex                           0x00000000   Number         0  stubs.o ABSOLUTE
    _printf_g                                0x00000000   Number         0  stubs.o ABSOLUTE
    _printf_i                                0x00000000   Number         0  stubs.o ABSOLUTE
    _printf_int_dec                          0x00000000   Number         0  stubs.o ABSOLUTE
    _printf_l                                0x00000000   Number         0  stubs.o ABSOLUTE
    _printf_lc                               0x00000000   Number         0  stubs.o ABSOLUTE
    _printf_ll                               0x00000000   Number         0  stubs.o ABSOLUTE
    _printf_lld                              0x00000000   Number         0  stubs.o ABSOLUTE
    _printf_lli                              0x00000000   Number         0  stubs.o ABSOLUTE
    _printf_llo                              0x00000000   Number         0  stubs.o ABSOLUTE
    _printf_llu                              0x00000000   Number         0  stubs.o ABSOLUTE
    _printf_llx                              0x00000000   Number         0  stubs.o ABSOLUTE
    _printf_longlong_dec                     0x00000000   Number         0  stubs.o ABSOLUTE
    _printf_longlong_hex                     0x00000000   Number         0  stubs.o ABSOLUTE
    _printf_longlong_oct                     0x00000000   Number         0  stubs.o ABSOLUTE
    _printf_ls                               0x00000000   Number         0  stubs.o ABSOLUTE
    _printf_mbtowc                           0x00000000   Number         0  stubs.o ABSOLUTE
    _printf_n                                0x00000000   Number         0  stubs.o ABSOLUTE
    _printf_o                                0x00000000   Number         0  stubs.o ABSOLUTE
    _printf_p                                0x00000000   Number         0  stubs.o ABSOLUTE
    _printf_percent                          0x00000000   Number         0  stubs.o ABSOLUTE
    _printf_pre_padding                      0x00000000   Number         0  stubs.o ABSOLUTE
    _printf_return_value                     0x00000000   Number         0  stubs.o ABSOLUTE
    _printf_s                                0x00000000   Number         0  stubs.o ABSOLUTE
    _printf_sizespec                         0x00000000   Number         0  stubs.o ABSOLUTE
    _printf_str                              0x00000000   Number         0  stubs.o ABSOLUTE
    _printf_truncate_signed                  0x00000000   Number         0  stubs.o ABSOLUTE
    _printf_truncate_unsigned                0x00000000   Number         0  stubs.o ABSOLUTE
    _printf_u                                0x00000000   Number         0  stubs.o ABSOLUTE
    _printf_wc                               0x00000000   Number         0  stubs.o ABSOLUTE
    _printf_wctomb                           0x00000000   Number         0  stubs.o ABSOLUTE
    _printf_widthprec                        0x00000000   Number         0  stubs.o ABSOLUTE
    _printf_x                                0x00000000   Number         0  stubs.o ABSOLUTE
    __cpp_initialize__aeabi_                  - Undefined Weak Reference
    __cxa_finalize                            - Undefined Weak Reference
    __decompress                              - Undefined Weak Reference
    _clock_init                               - Undefined Weak Reference
    _microlib_exit                            - Undefined Weak Reference
    __Vectors_Size                           0x00000130   Number         0  startup_stm32f10x_hd.o ABSOLUTE
    __Vectors                                0x08000000   Data           4  startup_stm32f10x_hd.o(RESET)
    __Vectors_End                            0x08000130   Data           0  startup_stm32f10x_hd.o(RESET)
    __main                                   0x08000131   Thumb Code     0  entry.o(.ARM.Collect$$$$00000000)
    _main_stk                                0x08000131   Thumb Code     0  entry2.o(.ARM.Collect$$$$00000001)
    _main_scatterload                        0x08000135   Thumb Code     0  entry5.o(.ARM.Collect$$$$00000004)
    __main_after_scatterload                 0x08000139   Thumb Code     0  entry5.o(.ARM.Collect$$$$00000004)
    _main_clock                              0x08000139   Thumb Code     0  entry7b.o(.ARM.Collect$$$$00000008)
    _main_cpp_init                           0x08000139   Thumb Code     0  entry8b.o(.ARM.Collect$$$$0000000A)
    _main_init                               0x08000139   Thumb Code     0  entry9a.o(.ARM.Collect$$$$0000000B)
    __rt_final_cpp                           0x08000141   Thumb Code     0  entry10a.o(.ARM.Collect$$$$0000000D)
    __rt_final_exit                          0x08000141   Thumb Code     0  entry11a.o(.ARM.Collect$$$$0000000F)
    Reset_Handler                            0x08000145   Thumb Code     8  startup_stm32f10x_hd.o(.text)
    ADC1_2_IRQHandler                        0x0800015f   Thumb Code     0  startup_stm32f10x_hd.o(.text)
    ADC3_IRQHandler                          0x0800015f   Thumb Code     0  startup_stm32f10x_hd.o(.text)
    CAN1_RX1_IRQHandler                      0x0800015f   Thumb Code     0  startup_stm32f10x_hd.o(.text)
    CAN1_SCE_IRQHandler                      0x0800015f   Thumb Code     0  startup_stm32f10x_hd.o(.text)
    DMA1_Channel1_IRQHandler                 0x0800015f   Thumb Code     0  startup_stm32f10x_hd.o(.text)
    DMA1_Channel2_IRQHandler                 0x0800015f   Thumb Code     0  startup_stm32f10x_hd.o(.text)
    DMA1_Channel3_IRQHandler                 0x0800015f   Thumb Code     0  startup_stm32f10x_hd.o(.text)
    DMA1_Channel4_IRQHandler                 0x0800015f   Thumb Code     0  startup_stm32f10x_hd.o(.text)
    DMA1_Channel5_IRQHandler                 0x0800015f   Thumb Code     0  startup_stm32f10x_hd.o(.text)
    DMA1_Channel6_IRQHandler                 0x0800015f   Thumb Code     0  startup_stm32f10x_hd.o(.text)
    DMA1_Channel7_IRQHandler                 0x0800015f   Thumb Code     0  startup_stm32f10x_hd.o(.text)
    DMA2_Channel1_IRQHandler                 0x0800015f   Thumb Code     0  startup_stm32f10x_hd.o(.text)
    DMA2_Channel2_IRQHandler                 0x0800015f   Thumb Code     0  startup_stm32f10x_hd.o(.text)
    DMA2_Channel3_IRQHandler                 0x0800015f   Thumb Code     0  startup_stm32f10x_hd.o(.text)
    DMA2_Channel4_5_IRQHandler               0x0800015f   Thumb Code     0  startup_stm32f10x_hd.o(.text)
    EXTI0_IRQHandler                         0x0800015f   Thumb Code     0  startup_stm32f10x_hd.o(.text)
    EXTI15_10_IRQHandler                     0x0800015f   Thumb Code     0  startup_stm32f10x_hd.o(.text)
    EXTI1_IRQHandler                         0x0800015f   Thumb Code     0  startup_stm32f10x_hd.o(.text)
    EXTI2_IRQHandler                         0x0800015f   Thumb Code     0  startup_stm32f10x_hd.o(.text)
    EXTI3_IRQHandler                         0x0800015f   Thumb Code     0  startup_stm32f10x_hd.o(.text)
    EXTI4_IRQHandler                         0x0800015f   Thumb Code     0  startup_stm32f10x_hd.o(.text)
    EXTI9_5_IRQHandler                       0x0800015f   Thumb Code     0  startup_stm32f10x_hd.o(.text)
    FLASH_IRQHandler                         0x0800015f   Thumb Code     0  startup_stm32f10x_hd.o(.text)
    FSMC_IRQHandler                          0x0800015f   Thumb Code     0  startup_stm32f10x_hd.o(.text)
    I2C1_ER_IRQHandler                       0x0800015f   Thumb Code     0  startup_stm32f10x_hd.o(.text)
    I2C1_EV_IRQHandler                       0x0800015f   Thumb Code     0  startup_stm32f10x_hd.o(.text)
    I2C2_ER_IRQHandler                       0x0800015f   Thumb Code     0  startup_stm32f10x_hd.o(.text)
    I2C2_EV_IRQHandler                       0x0800015f   Thumb Code     0  startup_stm32f10x_hd.o(.text)
    PVD_IRQHandler                           0x0800015f   Thumb Code     0  startup_stm32f10x_hd.o(.text)
    RCC_IRQHandler                           0x0800015f   Thumb Code     0  startup_stm32f10x_hd.o(.text)
    RTCAlarm_IRQHandler                      0x0800015f   Thumb Code     0  startup_stm32f10x_hd.o(.text)
    RTC_IRQHandler                           0x0800015f   Thumb Code     0  startup_stm32f10x_hd.o(.text)
    SDIO_IRQHandler                          0x0800015f   Thumb Code     0  startup_stm32f10x_hd.o(.text)
    SPI1_IRQHandler                          0x0800015f   Thumb Code     0  startup_stm32f10x_hd.o(.text)
    SPI2_IRQHandler                          0x0800015f   Thumb Code     0  startup_stm32f10x_hd.o(.text)
    SPI3_IRQHandler                          0x0800015f   Thumb Code     0  startup_stm32f10x_hd.o(.text)
    TAMPER_IRQHandler                        0x0800015f   Thumb Code     0  startup_stm32f10x_hd.o(.text)
    TIM1_BRK_IRQHandler                      0x0800015f   Thumb Code     0  startup_stm32f10x_hd.o(.text)
    TIM1_CC_IRQHandler                       0x0800015f   Thumb Code     0  startup_stm32f10x_hd.o(.text)
    TIM1_TRG_COM_IRQHandler                  0x0800015f   Thumb Code     0  startup_stm32f10x_hd.o(.text)
    TIM1_UP_IRQHandler                       0x0800015f   Thumb Code     0  startup_stm32f10x_hd.o(.text)
    TIM2_IRQHandler                          0x0800015f   Thumb Code     0  startup_stm32f10x_hd.o(.text)
    TIM3_IRQHandler                          0x0800015f   Thumb Code     0  startup_stm32f10x_hd.o(.text)
    TIM4_IRQHandler                          0x0800015f   Thumb Code     0  startup_stm32f10x_hd.o(.text)
    TIM5_IRQHandler                          0x0800015f   Thumb Code     0  startup_stm32f10x_hd.o(.text)
    TIM6_IRQHandler                          0x0800015f   Thumb Code     0  startup_stm32f10x_hd.o(.text)
    TIM7_IRQHandler                          0x0800015f   Thumb Code     0  startup_stm32f10x_hd.o(.text)
    TIM8_BRK_IRQHandler                      0x0800015f   Thumb Code     0  startup_stm32f10x_hd.o(.text)
    TIM8_CC_IRQHandler                       0x0800015f   Thumb Code     0  startup_stm32f10x_hd.o(.text)
    TIM8_TRG_COM_IRQHandler                  0x0800015f   Thumb Code     0  startup_stm32f10x_hd.o(.text)
    TIM8_UP_IRQHandler                       0x0800015f   Thumb Code     0  startup_stm32f10x_hd.o(.text)
    UART4_IRQHandler                         0x0800015f   Thumb Code     0  startup_stm32f10x_hd.o(.text)
    UART5_IRQHandler                         0x0800015f   Thumb Code     0  startup_stm32f10x_hd.o(.text)
    USART2_IRQHandler                        0x0800015f   Thumb Code     0  startup_stm32f10x_hd.o(.text)
    USART3_IRQHandler                        0x0800015f   Thumb Code     0  startup_stm32f10x_hd.o(.text)
    USBWakeUp_IRQHandler                     0x0800015f   Thumb Code     0  startup_stm32f10x_hd.o(.text)
    USB_HP_CAN1_TX_IRQHandler                0x0800015f   Thumb Code     0  startup_stm32f10x_hd.o(.text)
    USB_LP_CAN1_RX0_IRQHandler               0x0800015f   Thumb Code     0  startup_stm32f10x_hd.o(.text)
    WWDG_IRQHandler                          0x0800015f   Thumb Code     0  startup_stm32f10x_hd.o(.text)
    __aeabi_memcpy                           0x08000169   Thumb Code    36  memcpya.o(.text)
    __aeabi_memcpy4                          0x08000169   Thumb Code     0  memcpya.o(.text)
    __aeabi_memcpy8                          0x08000169   Thumb Code     0  memcpya.o(.text)
    __aeabi_memset                           0x0800018d   Thumb Code    14  memseta.o(.text)
    __aeabi_memset4                          0x0800018d   Thumb Code     0  memseta.o(.text)
    __aeabi_memset8                          0x0800018d   Thumb Code     0  memseta.o(.text)
    __aeabi_memclr                           0x0800019b   Thumb Code     4  memseta.o(.text)
    __aeabi_memclr4                          0x0800019b   Thumb Code     0  memseta.o(.text)
    __aeabi_memclr8                          0x0800019b   Thumb Code     0  memseta.o(.text)
    _memset$wrapper                          0x0800019f   Thumb Code    18  memseta.o(.text)
    __aeabi_fadd                             0x080001b1   Thumb Code   164  fadd.o(.text)
    __aeabi_fsub                             0x08000255   Thumb Code     6  fadd.o(.text)
    __aeabi_frsub                            0x0800025b   Thumb Code     6  fadd.o(.text)
    __aeabi_fmul                             0x08000261   Thumb Code   100  fmul.o(.text)
    __aeabi_fdiv                             0x080002c5   Thumb Code   124  fdiv.o(.text)
    __ARM_scalbnf                            0x08000341   Thumb Code    24  fscalb.o(.text)
    scalbnf                                  0x08000341   Thumb Code     0  fscalb.o(.text)
    __aeabi_i2f                              0x08000359   Thumb Code    18  fflti.o(.text)
    __aeabi_f2iz                             0x0800036b   Thumb Code    50  ffixi.o(.text)
    __aeabi_uldivmod                         0x0800039d   Thumb Code    98  uldiv.o(.text)
    __aeabi_llsl                             0x080003ff   Thumb Code    30  llshl.o(.text)
    _ll_shift_l                              0x080003ff   Thumb Code     0  llshl.o(.text)
    __aeabi_llsr                             0x0800041d   Thumb Code    32  llushr.o(.text)
    _ll_ushift_r                             0x0800041d   Thumb Code     0  llushr.o(.text)
    __I$use$fp                               0x0800043d   Thumb Code     0  iusefp.o(.text)
    _float_round                             0x0800043d   Thumb Code    18  fepilogue.o(.text)
    _float_epilogue                          0x0800044f   Thumb Code    92  fepilogue.o(.text)
    __scatterload                            0x080004ad   Thumb Code    28  init.o(.text)
    __scatterload_rt2                        0x080004ad   Thumb Code     0  init.o(.text)
    BSP_init                                 0x080004d1   Thumb Code    88  bsp.o(i.BSP_init)
    BusFault_Handler                         0x0800052d   Thumb Code     2  stm32f10x_it.o(i.BusFault_Handler)
    DebugMon_Handler                         0x0800052f   Thumb Code     2  stm32f10x_it.o(i.DebugMon_Handler)
    Encoder_Get_ALL                          0x08000531   Thumb Code    20  bsp_encoder.o(i.Encoder_Get_ALL)
    Encoder_Init                             0x08000549   Thumb Code    22  bsp_encoder.o(i.Encoder_Init)
    Encoder_Update_Count                     0x080008d9   Thumb Code    54  bsp_encoder.o(i.Encoder_Update_Count)
    GPIO_Init                                0x08000915   Thumb Code   166  stm32f10x_gpio.o(i.GPIO_Init)
    GPIO_PinRemapConfig                      0x080009bd   Thumb Code    86  stm32f10x_gpio.o(i.GPIO_PinRemapConfig)
    GPIO_ReadInputDataBit                    0x08000a19   Thumb Code    14  stm32f10x_gpio.o(i.GPIO_ReadInputDataBit)
    GPIO_ResetBits                           0x08000a27   Thumb Code     4  stm32f10x_gpio.o(i.GPIO_ResetBits)
    GPIO_SetBits                             0x08000a2b   Thumb Code     4  stm32f10x_gpio.o(i.GPIO_SetBits)
    HardFault_Handler                        0x08000a2f   Thumb Code     2  stm32f10x_it.o(i.HardFault_Handler)
    Key1_State                               0x08000a31   Thumb Code    52  bsp_key.o(i.Key1_State)
    Key_GPIO_Init                            0x08000a81   Thumb Code    32  bsp_key.o(i.Key_GPIO_Init)
    LCD_Address_Set                          0x08000aa5   Thumb Code    66  lcd_init.o(i.LCD_Address_Set)
    LCD_DrawPoint                            0x08000ae7   Thumb Code    22  lcd.o(i.LCD_DrawPoint)
    LCD_Fill                                 0x08000afd   Thumb Code    64  lcd.o(i.LCD_Fill)
    LCD_GPIO_Init                            0x08000b3d   Thumb Code   132  lcd_init.o(i.LCD_GPIO_Init)
    LCD_Init                                 0x08000bcd   Thumb Code   608  lcd_init.o(i.LCD_Init)
    LCD_ShowChar                             0x08000e31   Thumb Code   266  lcd.o(i.LCD_ShowChar)
    LCD_ShowString                           0x08000f4d   Thumb Code    54  lcd.o(i.LCD_ShowString)
    LCD_WR_DATA                              0x08000f83   Thumb Code    20  lcd_init.o(i.LCD_WR_DATA)
    LCD_WR_DATA8                             0x08000f97   Thumb Code     4  lcd_init.o(i.LCD_WR_DATA8)
    LCD_WR_REG                               0x08000f9d   Thumb Code    36  lcd_init.o(i.LCD_WR_REG)
    LCD_Writ_Bus                             0x08000fc5   Thumb Code    92  lcd_init.o(i.LCD_Writ_Bus)
    MOTOR_GPIO_Init                          0x08001029   Thumb Code    86  bsp_motor.o(i.MOTOR_GPIO_Init)
    Mecanum_Ctrl                             0x08001089   Thumb Code   322  app_mecanum.o(i.Mecanum_Ctrl)
    Mecanum_State                            0x080011dd   Thumb Code   194  app_mecanum.o(i.Mecanum_State)
    MemManage_Handler                        0x080012a5   Thumb Code     2  stm32f10x_it.o(i.MemManage_Handler)
    Motion_Get_APB                           0x080012a9   Thumb Code     4  app_motor.o(i.Motion_Get_APB)
    Motion_Get_Car_Type                      0x080012b1   Thumb Code     6  app_motor.o(i.Motion_Get_Car_Type)
    Motion_Get_Circle_MM                     0x080012bd   Thumb Code     4  app_motor.o(i.Motion_Get_Circle_MM)
    Motion_Get_Encoder                       0x080012f5   Thumb Code    48  app_motor.o(i.Motion_Get_Encoder)
    Motion_Get_Speed                         0x08001329   Thumb Code   232  app_motor.o(i.Motion_Get_Speed)
    Motion_Handle                            0x08001421   Thumb Code    72  app_motor.o(i.Motion_Handle)
    Motion_Set_Pwm                           0x08001471   Thumb Code    88  app_motor.o(i.Motion_Set_Pwm)
    Motion_Set_Speed                         0x080014c9   Thumb Code    50  app_motor.o(i.Motion_Set_Speed)
    Motion_Set_Yaw_Adjust                    0x08001505   Thumb Code    18  app_motor.o(i.Motion_Set_Yaw_Adjust)
    Motion_Stop                              0x0800151d   Thumb Code    34  app_motor.o(i.Motion_Stop)
    Motor_PWM_Init                           0x08001561   Thumb Code   234  bsp_motor.o(i.Motor_PWM_Init)
    Motor_Set_Pwm                            0x08001659   Thumb Code   146  bsp_motor.o(i.Motor_Set_Pwm)
    Motor_Stop                               0x080016f9   Thumb Code    96  bsp_motor.o(i.Motor_Stop)
    NMI_Handler                              0x08001761   Thumb Code     2  stm32f10x_it.o(i.NMI_Handler)
    NVIC_Init                                0x08001765   Thumb Code    96  misc.o(i.NVIC_Init)
    NVIC_PriorityGroupConfig                 0x080017c9   Thumb Code    10  misc.o(i.NVIC_PriorityGroupConfig)
    PID_Calc_Motor                           0x080017dd   Thumb Code    38  bsp_pid.o(i.PID_Calc_Motor)
    PID_Incre_Calc                           0x08001809   Thumb Code   118  bsp_pid.o(i.PID_Incre_Calc)
    PID_Param_Init                           0x08001889   Thumb Code    64  bsp_pid.o(i.PID_Param_Init)
    PID_Set_Motor_Target                     0x080018e1   Thumb Code    40  bsp_pid.o(i.PID_Set_Motor_Target)
    PendSV_Handler                           0x0800190d   Thumb Code     2  stm32f10x_it.o(i.PendSV_Handler)
    RCC_APB1PeriphClockCmd                   0x08001911   Thumb Code    22  stm32f10x_rcc.o(i.RCC_APB1PeriphClockCmd)
    RCC_APB1PeriphResetCmd                   0x0800192d   Thumb Code    22  stm32f10x_rcc.o(i.RCC_APB1PeriphResetCmd)
    RCC_APB2PeriphClockCmd                   0x08001949   Thumb Code    22  stm32f10x_rcc.o(i.RCC_APB2PeriphClockCmd)
    RCC_APB2PeriphResetCmd                   0x08001965   Thumb Code    22  stm32f10x_rcc.o(i.RCC_APB2PeriphResetCmd)
    RCC_GetClocksFreq                        0x08001981   Thumb Code   154  stm32f10x_rcc.o(i.RCC_GetClocksFreq)
    SPI_Cmd                                  0x08001a2d   Thumb Code    24  stm32f10x_spi.o(i.SPI_Cmd)
    SPI_FLASH_Init                           0x08001a45   Thumb Code   184  bsp_spi.o(i.SPI_FLASH_Init)
    SPI_I2S_GetFlagStatus                    0x08001b05   Thumb Code    14  stm32f10x_spi.o(i.SPI_I2S_GetFlagStatus)
    SPI_I2S_ReceiveData                      0x08001b13   Thumb Code     4  stm32f10x_spi.o(i.SPI_I2S_ReceiveData)
    SPI_I2S_SendData                         0x08001b17   Thumb Code     4  stm32f10x_spi.o(i.SPI_I2S_SendData)
    SPI_Init                                 0x08001b1b   Thumb Code    56  stm32f10x_spi.o(i.SPI_Init)
    SPI_ReadWriteByte                        0x08001b55   Thumb Code    82  bsp_spi.o(i.SPI_ReadWriteByte)
    SVC_Handler                              0x08001bad   Thumb Code     2  stm32f10x_it.o(i.SVC_Handler)
    SpiFlashEraseSector                      0x08001c65   Thumb Code    58  bsp_w25q64.o(i.SpiFlashEraseSector)
    SpiFlashInit                             0x08001ca5   Thumb Code    62  bsp_w25q64.o(i.SpiFlashInit)
    SpiFlashRead                             0x08001ced   Thumb Code    76  bsp_w25q64.o(i.SpiFlashRead)
    SpiFlashReadID                           0x08001d3d   Thumb Code    56  bsp_w25q64.o(i.SpiFlashReadID)
    SpiFlashReadSR                           0x08001d79   Thumb Code    26  bsp_w25q64.o(i.SpiFlashReadSR)
    SpiFlashWaitBusy                         0x08001d99   Thumb Code    12  bsp_w25q64.o(i.SpiFlashWaitBusy)
    SpiFlashWrite                            0x08001da5   Thumb Code   158  bsp_w25q64.o(i.SpiFlashWrite)
    SpiFlashWriteEnable                      0x08001e49   Thumb Code    20  bsp_w25q64.o(i.SpiFlashWriteEnable)
    SpiFlashWriteNoCheck                     0x08001e61   Thumb Code    62  bsp_w25q64.o(i.SpiFlashWriteNoCheck)
    SpiFlashWritePage                        0x08001ea1   Thumb Code    82  bsp_w25q64.o(i.SpiFlashWritePage)
    SysTick_CLKSourceConfig                  0x08001ef9   Thumb Code    28  misc.o(i.SysTick_CLKSourceConfig)
    SysTick_Handler                          0x08001f15   Thumb Code     2  stm32f10x_it.o(i.SysTick_Handler)
    SystemInit                               0x08001f19   Thumb Code    64  system_stm32f10x.o(i.SystemInit)
    TIM_ClearFlag                            0x0800214d   Thumb Code     6  stm32f10x_tim.o(i.TIM_ClearFlag)
    TIM_Cmd                                  0x08002153   Thumb Code    24  stm32f10x_tim.o(i.TIM_Cmd)
    TIM_CtrlPWMOutputs                       0x0800216b   Thumb Code    28  stm32f10x_tim.o(i.TIM_CtrlPWMOutputs)
    TIM_DeInit                               0x08002189   Thumb Code   464  stm32f10x_tim.o(i.TIM_DeInit)
    TIM_EncoderInterfaceConfig               0x08002399   Thumb Code    50  stm32f10x_tim.o(i.TIM_EncoderInterfaceConfig)
    TIM_ICInit                               0x080023cd   Thumb Code   122  stm32f10x_tim.o(i.TIM_ICInit)
    TIM_ICStructInit                         0x08002459   Thumb Code    16  stm32f10x_tim.o(i.TIM_ICStructInit)
    TIM_ITConfig                             0x08002469   Thumb Code    20  stm32f10x_tim.o(i.TIM_ITConfig)
    TIM_OC1Init                              0x0800247d   Thumb Code   114  stm32f10x_tim.o(i.TIM_OC1Init)
    TIM_OC2Init                              0x08002505   Thumb Code   128  stm32f10x_tim.o(i.TIM_OC2Init)
    TIM_OC3Init                              0x0800258d   Thumb Code   124  stm32f10x_tim.o(i.TIM_OC3Init)
    TIM_OC4Init                              0x08002611   Thumb Code    94  stm32f10x_tim.o(i.TIM_OC4Init)
    TIM_OCStructInit                         0x08002679   Thumb Code    20  stm32f10x_tim.o(i.TIM_OCStructInit)
    TIM_SetCompare1                          0x0800268d   Thumb Code     4  stm32f10x_tim.o(i.TIM_SetCompare1)
    TIM_SetCompare2                          0x08002691   Thumb Code     4  stm32f10x_tim.o(i.TIM_SetCompare2)
    TIM_SetCompare3                          0x08002695   Thumb Code     4  stm32f10x_tim.o(i.TIM_SetCompare3)
    TIM_SetCompare4                          0x08002699   Thumb Code     6  stm32f10x_tim.o(i.TIM_SetCompare4)
    TIM_SetCounter                           0x0800269f   Thumb Code     4  stm32f10x_tim.o(i.TIM_SetCounter)
    TIM_SetIC1Prescaler                      0x080026a3   Thumb Code    16  stm32f10x_tim.o(i.TIM_SetIC1Prescaler)
    TIM_SetIC2Prescaler                      0x080026b3   Thumb Code    24  stm32f10x_tim.o(i.TIM_SetIC2Prescaler)
    TIM_SetIC3Prescaler                      0x080026cb   Thumb Code    16  stm32f10x_tim.o(i.TIM_SetIC3Prescaler)
    TIM_SetIC4Prescaler                      0x080026db   Thumb Code    24  stm32f10x_tim.o(i.TIM_SetIC4Prescaler)
    TIM_TimeBaseInit                         0x080026f5   Thumb Code   114  stm32f10x_tim.o(i.TIM_TimeBaseInit)
    TIM_TimeBaseStructInit                   0x08002791   Thumb Code    18  stm32f10x_tim.o(i.TIM_TimeBaseStructInit)
    USART1_IRQHandler                        0x080027a5   Thumb Code    36  bsp_usart.o(i.USART1_IRQHandler)
    USART1_Send_U8                           0x080027cd   Thumb Code    30  bsp_usart.o(i.USART1_Send_U8)
    USART1_init                              0x080027f1   Thumb Code   172  bsp_usart.o(i.USART1_init)
    USART_ClearFlag                          0x080028a5   Thumb Code     8  stm32f10x_usart.o(i.USART_ClearFlag)
    USART_Cmd                                0x080028ad   Thumb Code    24  stm32f10x_usart.o(i.USART_Cmd)
    USART_GetFlagStatus                      0x080028c5   Thumb Code    14  stm32f10x_usart.o(i.USART_GetFlagStatus)
    USART_GetITStatus                        0x080028d3   Thumb Code    64  stm32f10x_usart.o(i.USART_GetITStatus)
    USART_ITConfig                           0x08002913   Thumb Code    54  stm32f10x_usart.o(i.USART_ITConfig)
    USART_Init                               0x08002949   Thumb Code   182  stm32f10x_usart.o(i.USART_Init)
    USART_ReceiveData                        0x08002a05   Thumb Code     8  stm32f10x_usart.o(i.USART_ReceiveData)
    USART_SendData                           0x08002a0d   Thumb Code     8  stm32f10x_usart.o(i.USART_SendData)
    UsageFault_Handler                       0x08002a15   Thumb Code     2  stm32f10x_it.o(i.UsageFault_Handler)
    __0sprintf$8                             0x08002a19   Thumb Code    34  printf8.o(i.__0sprintf$8)
    __1sprintf$8                             0x08002a19   Thumb Code     0  printf8.o(i.__0sprintf$8)
    __2sprintf                               0x08002a19   Thumb Code     0  printf8.o(i.__0sprintf$8)
    __scatterload_copy                       0x08002a41   Thumb Code    14  handlers.o(i.__scatterload_copy)
    __scatterload_null                       0x08002a4f   Thumb Code     2  handlers.o(i.__scatterload_null)
    __scatterload_zeroinit                   0x08002a51   Thumb Code    14  handlers.o(i.__scatterload_zeroinit)
    delay_init                               0x08002ecd   Thumb Code    48  delay.o(i.delay_init)
    delay_ms                                 0x08002f09   Thumb Code    36  delay.o(i.delay_ms)
    detcet_flash                             0x08002f31   Thumb Code    48  falsh_use.o(i.detcet_flash)
    flash_test                               0x08002f61   Thumb Code    64  falsh_use.o(i.flash_test)
    init_LED_GPIO                            0x08002fa5   Thumb Code    44  bsp_rgb.o(i.init_LED_GPIO)
    main                                     0x08002fd9   Thumb Code   134  main.o(i.main)
    show_flash                               0x08003065   Thumb Code    94  falsh_use.o(i.show_flash)
    ascii_1206                               0x080030f8   Data        1140  lcd.o(.constdata)
    ascii_1608                               0x0800356c   Data        1520  lcd.o(.constdata)
    ascii_2412                               0x08003b5c   Data        4560  lcd.o(.constdata)
    ascii_3216                               0x08004d2c   Data        6080  lcd.o(.constdata)
    tfont16                                  0x080064ec   Data         136  lcd.o(.constdata)
    Region$$Table$$Base                      0x080065d4   Number         0  anon$$obj.o(Region$$Table)
    Region$$Table$$Limit                     0x080065f4   Number         0  anon$$obj.o(Region$$Table)
    SystemCoreClock                          0x20000000   Data           4  system_stm32f10x.o(.data)
    AHBPrescTable                            0x20000004   Data          16  system_stm32f10x.o(.data)
    SPI_FLASH_TYPE                           0x2000002c   Data           2  bsp_w25q64.o(.data)
    g_Encoder_M1_Now                         0x20000030   Data           4  bsp_encoder.o(.data)
    g_Encoder_M2_Now                         0x20000034   Data           4  bsp_encoder.o(.data)
    g_Encoder_M3_Now                         0x20000038   Data           4  bsp_encoder.o(.data)
    g_Encoder_M4_Now                         0x2000003c   Data           4  bsp_encoder.o(.data)
    motor_enable                             0x20000040   Data           1  bsp_motor.o(.data)
    g_key1_long_press                        0x20000042   Data           2  bsp_key.o(.data)
    pid_Yaw                                  0x20000048   Data          28  bsp_pid.o(.data)
    buff                                     0x20000064   Data          17  falsh_use.o(.data)
    g_start_ctrl                             0x20000076   Data           1  app_motor.o(.data)
    g_yaw_adjust                             0x20000077   Data           1  app_motor.o(.data)
    g_car_type                               0x20000078   Data           1  app_motor.o(.data)
    car_data                                 0x2000007a   Data           6  app_motor.o(.data)
    g_speed_setup                            0x20000080   Data           2  app_mecanum.o(.data)
    SPI_FLASH_BUF                            0x200000a4   Data        4096  bsp_w25q64.o(.bss)
    pid_motor                                0x200010a4   Data         160  bsp_pid.o(.bss)
    g_Encoder_All_Now                        0x20001144   Data          16  app_motor.o(.bss)
    g_Encoder_All_Last                       0x20001154   Data          16  app_motor.o(.bss)
    g_Encoder_All_Offset                     0x20001164   Data          16  app_motor.o(.bss)
    motor_data                               0x20001174   Data          40  app_motor.o(.bss)
    __initial_sp                             0x200015a0   Data           0  startup_stm32f10x_hd.o(STACK)



==============================================================================

Memory Map of the image

  Image Entry point : 0x08000131

  Load Region LR_IROM1 (Base: 0x08000000, Size: 0x00006698, Max: 0x00080000, ABSOLUTE)

    Execution Region ER_IROM1 (Exec base: 0x08000000, Load base: 0x08000000, Size: 0x000065f4, Max: 0x00080000, ABSOLUTE)

    Exec Addr    Load Addr    Size         Type   Attr      Idx    E Section Name        Object

    0x08000000   0x08000000   0x00000130   Data   RO          304    RESET               startup_stm32f10x_hd.o
    0x08000130   0x08000130   0x00000000   Code   RO         4667  * .ARM.Collect$$$$00000000  mc_w.l(entry.o)
    0x08000130   0x08000130   0x00000004   Code   RO         5000    .ARM.Collect$$$$00000001  mc_w.l(entry2.o)
    0x08000134   0x08000134   0x00000004   Code   RO         5003    .ARM.Collect$$$$00000004  mc_w.l(entry5.o)
    0x08000138   0x08000138   0x00000000   Code   RO         5005    .ARM.Collect$$$$00000008  mc_w.l(entry7b.o)
    0x08000138   0x08000138   0x00000000   Code   RO         5007    .ARM.Collect$$$$0000000A  mc_w.l(entry8b.o)
    0x08000138   0x08000138   0x00000008   Code   RO         5008    .ARM.Collect$$$$0000000B  mc_w.l(entry9a.o)
    0x08000140   0x08000140   0x00000000   Code   RO         5010    .ARM.Collect$$$$0000000D  mc_w.l(entry10a.o)
    0x08000140   0x08000140   0x00000000   Code   RO         5012    .ARM.Collect$$$$0000000F  mc_w.l(entry11a.o)
    0x08000140   0x08000140   0x00000004   Code   RO         5001    .ARM.Collect$$$$00002712  mc_w.l(entry2.o)
    0x08000144   0x08000144   0x00000024   Code   RO          305    .text               startup_stm32f10x_hd.o
    0x08000168   0x08000168   0x00000024   Code   RO         4670    .text               mc_w.l(memcpya.o)
    0x0800018c   0x0800018c   0x00000024   Code   RO         4672    .text               mc_w.l(memseta.o)
    0x080001b0   0x080001b0   0x000000b0   Code   RO         4937    .text               mf_w.l(fadd.o)
    0x08000260   0x08000260   0x00000064   Code   RO         4939    .text               mf_w.l(fmul.o)
    0x080002c4   0x080002c4   0x0000007c   Code   RO         4941    .text               mf_w.l(fdiv.o)
    0x08000340   0x08000340   0x00000018   Code   RO         4943    .text               mf_w.l(fscalb.o)
    0x08000358   0x08000358   0x00000012   Code   RO         4951    .text               mf_w.l(fflti.o)
    0x0800036a   0x0800036a   0x00000032   Code   RO         4957    .text               mf_w.l(ffixi.o)
    0x0800039c   0x0800039c   0x00000062   Code   RO         5017    .text               mc_w.l(uldiv.o)
    0x080003fe   0x080003fe   0x0000001e   Code   RO         5019    .text               mc_w.l(llshl.o)
    0x0800041c   0x0800041c   0x00000020   Code   RO         5021    .text               mc_w.l(llushr.o)
    0x0800043c   0x0800043c   0x00000000   Code   RO         5032    .text               mc_w.l(iusefp.o)
    0x0800043c   0x0800043c   0x0000006e   Code   RO         5033    .text               mf_w.l(fepilogue.o)
    0x080004aa   0x080004aa   0x00000002   PAD
    0x080004ac   0x080004ac   0x00000024   Code   RO         5043    .text               mc_w.l(init.o)
    0x080004d0   0x080004d0   0x0000005c   Code   RO         3423    i.BSP_init          bsp.o
    0x0800052c   0x0800052c   0x00000002   Code   RO          194    i.BusFault_Handler  stm32f10x_it.o
    0x0800052e   0x0800052e   0x00000002   Code   RO          195    i.DebugMon_Handler  stm32f10x_it.o
    0x08000530   0x08000530   0x00000018   Code   RO         4020    i.Encoder_Get_ALL   bsp_encoder.o
    0x08000548   0x08000548   0x00000016   Code   RO         4022    i.Encoder_Init      bsp_encoder.o
    0x0800055e   0x0800055e   0x00000002   PAD
    0x08000560   0x08000560   0x000000d4   Code   RO         4023    i.Encoder_Init_TIM2  bsp_encoder.o
    0x08000634   0x08000634   0x000000c4   Code   RO         4024    i.Encoder_Init_TIM3  bsp_encoder.o
    0x080006f8   0x080006f8   0x000000c4   Code   RO         4025    i.Encoder_Init_TIM4  bsp_encoder.o
    0x080007bc   0x080007bc   0x000000c4   Code   RO         4026    i.Encoder_Init_TIM5  bsp_encoder.o
    0x08000880   0x08000880   0x00000058   Code   RO         4027    i.Encoder_Read_CNT  bsp_encoder.o
    0x080008d8   0x080008d8   0x0000003c   Code   RO         4028    i.Encoder_Update_Count  bsp_encoder.o
    0x08000914   0x08000914   0x000000a6   Code   RO         1460    i.GPIO_Init         stm32f10x_gpio.o
    0x080009ba   0x080009ba   0x00000002   PAD
    0x080009bc   0x080009bc   0x0000005c   Code   RO         1462    i.GPIO_PinRemapConfig  stm32f10x_gpio.o
    0x08000a18   0x08000a18   0x0000000e   Code   RO         1464    i.GPIO_ReadInputDataBit  stm32f10x_gpio.o
    0x08000a26   0x08000a26   0x00000004   Code   RO         1467    i.GPIO_ResetBits    stm32f10x_gpio.o
    0x08000a2a   0x08000a2a   0x00000004   Code   RO         1468    i.GPIO_SetBits      stm32f10x_gpio.o
    0x08000a2e   0x08000a2e   0x00000002   Code   RO          196    i.HardFault_Handler  stm32f10x_it.o
    0x08000a30   0x08000a30   0x00000038   Code   RO         4133    i.Key1_State        bsp_key.o
    0x08000a68   0x08000a68   0x00000018   Code   RO         4134    i.Key1_is_Press     bsp_key.o
    0x08000a80   0x08000a80   0x00000024   Code   RO         4135    i.Key_GPIO_Init     bsp_key.o
    0x08000aa4   0x08000aa4   0x00000042   Code   RO         3372    i.LCD_Address_Set   lcd_init.o
    0x08000ae6   0x08000ae6   0x00000016   Code   RO         3278    i.LCD_DrawPoint     lcd.o
    0x08000afc   0x08000afc   0x00000040   Code   RO         3280    i.LCD_Fill          lcd.o
    0x08000b3c   0x08000b3c   0x00000090   Code   RO         3373    i.LCD_GPIO_Init     lcd_init.o
    0x08000bcc   0x08000bcc   0x00000264   Code   RO         3374    i.LCD_Init          lcd_init.o
    0x08000e30   0x08000e30   0x0000011c   Code   RO         3281    i.LCD_ShowChar      lcd.o
    0x08000f4c   0x08000f4c   0x00000036   Code   RO         3287    i.LCD_ShowString    lcd.o
    0x08000f82   0x08000f82   0x00000014   Code   RO         3375    i.LCD_WR_DATA       lcd_init.o
    0x08000f96   0x08000f96   0x00000004   Code   RO         3376    i.LCD_WR_DATA8      lcd_init.o
    0x08000f9a   0x08000f9a   0x00000002   PAD
    0x08000f9c   0x08000f9c   0x00000028   Code   RO         3377    i.LCD_WR_REG        lcd_init.o
    0x08000fc4   0x08000fc4   0x00000064   Code   RO         3378    i.LCD_Writ_Bus      lcd_init.o
    0x08001028   0x08001028   0x00000060   Code   RO         4081    i.MOTOR_GPIO_Init   bsp_motor.o
    0x08001088   0x08001088   0x00000154   Code   RO         4632    i.Mecanum_Ctrl      app_mecanum.o
    0x080011dc   0x080011dc   0x000000c8   Code   RO         4633    i.Mecanum_State     app_mecanum.o
    0x080012a4   0x080012a4   0x00000002   Code   RO          197    i.MemManage_Handler  stm32f10x_it.o
    0x080012a6   0x080012a6   0x00000002   PAD
    0x080012a8   0x080012a8   0x00000008   Code   RO         4523    i.Motion_Get_APB    app_motor.o
    0x080012b0   0x080012b0   0x0000000c   Code   RO         4524    i.Motion_Get_Car_Type  app_motor.o
    0x080012bc   0x080012bc   0x00000008   Code   RO         4525    i.Motion_Get_Circle_MM  app_motor.o
    0x080012c4   0x080012c4   0x00000030   Code   RO         4526    i.Motion_Get_Circle_Pulse  app_motor.o
    0x080012f4   0x080012f4   0x00000034   Code   RO         4528    i.Motion_Get_Encoder  app_motor.o
    0x08001328   0x08001328   0x000000f8   Code   RO         4530    i.Motion_Get_Speed  app_motor.o
    0x08001420   0x08001420   0x00000050   Code   RO         4532    i.Motion_Handle     app_motor.o
    0x08001470   0x08001470   0x00000058   Code   RO         4534    i.Motion_Set_Pwm    app_motor.o
    0x080014c8   0x080014c8   0x0000003c   Code   RO         4535    i.Motion_Set_Speed  app_motor.o
    0x08001504   0x08001504   0x00000018   Code   RO         4536    i.Motion_Set_Yaw_Adjust  app_motor.o
    0x0800151c   0x0800151c   0x00000028   Code   RO         4537    i.Motion_Stop       app_motor.o
    0x08001544   0x08001544   0x0000001c   Code   RO         4083    i.Motor_Ignore_Dead_Zone  bsp_motor.o
    0x08001560   0x08001560   0x000000f8   Code   RO         4084    i.Motor_PWM_Init    bsp_motor.o
    0x08001658   0x08001658   0x000000a0   Code   RO         4085    i.Motor_Set_Pwm     bsp_motor.o
    0x080016f8   0x080016f8   0x00000068   Code   RO         4086    i.Motor_Stop        bsp_motor.o
    0x08001760   0x08001760   0x00000002   Code   RO          198    i.NMI_Handler       stm32f10x_it.o
    0x08001762   0x08001762   0x00000002   PAD
    0x08001764   0x08001764   0x00000064   Code   RO          309    i.NVIC_Init         misc.o
    0x080017c8   0x080017c8   0x00000014   Code   RO          310    i.NVIC_PriorityGroupConfig  misc.o
    0x080017dc   0x080017dc   0x0000002c   Code   RO         4176    i.PID_Calc_Motor    bsp_pid.o
    0x08001808   0x08001808   0x00000080   Code   RO         4180    i.PID_Incre_Calc    bsp_pid.o
    0x08001888   0x08001888   0x00000058   Code   RO         4182    i.PID_Param_Init    bsp_pid.o
    0x080018e0   0x080018e0   0x0000002c   Code   RO         4184    i.PID_Set_Motor_Target  bsp_pid.o
    0x0800190c   0x0800190c   0x00000002   Code   RO          199    i.PendSV_Handler    stm32f10x_it.o
    0x0800190e   0x0800190e   0x00000002   PAD
    0x08001910   0x08001910   0x0000001c   Code   RO         1876    i.RCC_APB1PeriphClockCmd  stm32f10x_rcc.o
    0x0800192c   0x0800192c   0x0000001c   Code   RO         1877    i.RCC_APB1PeriphResetCmd  stm32f10x_rcc.o
    0x08001948   0x08001948   0x0000001c   Code   RO         1878    i.RCC_APB2PeriphClockCmd  stm32f10x_rcc.o
    0x08001964   0x08001964   0x0000001c   Code   RO         1879    i.RCC_APB2PeriphResetCmd  stm32f10x_rcc.o
    0x08001980   0x08001980   0x000000ac   Code   RO         1886    i.RCC_GetClocksFreq  stm32f10x_rcc.o
    0x08001a2c   0x08001a2c   0x00000018   Code   RO         2355    i.SPI_Cmd           stm32f10x_spi.o
    0x08001a44   0x08001a44   0x000000c0   Code   RO         3836    i.SPI_FLASH_Init    bsp_spi.o
    0x08001b04   0x08001b04   0x0000000e   Code   RO         2363    i.SPI_I2S_GetFlagStatus  stm32f10x_spi.o
    0x08001b12   0x08001b12   0x00000004   Code   RO         2366    i.SPI_I2S_ReceiveData  stm32f10x_spi.o
    0x08001b16   0x08001b16   0x00000004   Code   RO         2367    i.SPI_I2S_SendData  stm32f10x_spi.o
    0x08001b1a   0x08001b1a   0x00000038   Code   RO         2368    i.SPI_Init          stm32f10x_spi.o
    0x08001b52   0x08001b52   0x00000002   PAD
    0x08001b54   0x08001b54   0x00000058   Code   RO         3837    i.SPI_ReadWriteByte  bsp_spi.o
    0x08001bac   0x08001bac   0x00000002   Code   RO          200    i.SVC_Handler       stm32f10x_it.o
    0x08001bae   0x08001bae   0x00000004   Code   RO          257    i.SetSysClock       system_stm32f10x.o
    0x08001bb2   0x08001bb2   0x00000002   PAD
    0x08001bb4   0x08001bb4   0x000000b0   Code   RO          258    i.SetSysClockTo72   system_stm32f10x.o
    0x08001c64   0x08001c64   0x00000040   Code   RO         3730    i.SpiFlashEraseSector  bsp_w25q64.o
    0x08001ca4   0x08001ca4   0x00000048   Code   RO         3731    i.SpiFlashInit      bsp_w25q64.o
    0x08001cec   0x08001cec   0x00000050   Code   RO         3733    i.SpiFlashRead      bsp_w25q64.o
    0x08001d3c   0x08001d3c   0x0000003c   Code   RO         3734    i.SpiFlashReadID    bsp_w25q64.o
    0x08001d78   0x08001d78   0x00000020   Code   RO         3735    i.SpiFlashReadSR    bsp_w25q64.o
    0x08001d98   0x08001d98   0x0000000c   Code   RO         3737    i.SpiFlashWaitBusy  bsp_w25q64.o
    0x08001da4   0x08001da4   0x000000a4   Code   RO         3738    i.SpiFlashWrite     bsp_w25q64.o
    0x08001e48   0x08001e48   0x00000018   Code   RO         3740    i.SpiFlashWriteEnable  bsp_w25q64.o
    0x08001e60   0x08001e60   0x0000003e   Code   RO         3741    i.SpiFlashWriteNoCheck  bsp_w25q64.o
    0x08001e9e   0x08001e9e   0x00000002   PAD
    0x08001ea0   0x08001ea0   0x00000058   Code   RO         3742    i.SpiFlashWritePage  bsp_w25q64.o
    0x08001ef8   0x08001ef8   0x0000001c   Code   RO          313    i.SysTick_CLKSourceConfig  misc.o
    0x08001f14   0x08001f14   0x00000002   Code   RO          201    i.SysTick_Handler   stm32f10x_it.o
    0x08001f16   0x08001f16   0x00000002   PAD
    0x08001f18   0x08001f18   0x00000050   Code   RO          260    i.SystemInit        system_stm32f10x.o
    0x08001f68   0x08001f68   0x00000074   Code   RO         2494    i.TI1_Config        stm32f10x_tim.o
    0x08001fdc   0x08001fdc   0x0000007c   Code   RO         2495    i.TI2_Config        stm32f10x_tim.o
    0x08002058   0x08002058   0x00000078   Code   RO         2496    i.TI3_Config        stm32f10x_tim.o
    0x080020d0   0x080020d0   0x0000007c   Code   RO         2497    i.TI4_Config        stm32f10x_tim.o
    0x0800214c   0x0800214c   0x00000006   Code   RO         2504    i.TIM_ClearFlag     stm32f10x_tim.o
    0x08002152   0x08002152   0x00000018   Code   RO         2510    i.TIM_Cmd           stm32f10x_tim.o
    0x0800216a   0x0800216a   0x0000001c   Code   RO         2512    i.TIM_CtrlPWMOutputs  stm32f10x_tim.o
    0x08002186   0x08002186   0x00000002   PAD
    0x08002188   0x08002188   0x00000210   Code   RO         2515    i.TIM_DeInit        stm32f10x_tim.o
    0x08002398   0x08002398   0x00000032   Code   RO         2519    i.TIM_EncoderInterfaceConfig  stm32f10x_tim.o
    0x080023ca   0x080023ca   0x00000002   PAD
    0x080023cc   0x080023cc   0x0000008c   Code   RO         2533    i.TIM_ICInit        stm32f10x_tim.o
    0x08002458   0x08002458   0x00000010   Code   RO         2534    i.TIM_ICStructInit  stm32f10x_tim.o
    0x08002468   0x08002468   0x00000014   Code   RO         2535    i.TIM_ITConfig      stm32f10x_tim.o
    0x0800247c   0x0800247c   0x00000088   Code   RO         2539    i.TIM_OC1Init       stm32f10x_tim.o
    0x08002504   0x08002504   0x00000088   Code   RO         2544    i.TIM_OC2Init       stm32f10x_tim.o
    0x0800258c   0x0800258c   0x00000084   Code   RO         2549    i.TIM_OC3Init       stm32f10x_tim.o
    0x08002610   0x08002610   0x00000068   Code   RO         2554    i.TIM_OC4Init       stm32f10x_tim.o
    0x08002678   0x08002678   0x00000014   Code   RO         2557    i.TIM_OCStructInit  stm32f10x_tim.o
    0x0800268c   0x0800268c   0x00000004   Code   RO         2571    i.TIM_SetCompare1   stm32f10x_tim.o
    0x08002690   0x08002690   0x00000004   Code   RO         2572    i.TIM_SetCompare2   stm32f10x_tim.o
    0x08002694   0x08002694   0x00000004   Code   RO         2573    i.TIM_SetCompare3   stm32f10x_tim.o
    0x08002698   0x08002698   0x00000006   Code   RO         2574    i.TIM_SetCompare4   stm32f10x_tim.o
    0x0800269e   0x0800269e   0x00000004   Code   RO         2575    i.TIM_SetCounter    stm32f10x_tim.o
    0x080026a2   0x080026a2   0x00000010   Code   RO         2576    i.TIM_SetIC1Prescaler  stm32f10x_tim.o
    0x080026b2   0x080026b2   0x00000018   Code   RO         2577    i.TIM_SetIC2Prescaler  stm32f10x_tim.o
    0x080026ca   0x080026ca   0x00000010   Code   RO         2578    i.TIM_SetIC3Prescaler  stm32f10x_tim.o
    0x080026da   0x080026da   0x00000018   Code   RO         2579    i.TIM_SetIC4Prescaler  stm32f10x_tim.o
    0x080026f2   0x080026f2   0x00000002   PAD
    0x080026f4   0x080026f4   0x0000009c   Code   RO         2581    i.TIM_TimeBaseInit  stm32f10x_tim.o
    0x08002790   0x08002790   0x00000012   Code   RO         2582    i.TIM_TimeBaseStructInit  stm32f10x_tim.o
    0x080027a2   0x080027a2   0x00000002   PAD
    0x080027a4   0x080027a4   0x00000028   Code   RO         3887    i.USART1_IRQHandler  bsp_usart.o
    0x080027cc   0x080027cc   0x00000024   Code   RO         3889    i.USART1_Send_U8    bsp_usart.o
    0x080027f0   0x080027f0   0x000000b4   Code   RO         3890    i.USART1_init       bsp_usart.o
    0x080028a4   0x080028a4   0x00000008   Code   RO         3042    i.USART_ClearFlag   stm32f10x_usart.o
    0x080028ac   0x080028ac   0x00000018   Code   RO         3046    i.USART_Cmd         stm32f10x_usart.o
    0x080028c4   0x080028c4   0x0000000e   Code   RO         3049    i.USART_GetFlagStatus  stm32f10x_usart.o
    0x080028d2   0x080028d2   0x00000040   Code   RO         3050    i.USART_GetITStatus  stm32f10x_usart.o
    0x08002912   0x08002912   0x00000036   Code   RO         3052    i.USART_ITConfig    stm32f10x_usart.o
    0x08002948   0x08002948   0x000000bc   Code   RO         3053    i.USART_Init        stm32f10x_usart.o
    0x08002a04   0x08002a04   0x00000008   Code   RO         3060    i.USART_ReceiveData  stm32f10x_usart.o
    0x08002a0c   0x08002a0c   0x00000008   Code   RO         3063    i.USART_SendData    stm32f10x_usart.o
    0x08002a14   0x08002a14   0x00000002   Code   RO          202    i.UsageFault_Handler  stm32f10x_it.o
    0x08002a16   0x08002a16   0x00000002   PAD
    0x08002a18   0x08002a18   0x00000028   Code   RO         4885    i.__0sprintf$8      mc_w.l(printf8.o)
    0x08002a40   0x08002a40   0x0000000e   Code   RO         5049    i.__scatterload_copy  mc_w.l(handlers.o)
    0x08002a4e   0x08002a4e   0x00000002   Code   RO         5050    i.__scatterload_null  mc_w.l(handlers.o)
    0x08002a50   0x08002a50   0x0000000e   Code   RO         5051    i.__scatterload_zeroinit  mc_w.l(handlers.o)
    0x08002a5e   0x08002a5e   0x00000002   PAD
    0x08002a60   0x08002a60   0x00000410   Code   RO         4890    i._printf_core      mc_w.l(printf8.o)
    0x08002e70   0x08002e70   0x00000024   Code   RO         4891    i._printf_post_padding  mc_w.l(printf8.o)
    0x08002e94   0x08002e94   0x0000002e   Code   RO         4892    i._printf_pre_padding  mc_w.l(printf8.o)
    0x08002ec2   0x08002ec2   0x0000000a   Code   RO         4894    i._sputc            mc_w.l(printf8.o)
    0x08002ecc   0x08002ecc   0x0000003c   Code   RO         3435    i.delay_init        delay.o
    0x08002f08   0x08002f08   0x00000028   Code   RO         3436    i.delay_ms          delay.o
    0x08002f30   0x08002f30   0x00000030   Code   RO         4423    i.detcet_flash      falsh_use.o
    0x08002f60   0x08002f60   0x00000044   Code   RO         4424    i.flash_test        falsh_use.o
    0x08002fa4   0x08002fa4   0x00000034   Code   RO         3864    i.init_LED_GPIO     bsp_rgb.o
    0x08002fd8   0x08002fd8   0x0000008c   Code   RO            1    i.main              main.o
    0x08003064   0x08003064   0x00000094   Code   RO         4425    i.show_flash        falsh_use.o
    0x080030f8   0x080030f8   0x0000347c   Data   RO         3289    .constdata          lcd.o
    0x08006574   0x08006574   0x00000060   Data   RO         4087    .constdata          bsp_motor.o
    0x080065d4   0x080065d4   0x00000020   Data   RO         5047    Region$$Table       anon$$obj.o


    Execution Region RW_IRAM1 (Exec base: 0x20000000, Load base: 0x080065f4, Size: 0x000015a0, Max: 0x00020000, ABSOLUTE)

    Exec Addr    Load Addr    Size         Type   Attr      Idx    E Section Name        Object

    0x20000000   0x080065f4   0x00000014   Data   RW          261    .data               system_stm32f10x.o
    0x20000014   0x08006608   0x00000014   Data   RW         1906    .data               stm32f10x_rcc.o
    0x20000028   0x0800661c   0x00000004   Data   RW         3438    .data               delay.o
    0x2000002c   0x08006620   0x00000002   Data   RW         3745    .data               bsp_w25q64.o
    0x2000002e   0x08006622   0x00000002   PAD
    0x20000030   0x08006624   0x00000010   Data   RW         4029    .data               bsp_encoder.o
    0x20000040   0x08006634   0x00000001   Data   RW         4088    .data               bsp_motor.o
    0x20000041   0x08006635   0x00000001   PAD
    0x20000042   0x08006636   0x00000004   Data   RW         4138    .data               bsp_key.o
    0x20000046   0x0800663a   0x00000002   PAD
    0x20000048   0x0800663c   0x0000001c   Data   RW         4192    .data               bsp_pid.o
    0x20000064   0x08006658   0x00000011   Data   RW         4426    .data               falsh_use.o
    0x20000075   0x08006669   0x00000001   PAD
    0x20000076   0x0800666a   0x0000000a   Data   RW         4539    .data               app_motor.o
    0x20000080   0x08006674   0x00000024   Data   RW         4635    .data               app_mecanum.o
    0x200000a4        -       0x00001000   Zero   RW         3744    .bss                bsp_w25q64.o
    0x200010a4        -       0x000000a0   Zero   RW         4191    .bss                bsp_pid.o
    0x20001144        -       0x00000058   Zero   RW         4538    .bss                app_motor.o
    0x2000119c   0x08006698   0x00000004   PAD
    0x200011a0        -       0x00000400   Zero   RW          302    STACK               startup_stm32f10x_hd.o


==============================================================================

Image component sizes


      Code (inc. data)   RO Data    RW Data    ZI Data      Debug   Object Name

       540         32          0         36          0       2467   app_mecanum.o
       668         82          0         10         88       7805   app_motor.o
        92          4          0          0          0        555   bsp.o
       994         68          0         16          0       5602   bsp_encoder.o
       116         12          0          4          0       2049   bsp_key.o
       636         46         96          1          0       3831   bsp_motor.o
       304         44          0         28        160       4226   bsp_pid.o
        52          8          0          0          0        560   bsp_rgb.o
       280         14          0          0          0       1449   bsp_spi.o
       256         18          0          0          0       1931   bsp_usart.o
       658         46          0          2       4096       7421   bsp_w25q64.o
         0          0          0          0          0         32   core_cm3.o
       100         16          0          4          0       1328   delay.o
       264         58          0         17          0       2468   falsh_use.o
       424         18      13436          0          0       4621   lcd.o
       986         28          0          0          0       4490   lcd_init.o
       140          6          0          0          0     264107   main.o
       148         14          0          0          0       2261   misc.o
        36          8        304          0       1024        832   startup_stm32f10x_hd.o
       280          6          0          0          0       4778   stm32f10x_gpio.o
        18          0          0          0          0       4190   stm32f10x_it.o
       284         42          0         20          0       6040   stm32f10x_rcc.o
       102          0          0          0          0       4082   stm32f10x_spi.o
      2100        260          0          0          0      21020   stm32f10x_tim.o
       368          6          0          0          0       7327   stm32f10x_usart.o
       260         26          0         20          0       2417   system_stm32f10x.o

    ----------------------------------------------------------------------
     10136        862      13868        164       5372     367889   Object Totals
         0          0         32          0          0          0   (incl. Generated)
        30          0          0          6          4          0   (incl. Padding)

    ----------------------------------------------------------------------

      Code (inc. data)   RO Data    RW Data    ZI Data      Debug   Library Member Name

         0          0          0          0          0          0   entry.o
         0          0          0          0          0          0   entry10a.o
         0          0          0          0          0          0   entry11a.o
         8          4          0          0          0          0   entry2.o
         4          0          0          0          0          0   entry5.o
         0          0          0          0          0          0   entry7b.o
         0          0          0          0          0          0   entry8b.o
         8          4          0          0          0          0   entry9a.o
        30          0          0          0          0          0   handlers.o
        36          8          0          0          0         68   init.o
         0          0          0          0          0          0   iusefp.o
        30          0          0          0          0         68   llshl.o
        32          0          0          0          0         68   llushr.o
        36          0          0          0          0         68   memcpya.o
        36          0          0          0          0        108   memseta.o
      1172         50          0          0          0        420   printf8.o
        98          0          0          0          0         92   uldiv.o
       176          0          0          0          0        140   fadd.o
       124          0          0          0          0         88   fdiv.o
       110          0          0          0          0        168   fepilogue.o
        50          0          0          0          0         68   ffixi.o
        18          0          0          0          0         68   fflti.o
       100          0          0          0          0         76   fmul.o
        24          0          0          0          0         68   fscalb.o

    ----------------------------------------------------------------------
      2096         66          0          0          0       1568   Library Totals
         4          0          0          0          0          0   (incl. Padding)

    ----------------------------------------------------------------------

      Code (inc. data)   RO Data    RW Data    ZI Data      Debug   Library Name

      1490         66          0          0          0        892   mc_w.l
       602          0          0          0          0        676   mf_w.l

    ----------------------------------------------------------------------
      2096         66          0          0          0       1568   Library Totals

    ----------------------------------------------------------------------

==============================================================================


      Code (inc. data)   RO Data    RW Data    ZI Data      Debug   

     12232        928      13868        164       5372     362173   Grand Totals
     12232        928      13868        164       5372     362173   ELF Image Totals
     12232        928      13868        164          0          0   ROM Totals

==============================================================================

    Total RO  Size (Code + RO Data)                26100 (  25.49kB)
    Total RW  Size (RW Data + ZI Data)              5536 (   5.41kB)
    Total ROM Size (Code + RO Data + RW Data)      26264 (  25.65kB)

==============================================================================

