<html>
<body>
<pre>
<h1>礦ision Build Log</h1>
<h2>Project:</h2>
G:\资料发布\BST_4WD_STM32\5.程序源码\6、小车巡线实验\code\STM32四驱车运动库函数版本\TB6612FNG.uvproj
Project File Date:  07/20/2017

<h2>Output:</h2>
Build target 'Target 1'
compiling app_linewalking.c...
compiling bsp_timer.c...
linking...
Program Size: Code=10124 RO-data=268 RW-data=80 ZI-data=1224  
FromELF: creating hex file...
".\output\TB6612FNG.axf" - 0 Error(s), 0 Warning(s).
Load "G:\\资料发布\\BST_4WD_STM32\\5.程序源码\\6、小车巡线实验\\code\\STM32四驱车运动库函数版本\\output\\TB6612FNG.AXF" 
Set JLink Project File to "G:\资料发布\BST_4WD_STM32\5.程序源码\6、小车巡线实验\code\STM32四驱车运动库函数版本\JLinkSettings.ini"
 
JLink info:
------------
DLL: V4.15n, compiled Jun 18 2010 19:55:09
Firmware: J-Link ARM V8 compiled May 20 2010 17:07:46
Hardware: V8.00
S/N : 805306163 
Feature(s) : RDI,FlashDL,FlashBP,JFlash,GDBFull 
 
* JLink Info: Found SWD-DP with ID 0x1BA01477
* JLink Info: TPIU fitted.
* JLink Info:   FPUnit: 6 code (BP) slots and 2 literal slots
ROMTableAddr = 0xE00FF003
 
Target info:
------------
Device: STM32F103C8
VTarget = 3.293V
State of Pins: 
TCK: 0, TDI: 0, TDO: 0, TMS: 0, TRES: 1, TRST: 1
* JLink Info: Found SWD-DP with ID 0x1BA01477
* JLink Info: TPIU fitted.
* JLink Info:   FPUnit: 6 code (BP) slots and 2 literal slots
Hardware-Breakpoints: 6
Software-Breakpoints: 2048
Watchpoints:          4
JTAG speed: 1000 kHz
 
Erase Done.
Programming Done.
Verify OK.
* JLink Info: Found SWD-DP with ID 0x1BA01477
* JLink Info: TPIU fitted.
* JLink Info:   FPUnit: 6 code (BP) slots and 2 literal slots
Application running ...
