<html>
<body>
<pre>
<h1>礦ision Build Log</h1>
<h2>Tool Versions:</h2>
IDE-Version: μVision V5.24.2.0
Copyright (C) 2017 ARM Ltd and ARM Germany GmbH. All rights reserved.
License Information: Li sandy, ll, LIC=SDA0P-M46QB-56XQ2-9SXMQ-WUZXV-5R41T
 
Tool Versions:
Toolchain:       MDK-ARM Plus  Version: 5.24.1
Toolchain Path:  D:\Keil5\ARM\ARMCC\Bin
C Compiler:      Armcc.exe V5.06 update 5 (build 528)
Assembler:       Armasm.exe V5.06 update 5 (build 528)
Linker/Locator:  ArmLink.exe V5.06 update 5 (build 528)
Library Manager: ArmAr.exe V5.06 update 5 (build 528)
Hex Converter:   FromElf.exe V5.06 update 5 (build 528)
CPU DLL:         SARMCM3.DLL V5.24.1
Dialog DLL:      DCM.DLL V1.16.0.0
Target DLL:      STLink\ST-LINKIII-KEIL_SWO.dll V3.0.1.0
Dialog DLL:      TCM.DLL V1.32.0.0
 
<h2>Project:</h2>
C:\Users\24356\Desktop\H题代码(STM32)\Project.uvprojx
Project File Date:  12/06/2025

<h2>Output:</h2>
*** Using Compiler 'V5.06 update 5 (build 528)', folder: 'D:\Keil5\ARM\ARMCC\Bin'
Rebuild target 'Target 1'
assembling startup_stm32f10x_md.s...
compiling core_cm3.c...
compiling Delay.c...
compiling system_stm32f10x.c...
compiling misc.c...
compiling stm32f10x_bkp.c...
compiling stm32f10x_adc.c...
compiling stm32f10x_can.c...
compiling stm32f10x_cec.c...
compiling stm32f10x_crc.c...
compiling stm32f10x_dac.c...
compiling stm32f10x_dma.c...
compiling stm32f10x_dbgmcu.c...
compiling stm32f10x_exti.c...
compiling stm32f10x_flash.c...
compiling stm32f10x_fsmc.c...
compiling stm32f10x_gpio.c...
compiling stm32f10x_pwr.c...
compiling stm32f10x_i2c.c...
compiling stm32f10x_iwdg.c...
compiling stm32f10x_rcc.c...
compiling stm32f10x_rtc.c...
compiling stm32f10x_sdio.c...
compiling stm32f10x_spi.c...
compiling stm32f10x_wwdg.c...
compiling Key.c...
compiling stm32f10x_usart.c...
compiling stm32f10x_tim.c...
compiling OLED.c...
compiling Encoder.c...
compiling PID.c...
compiling Motor.c...
Hardware\Motor.c(141): warning:  #1-D: last line of file ends without a newline
  }
Hardware\Motor.c: 1 warning, 0 errors
compiling Serial.c...
compiling Timer.c...
compiling Track.c...
compiling Buzzer.c...
compiling Servor.c...
compiling main.c...
compiling stm32f10x_it.c...
compiling mpuiic.c...
compiling mpu6050.c...
app\MPU6050\mpu6050.c(22): warning:  #223-D: function "MPU_IIC_Init" declared implicitly
      MPU_IIC_Init();
app\MPU6050\mpu6050.c(132): warning:  #223-D: function "MPU_IIC_Start" declared implicitly
      MPU_IIC_Start();
app\MPU6050\mpu6050.c(133): warning:  #223-D: function "MPU_IIC_Send_Byte" declared implicitly
      MPU_IIC_Send_Byte((addr << 1) | 0x00);  // 发送器件地址和写标志位
app\MPU6050\mpu6050.c(134): warning:  #223-D: function "MPU_IIC_Wait_Ack" declared implicitly
      if (MPU_IIC_Wait_Ack())    // 等待ACK应答
app\MPU6050\mpu6050.c(136): warning:  #223-D: function "MPU_IIC_Stop" declared implicitly
          MPU_IIC_Stop();
app\MPU6050\mpu6050.c(140): warning:  #223-D: function "MPU_IIC_Wait_Ack" declared implicitly
      MPU_IIC_Wait_Ack();
app\MPU6050\mpu6050.c(146): warning:  #223-D: function "MPU_IIC_Stop" declared implicitly
              MPU_IIC_Stop();
app\MPU6050\mpu6050.c(150): warning:  #223-D: function "MPU_IIC_Stop" declared implicitly
      MPU_IIC_Stop();
app\MPU6050\mpu6050.c(165): warning:  #223-D: function "MPU_IIC_Start" declared implicitly
      MPU_IIC_Start();
app\MPU6050\mpu6050.c(166): warning:  #223-D: function "MPU_IIC_Send_Byte" declared implicitly
      MPU_IIC_Send_Byte((addr << 1) | 0x00);   // 发送器件地址和写标志位（先写入要读取的寄存器地址）
app\MPU6050\mpu6050.c(167): warning:  #223-D: function "MPU_IIC_Wait_Ack" declared implicitly
      if (MPU_IIC_Wait_Ack())
app\MPU6050\mpu6050.c(169): warning:  #223-D: function "MPU_IIC_Stop" declared implicitly
          MPU_IIC_Stop();
app\MPU6050\mpu6050.c(173): warning:  #223-D: function "MPU_IIC_Wait_Ack" declared implicitly
      MPU_IIC_Wait_Ack();
app\MPU6050\mpu6050.c(180): warning:  #223-D: function "MPU_IIC_Read_Byte" declared implicitly
              *buf = MPU_IIC_Read_Byte(0);    // 读最后一个字节，发送NACK
app\MPU6050\mpu6050.c(182): warning:  #223-D: function "MPU_IIC_Read_Byte" declared implicitly
              *buf = MPU_IIC_Read_Byte(1);    // 读下一个字节，发送ACK
app\MPU6050\mpu6050.c(186): warning:  #223-D: function "MPU_IIC_Stop" declared implicitly
      MPU_IIC_Stop();
app\MPU6050\mpu6050.c(164): warning:  #177-D: variable "i"  was declared but never referenced
      u8 i;
app\MPU6050\mpu6050.c(199): warning:  #223-D: function "MPU_IIC_Start" declared implicitly
      MPU_IIC_Start();
app\MPU6050\mpu6050.c(200): warning:  #223-D: function "MPU_IIC_Send_Byte" declared implicitly
      MPU_IIC_Send_Byte((MPU_ADDR << 1) | 0x00);  // 发送器件地址和写标志位
app\MPU6050\mpu6050.c(201): warning:  #223-D: function "MPU_IIC_Wait_Ack" declared implicitly
      res = MPU_IIC_Wait_Ack();
app\MPU6050\mpu6050.c(202): warning:  #223-D: function "MPU_IIC_Stop" declared implicitly
      if (res) { MPU_IIC_Stop(); return 1; }
app\MPU6050\mpu6050.c(208): warning:  #223-D: function "MPU_IIC_Stop" declared implicitly
          MPU_IIC_Stop();
app\MPU6050\mpu6050.c(211): warning:  #223-D: function "MPU_IIC_Stop" declared implicitly
      MPU_IIC_Stop();
app\MPU6050\mpu6050.c(223): warning:  #223-D: function "MPU_IIC_Start" declared implicitly
      MPU_IIC_Start();
app\MPU6050\mpu6050.c(224): warning:  #223-D: function "MPU_IIC_Send_Byte" declared implicitly
      MPU_IIC_Send_Byte((MPU_ADDR << 1) | 0x00);  // 发送器件地址和写标志位
app\MPU6050\mpu6050.c(225): warning:  #223-D: function "MPU_IIC_Wait_Ack" declared implicitly
      MPU_IIC_Wait_Ack();
app\MPU6050\mpu6050.c(231): warning:  #223-D: function "MPU_IIC_Read_Byte" declared implicitly
      res = MPU_IIC_Read_Byte(0);  // 读取数据，发送NACK表示结束
app\MPU6050\mpu6050.c(232): warning:  #223-D: function "MPU_IIC_Stop" declared implicitly
      MPU_IIC_Stop();
app\MPU6050\mpu6050.c: 28 warnings, 0 errors
compiling inv_mpu.c...
app\MPU6050\eMPL\inv_mpu.c(2958): warning:  #223-D: function "MPU_IIC_Init" declared implicitly
  	MPU_IIC_Init(); 	//初始化IIC总线
app\MPU6050\eMPL\inv_mpu.c: 1 warning, 0 errors
compiling inv_mpu_dmp_motion_driver.c...
compiling sys.c...
linking...
Program Size: Code=5056 RO-data=1808 RW-data=40 ZI-data=1832  
FromELF: creating hex file...
".\Objects\Project.axf" - 0 Error(s), 30 Warning(s).

<h2>Software Packages used:</h2>

Package Vendor: Keil
                http://www.keil.com/pack/Keil.STM32F1xx_DFP.2.2.0.pack
                Keil.STM32F1xx_DFP.2.2.0
                STMicroelectronics STM32F1 Series Device Support, Drivers and Examples

<h2>Collection of Component include folders:</h2>
  .\RTE\_Target_1
  D:\Keil5\ARM\PACK\Keil\STM32F1xx_DFP\2.2.0\Device\Include

<h2>Collection of Component Files used:</h2>
Build Time Elapsed:  00:00:04
</pre>
</body>
</html>
